<html>
<body>
<pre>
<h1>礦ision Build Log</h1>
<h2>Tool Versions:</h2>
IDE-Version: μVision V5.14.0.0
Copyright (C) 2015 ARM Ltd and ARM Germany GmbH. All rights reserved.
License Information: a aa, a, LIC=AK1Y8-3DWBU-ZCAJY-IWQ1A-UUXXE-RV4HW
 
Tool Versions:
Toolchain:       MDK-ARM Professional  Version: 5.14.0.0
Toolchain Path:  C:\Keil_v5\ARM\ARMCC\Bin
C Compiler:      Armcc.exe V5.05 update 1 (build 106)
Assembler:       Armasm.exe V5.05 update 1 (build 106)
Linker/Locator:  ArmLink.exe V5.05 update 1 (build 106)
Library Manager: ArmAr.exe V5.05 update 1 (build 106)
Hex Converter:   FromElf.exe V5.05 update 1 (build 106)
CPU DLL:         SARMCM3.DLL V5.14.0.0
Dialog DLL:      DCM.DLL V1.13.1.0
Target DLL:      STLink\ST-LINKIII-KEIL_SWO.dll V2.0.14.0_KEIL
Dialog DLL:      TCM.DLL V1.14.4.0
 
<h2>Project:</h2>
G:\work\stm32\STM32F429_Study_Files\阿波罗STM32F429 资料盘(A盘)\4，程序源码\2，标准例程-HAL库版本\实验15 USMART调试试验\USER\USMART.uvprojx
Project File Date:  03/05/2017

<h2>Output:</h2>
Build target 'USMART'
compiling main.c...
compiling led.c...
linking...
Program Size: Code=27798 RO-data=19898 RW-data=532 ZI-data=2050308  
FromELF: creating hex file...
"..\OBJ\USMART.axf" - 0 Error(s), 0 Warning(s).

<h2>Collection of Component include folders:</h2>
  G:\work\stm32\STM32F429_Study_Files\阿波罗STM32F429 资料盘(A盘)\4，程序源码\2，标准例程-HAL库版本\实验15 USMART调试试验\USER\RTE
  C:\Keil_v5\ARM\PACK\Keil\STM32F4xx_DFP\2.9.0

<h2>Collection of Component Files used:</h2>
</pre>
</body>
</html>
