Component: ARM Compiler 5.05 update 1 (build 106) Tool: armlink [4d0efa]

==============================================================================

Section Cross References

    main.o(i.main) refers to _printf_percent.o(.ARM.Collect$$_printf_percent$$00000000) for _printf_percent
    main.o(i.main) refers to _printf_i.o(.ARM.Collect$$_printf_percent$$00000008) for _printf_i
    main.o(i.main) refers to _printf_dec.o(.text) for _printf_int_dec
    main.o(i.main) refers to _printf_d.o(.ARM.Collect$$_printf_percent$$00000009) for _printf_d
    main.o(i.main) refers to stm32f4xx_hal.o(i.HAL_Init) for HAL_Init
    main.o(i.main) refers to sys.o(i.Stm32_Clock_Init) for Stm32_Clock_Init
    main.o(i.main) refers to delay.o(i.delay_init) for delay_init
    main.o(i.main) refers to usart.o(i.uart_init) for uart_init
    main.o(i.main) refers to led.o(i.LED_Init) for LED_Init
    main.o(i.main) refers to key.o(i.KEY_Init) for KEY_Init
    main.o(i.main) refers to sdram.o(i.SDRAM_Init) for SDRAM_Init
    main.o(i.main) refers to lcd.o(i.LCD_Init) for LCD_Init
    main.o(i.main) refers to lcd.o(i.LCD_ShowString) for LCD_ShowString
    main.o(i.main) refers to rtc.o(i.RTC_Init) for RTC_Init
    main.o(i.main) refers to noretval__2printf.o(.text) for __2printf
    main.o(i.main) refers to rtc.o(i.RTC_SetAlarm_A) for RTC_SetAlarm_A
    main.o(i.main) refers to rng.o(i.RNG_Init) for RNG_Init
    main.o(i.main) refers to pwr.o(i.sleep_mode_init) for sleep_mode_init
    main.o(i.main) refers to rtc.o(i.RTC_read_Time) for RTC_read_Time
    main.o(i.main) refers to rtc.o(i.RTC_read_Date) for RTC_read_Date
    main.o(i.main) refers to rng.o(i.RNG_GetRangeRandom) for RNG_GetRangeRandom
    main.o(i.main) refers to delay.o(i.delay_ms) for delay_ms
    main.o(i.main) refers to usmart_config.o(.data) for usmart_dev
    main.o(i.main) refers to lcd.o(.data) for POINT_COLOR
    main.o(i.main) refers to rtc.o(.data) for RTC_GetTime
    stm32f4xx_it.o(i.SysTick_Handler) refers to stm32f4xx_hal.o(i.HAL_IncTick) for HAL_IncTick
    system_stm32f4xx.o(i.SystemCoreClockUpdate) refers to system_stm32f4xx.o(.data) for .data
    startup_stm32f429xx.o(STACK) refers (Special) to heapauxi.o(.text) for __use_two_region_memory
    startup_stm32f429xx.o(HEAP) refers (Special) to heapauxi.o(.text) for __use_two_region_memory
    startup_stm32f429xx.o(RESET) refers (Special) to heapauxi.o(.text) for __use_two_region_memory
    startup_stm32f429xx.o(RESET) refers to startup_stm32f429xx.o(STACK) for __initial_sp
    startup_stm32f429xx.o(RESET) refers to startup_stm32f429xx.o(.text) for Reset_Handler
    startup_stm32f429xx.o(RESET) refers to stm32f4xx_it.o(i.NMI_Handler) for NMI_Handler
    startup_stm32f429xx.o(RESET) refers to stm32f4xx_it.o(i.HardFault_Handler) for HardFault_Handler
    startup_stm32f429xx.o(RESET) refers to stm32f4xx_it.o(i.MemManage_Handler) for MemManage_Handler
    startup_stm32f429xx.o(RESET) refers to stm32f4xx_it.o(i.BusFault_Handler) for BusFault_Handler
    startup_stm32f429xx.o(RESET) refers to stm32f4xx_it.o(i.UsageFault_Handler) for UsageFault_Handler
    startup_stm32f429xx.o(RESET) refers to stm32f4xx_it.o(i.SVC_Handler) for SVC_Handler
    startup_stm32f429xx.o(RESET) refers to stm32f4xx_it.o(i.DebugMon_Handler) for DebugMon_Handler
    startup_stm32f429xx.o(RESET) refers to stm32f4xx_it.o(i.PendSV_Handler) for PendSV_Handler
    startup_stm32f429xx.o(RESET) refers to stm32f4xx_it.o(i.SysTick_Handler) for SysTick_Handler
    startup_stm32f429xx.o(RESET) refers to pwr.o(i.EXTI3_IRQHandler) for EXTI3_IRQHandler
    startup_stm32f429xx.o(RESET) refers to usmart.o(i.TIM4_IRQHandler) for TIM4_IRQHandler
    startup_stm32f429xx.o(RESET) refers to usart.o(i.USART1_IRQHandler) for USART1_IRQHandler
    startup_stm32f429xx.o(RESET) refers to rtc.o(i.RTC_Alarm_IRQHandler) for RTC_Alarm_IRQHandler
    startup_stm32f429xx.o(.text) refers (Special) to heapauxi.o(.text) for __use_two_region_memory
    startup_stm32f429xx.o(.text) refers to system_stm32f4xx.o(i.SystemInit) for SystemInit
    startup_stm32f429xx.o(.text) refers to __main.o(!!!main) for __main
    startup_stm32f429xx.o(.text) refers to startup_stm32f429xx.o(HEAP) for Heap_Mem
    startup_stm32f429xx.o(.text) refers to startup_stm32f429xx.o(STACK) for Stack_Mem
    stm32f4xx_hal.o(i.HAL_DeInit) refers to stm32f4xx_hal.o(i.HAL_MspDeInit) for HAL_MspDeInit
    stm32f4xx_hal.o(i.HAL_Delay) refers to stm32f4xx_hal.o(i.HAL_GetTick) for HAL_GetTick
    stm32f4xx_hal.o(i.HAL_GetTick) refers to stm32f4xx_hal.o(.data) for .data
    stm32f4xx_hal.o(i.HAL_IncTick) refers to stm32f4xx_hal.o(.data) for .data
    stm32f4xx_hal.o(i.HAL_Init) refers to stm32f4xx_hal_cortex.o(i.HAL_NVIC_SetPriorityGrouping) for HAL_NVIC_SetPriorityGrouping
    stm32f4xx_hal.o(i.HAL_Init) refers to stm32f4xx_hal.o(i.HAL_InitTick) for HAL_InitTick
    stm32f4xx_hal.o(i.HAL_Init) refers to stm32f4xx_hal.o(i.HAL_MspInit) for HAL_MspInit
[...]
    i.LCD_WriteRAM_Prepare                   0x080050b4   Section        0  lcd.o(i.LCD_WriteRAM_Prepare)
    i.LCD_WriteReg                           0x080050c8   Section        0  lcd.o(i.LCD_WriteReg)
    i.LED_0_Ctrl                             0x080050d8   Section        0  led.o(i.LED_0_Ctrl)
    i.LED_1_Ctrl                             0x080050ec   Section        0  led.o(i.LED_1_Ctrl)
    i.LED_Init                               0x08005100   Section        0  led.o(i.LED_Init)
    i.LTDC_Clear                             0x0800514c   Section        0  ltdc.o(i.LTDC_Clear)
    i.LTDC_Clk_Set                           0x0800516c   Section        0  ltdc.o(i.LTDC_Clk_Set)
    i.LTDC_Display_Dir                       0x0800518c   Section        0  ltdc.o(i.LTDC_Display_Dir)
    i.LTDC_Draw_Point                        0x080051b4   Section        0  ltdc.o(i.LTDC_Draw_Point)
    i.LTDC_Fill                              0x080051f0   Section        0  ltdc.o(i.LTDC_Fill)
    i.LTDC_Init                              0x080052a4   Section        0  ltdc.o(i.LTDC_Init)
    i.LTDC_Layer_Parameter_Config            0x0800548c   Section        0  ltdc.o(i.LTDC_Layer_Parameter_Config)
    i.LTDC_Layer_Window_Config               0x080054e8   Section        0  ltdc.o(i.LTDC_Layer_Window_Config)
    i.LTDC_PanelID_Read                      0x0800550c   Section        0  ltdc.o(i.LTDC_PanelID_Read)
    i.LTDC_SetConfig                         0x080055c4   Section        0  stm32f4xx_hal_ltdc.o(i.LTDC_SetConfig)
    LTDC_SetConfig                           0x080055c5   Thumb Code   354  stm32f4xx_hal_ltdc.o(i.LTDC_SetConfig)
    i.MemManage_Handler                      0x08005726   Section        0  stm32f4xx_it.o(i.MemManage_Handler)
    i.NMI_Handler                            0x08005728   Section        0  stm32f4xx_it.o(i.NMI_Handler)
    i.NVIC_SetPriority                       0x0800572a   Section        0  stm32f4xx_hal_cortex.o(i.NVIC_SetPriority)
    NVIC_SetPriority                         0x0800572b   Thumb Code    32  stm32f4xx_hal_cortex.o(i.NVIC_SetPriority)
    i.PWR_goto_standby_mode                  0x0800574c   Section        0  pwr.o(i.PWR_goto_standby_mode)
    i.PendSV_Handler                         0x080057f4   Section        0  stm32f4xx_it.o(i.PendSV_Handler)
    i.RNG_GetRandom                          0x080057f8   Section        0  rng.o(i.RNG_GetRandom)
    i.RNG_GetRangeRandom                     0x08005820   Section        0  rng.o(i.RNG_GetRangeRandom)
    i.RNG_Init                               0x0800583c   Section        0  rng.o(i.RNG_Init)
    i.RTC_Alarm_IRQHandler                   0x08005864   Section        0  rtc.o(i.RTC_Alarm_IRQHandler)
    i.RTC_Bcd2ToByte                         0x08005870   Section        0  stm32f4xx_hal_rtc.o(i.RTC_Bcd2ToByte)
    i.RTC_ByteToBcd2                         0x08005882   Section        0  stm32f4xx_hal_rtc.o(i.RTC_ByteToBcd2)
    i.RTC_EnterInitMode                      0x08005898   Section        0  stm32f4xx_hal_rtc.o(i.RTC_EnterInitMode)
    i.RTC_Init                               0x080058d0   Section        0  rtc.o(i.RTC_Init)
    i.RTC_SetAlarm_A                         0x08005934   Section        0  rtc.o(i.RTC_SetAlarm_A)
    i.RTC_read_Date                          0x08005994   Section        0  rtc.o(i.RTC_read_Date)
    i.RTC_read_Time                          0x080059c4   Section        0  rtc.o(i.RTC_read_Time)
    i.RTC_setDate                            0x080059f4   Section        0  rtc.o(i.RTC_setDate)
    i.RTC_setTime                            0x08005a14   Section        0  rtc.o(i.RTC_setTime)
    i.SDRAM_Init                             0x08005a34   Section        0  sdram.o(i.SDRAM_Init)
    i.SDRAM_Initialization_Sequence          0x08005a94   Section        0  sdram.o(i.SDRAM_Initialization_Sequence)
    i.SDRAM_Send_Cmd                         0x08005ae4   Section        0  sdram.o(i.SDRAM_Send_Cmd)
    i.SVC_Handler                            0x08005b18   Section        0  stm32f4xx_it.o(i.SVC_Handler)
    i.Stm32_Clock_Init                       0x08005b1c   Section        0  sys.o(i.Stm32_Clock_Init)
    i.SysTick_Handler                        0x08005ba0   Section        0  stm32f4xx_it.o(i.SysTick_Handler)
    i.SystemInit                             0x08005ba4   Section        0  system_stm32f4xx.o(i.SystemInit)
    i.TIM4_IRQHandler                        0x08005bf8   Section        0  usmart.o(i.TIM4_IRQHandler)
    i.TIM_Base_SetConfig                     0x08005c2c   Section        0  stm32f4xx_hal_tim.o(i.TIM_Base_SetConfig)
    i.Timer4_Init                            0x08005cec   Section        0  usmart.o(i.Timer4_Init)
    i.UART_Receive_IT                        0x08005d40   Section        0  stm32f4xx_hal_uart.o(i.UART_Receive_IT)
    UART_Receive_IT                          0x08005d41   Thumb Code   166  stm32f4xx_hal_uart.o(i.UART_Receive_IT)
    i.UART_SetConfig                         0x08005de8   Section        0  stm32f4xx_hal_uart.o(i.UART_SetConfig)
    UART_SetConfig                           0x08005de9   Thumb Code   364  stm32f4xx_hal_uart.o(i.UART_SetConfig)
    i.UART_Transmit_IT                       0x08005f5c   Section        0  stm32f4xx_hal_uart.o(i.UART_Transmit_IT)
    UART_Transmit_IT                         0x08005f5d   Thumb Code   102  stm32f4xx_hal_uart.o(i.UART_Transmit_IT)
    i.UART_WaitOnFlagUntilTimeout            0x08005fc2   Section        0  stm32f4xx_hal_uart.o(i.UART_WaitOnFlagUntilTimeout)
    UART_WaitOnFlagUntilTimeout              0x08005fc3   Thumb Code   146  stm32f4xx_hal_uart.o(i.UART_WaitOnFlagUntilTimeout)
    i.USART1_IRQHandler                      0x08006054   Section        0  usart.o(i.USART1_IRQHandler)
    i.UsageFault_Handler                     0x080060c0   Section        0  stm32f4xx_it.o(i.UsageFault_Handler)
    i._is_digit                              0x080060c2   Section        0  __printf_wp.o(i._is_digit)
    i._sys_exit                              0x080060d0   Section        0  usart.o(i._sys_exit)
    i.delay_init                             0x080060d4   Section        0  delay.o(i.delay_init)
    i.delay_ms                               0x080060e8   Section        0  delay.o(i.delay_ms)
    i.delay_us                               0x08006104   Section        0  delay.o(i.delay_us)
    i.fputc                                  0x08006138   Section        0  usart.o(i.fputc)
    i.main                                   0x0800614c   Section        0  main.o(i.main)
    i.read_addr                              0x0800635c   Section        0  usmart.o(i.read_addr)
    i.sleep_mode_init                        0x08006360   Section        0  pwr.o(i.sleep_mode_init)
    i.uart_init                              0x080063b0   Section        0  usart.o(i.uart_init)
    i.usmart_cmd_rec                         0x080063d4   Section        0  usmart.o(i.usmart_cmd_rec)
    i.usmart_exe                             0x08006468   Section        0  usmart.o(i.usmart_exe)
    i.usmart_get_aparm                       0x080066c8   Section        0  usmart_str.o(i.usmart_get_aparm)
    i.usmart_get_cmdname                     0x0800676c   Section        0  usmart_str.o(i.usmart_get_cmdname)
    i.usmart_get_fname                       0x0800679c   Section        0  usmart_str.o(i.usmart_get_fname)
    i.usmart_get_fparam                      0x08006904   Section        0  usmart_str.o(i.usmart_get_fparam)
    i.usmart_get_parmpos                     0x080069d4   Section        0  usmart_str.o(i.usmart_get_parmpos)
    i.usmart_get_runtime                     0x080069f8   Section        0  usmart.o(i.usmart_get_runtime)
    i.usmart_init                            0x08006a28   Section        0  usmart.o(i.usmart_init)
    i.usmart_pow                             0x08006a50   Section        0  usmart_str.o(i.usmart_pow)
    i.usmart_reset_runtime                   0x08006a60   Section        0  usmart.o(i.usmart_reset_runtime)
    i.usmart_scan                            0x08006a88   Section        0  usmart.o(i.usmart_scan)
    i.usmart_search_nextc                    0x08006b2c   Section        0  usmart_str.o(i.usmart_search_nextc)
    i.usmart_str2num                         0x08006b3c   Section        0  usmart_str.o(i.usmart_str2num)
    i.usmart_strcmp                          0x08006c12   Section        0  usmart_str.o(i.usmart_strcmp)
    i.usmart_strcopy                         0x08006c2a   Section        0  usmart_str.o(i.usmart_strcopy)
    i.usmart_strlen                          0x08006c3c   Section        0  usmart_str.o(i.usmart_strlen)
    i.usmart_sys_cmd_exe                     0x08006c50   Section        0  usmart.o(i.usmart_sys_cmd_exe)
    i.write_addr                             0x080072d0   Section        0  usmart.o(i.write_addr)
    x$fpl$dfixu                              0x080072d4   Section       90  dfixu.o(x$fpl$dfixu)
    $v0                                      0x080072d4   Number         0  dfixu.o(x$fpl$dfixu)
    x$fpl$dfltu                              0x0800732e   Section       38  dflt_clz.o(x$fpl$dfltu)
    $v0                                      0x0800732e   Number         0  dflt_clz.o(x$fpl$dfltu)
    x$fpl$dmul                               0x08007354   Section      340  dmul.o(x$fpl$dmul)
    $v0                                      0x08007354   Number         0  dmul.o(x$fpl$dmul)
    x$fpl$dnaninf                            0x080074a8   Section      156  dnaninf.o(x$fpl$dnaninf)
    $v0                                      0x080074a8   Number         0  dnaninf.o(x$fpl$dnaninf)
    x$fpl$dretinf                            0x08007544   Section       12  dretinf.o(x$fpl$dretinf)
    $v0                                      0x08007544   Number         0  dretinf.o(x$fpl$dretinf)
    x$fpl$fpinit                             0x08007550   Section       10  fpinit.o(x$fpl$fpinit)
    $v0                                      0x08007550   Number         0  fpinit.o(x$fpl$fpinit)
    .constdata                               0x0800755a   Section       16  stm32f4xx_hal_rcc.o(.constdata)
    x$fpl$usenofp                            0x0800755a   Section        0  usenofp.o(x$fpl$usenofp)
    .constdata                               0x0800756a   Section    18240  lcd.o(.constdata)
    .constdata                               0x0800bcaa   Section       40  _printf_hex_int.o(.constdata)
    uc_hextab                                0x0800bcaa   Data          20  _printf_hex_int.o(.constdata)
    lc_hextab                                0x0800bcbe   Data          20  _printf_hex_int.o(.constdata)
    .constdata                               0x0800bcd2   Section       17  __printf_flags_ss_wp.o(.constdata)
    maptable                                 0x0800bcd2   Data          17  __printf_flags_ss_wp.o(.constdata)
    .conststring                             0x0800bce4   Section       40  usmart.o(.conststring)
    .conststring                             0x0800bd0c   Section      282  usmart_config.o(.conststring)
    .data                                    0x20000000   Section       20  system_stm32f4xx.o(.data)
    .data                                    0x20000014   Section        4  stm32f4xx_hal.o(.data)
    uwTick                                   0x20000014   Data           4  stm32f4xx_hal.o(.data)
    .data                                    0x20000018   Section        4  delay.o(.data)
    fac_us                                   0x20000018   Data           4  delay.o(.data)
    .data                                    0x2000001c   Section        2  usart.o(.data)
    .data                                    0x20000020   Section        4  usart.o(.data)
    .data                                    0x20000024   Section        8  lcd.o(.data)
    .data                                    0x2000002c   Section        8  ltdc.o(.data)
    .data                                    0x20000034   Section       11  rtc.o(.data)
    .data                                    0x20000040   Section        4  rng.o(.data)
    .data                                    0x20000044   Section       28  usmart.o(.data)
    .data                                    0x20000060   Section       48  usmart_config.o(.data)
    .data                                    0x20000090   Section      244  usmart_config.o(.data)
    .bss                                     0x20000184   Section      264  usart.o(.bss)
    .bss                                     0x2000028c   Section       94  lcd.o(.bss)
    .bss                                     0x200002ec   Section       52  sdram.o(.bss)
    .bss                                     0x20000320   Section      200  ltdc.o(.bss)
    .bss                                     0x200003e8   Section       52  rtc.o(.bss)
    .bss                                     0x2000041c   Section       12  rng.o(.bss)
    .bss                                     0x20000428   Section       60  usmart.o(.bss)
    .bss                                     0x20000464   Section       96  libspace.o(.bss)
    HEAP                                     0x200004c8   Section      512  startup_stm32f429xx.o(HEAP)
    Heap_Mem                                 0x200004c8   Data         512  startup_stm32f429xx.o(HEAP)
    STACK                                    0x200006c8   Section     1024  startup_stm32f429xx.o(STACK)
    Stack_Mem                                0x200006c8   Data        1024  startup_stm32f429xx.o(STACK)
    __initial_sp                             0x20000ac8   Data           0  startup_stm32f429xx.o(STACK)
    .ARM.__AT_0xC0000000                     0xc0000000   Section    2048000  ltdc.o(.ARM.__AT_0xC0000000)

    Global Symbols

    Symbol Name                              Value     Ov Type        Size  Object(Section)

    BuildAttributes$$THM_ISAv4$E$P$D$K$B$S$7EM$VFPi3$EXTD16$VFPS$VFMA$PE$A:L22UL41UL21$X:L11$S22US41US21$IEEE1$IW$USESV6$~STKCKD$USESV7$~SHL$OSPACE$ROPI$EBA8$UX$STANDARDLIB$REQ8$PRES8$EABIv2 0x00000000   Number         0  anon$$obj.o ABSOLUTE
    __ARM_use_no_argv                        0x00000000   Number         0  main.o ABSOLUTE
    _printf_flags                            0x00000000   Number         0  printf_stubs.o ABSOLUTE
    _printf_return_value                     0x00000000   Number         0  printf_stubs.o ABSOLUTE
    _printf_sizespec                         0x00000000   Number         0  printf_stubs.o ABSOLUTE
    _printf_widthprec                        0x00000000   Number         0  printf_stubs.o ABSOLUTE
    __ARM_exceptions_init                     - Undefined Weak Reference
    __alloca_initialize                       - Undefined Weak Reference
    __arm_preinit_                            - Undefined Weak Reference
    __cpp_initialize__aeabi_                  - Undefined Weak Reference
    __cxa_finalize                            - Undefined Weak Reference
    __rt_locale                               - Undefined Weak Reference
    __sigvec_lookup                           - Undefined Weak Reference
    _atexit_init                              - Undefined Weak Reference
    _call_atexit_fns                          - Undefined Weak Reference
    _clock_init                               - Undefined Weak Reference
    _fp_trap_init                             - Undefined Weak Reference
    _fp_trap_shutdown                         - Undefined Weak Reference
    _get_lc_collate                           - Undefined Weak Reference
    _get_lc_ctype                             - Undefined Weak Reference
    _get_lc_monetary                          - Undefined Weak Reference
    _get_lc_numeric                           - Undefined Weak Reference
    _get_lc_time                              - Undefined Weak Reference
    _getenv_init                              - Undefined Weak Reference
    _handle_redirection                       - Undefined Weak Reference
    _init_alloc                               - Undefined Weak Reference
    _init_user_alloc                          - Undefined Weak Reference
    _initio                                   - Undefined Weak Reference
    _mutex_acquire                            - Undefined Weak Reference
    _mutex_release                            - Undefined Weak Reference
    _printf_mbtowc                            - Undefined Weak Reference
    _printf_truncate_signed                   - Undefined Weak Reference
    _printf_truncate_unsigned                 - Undefined Weak Reference
    _rand_init                                - Undefined Weak Reference
    _signal_finish                            - Undefined Weak Reference
    _signal_init                              - Undefined Weak Reference
    _terminate_alloc                          - Undefined Weak Reference
    _terminate_user_alloc                     - Undefined Weak Reference
    _terminateio                              - Undefined Weak Reference
    __Vectors_Size                           0x000001ac   Number         0  startup_stm32f429xx.o ABSOLUTE
    __Vectors                                0x08000000   Data           4  startup_stm32f429xx.o(RESET)
    __Vectors_End                            0x080001ac   Data           0  startup_stm32f429xx.o(RESET)
    __main                                   0x080001ad   Thumb Code     8  __main.o(!!!main)
    __scatterload                            0x080001b5   Thumb Code     0  __scatter.o(!!!scatter)
    __scatterload_rt2                        0x080001b5   Thumb Code    44  __scatter.o(!!!scatter)
    __scatterload_rt2_thumb_only             0x080001b5   Thumb Code     0  __scatter.o(!!!scatter)
    __scatterload_null                       0x080001c3   Thumb Code     0  __scatter.o(!!!scatter)
    __decompress                             0x080001e9   Thumb Code    90  __dczerorl2.o(!!dczerorl2)
    __decompress1                            0x080001e9   Thumb Code     0  __dczerorl2.o(!!dczerorl2)
    __scatterload_zeroinit                   0x08000245   Thumb Code    28  __scatter_zi.o(!!handler_zi)
    _printf_i                                0x08000261   Thumb Code     0  _printf_i.o(.ARM.Collect$$_printf_percent$$00000008)
    _printf_percent                          0x08000261   Thumb Code     0  _printf_percent.o(.ARM.Collect$$_printf_percent$$00000000)
    _printf_d                                0x08000267   Thumb Code     0  _printf_d.o(.ARM.Collect$$_printf_percent$$00000009)
    _printf_u                                0x0800026d   Thumb Code     0  _printf_u.o(.ARM.Collect$$_printf_percent$$0000000A)
    _printf_x                                0x08000273   Thumb Code     0  _printf_x.o(.ARM.Collect$$_printf_percent$$0000000C)
    _printf_c                                0x08000279   Thumb Code     0  _printf_c.o(.ARM.Collect$$_printf_percent$$00000013)
    _printf_s                                0x0800027f   Thumb Code     0  _printf_s.o(.ARM.Collect$$_printf_percent$$00000014)
    _printf_percent_end                      0x08000285   Thumb Code     0  _printf_percent_end.o(.ARM.Collect$$_printf_percent$$00000017)
    __rt_lib_init                            0x08000289   Thumb Code     0  libinit.o(.ARM.Collect$$libinit$$00000000)
    __rt_lib_init_fp_1                       0x0800028b   Thumb Code     0  libinit2.o(.ARM.Collect$$libinit$$00000001)
    __rt_lib_init_alloca_1                   0x0800028f   Thumb Code     0  libinit2.o(.ARM.Collect$$libinit$$0000002E)
    __rt_lib_init_argv_1                     0x0800028f   Thumb Code     0  libinit2.o(.ARM.Collect$$libinit$$0000002C)
    __rt_lib_init_atexit_1                   0x0800028f   Thumb Code     0  libinit2.o(.ARM.Collect$$libinit$$0000001B)
    __rt_lib_init_clock_1                    0x0800028f   Thumb Code     0  libinit2.o(.ARM.Collect$$libinit$$00000021)
    __rt_lib_init_cpp_1                      0x0800028f   Thumb Code     0  libinit2.o(.ARM.Collect$$libinit$$00000032)
    __rt_lib_init_exceptions_1               0x0800028f   Thumb Code     0  libinit2.o(.ARM.Collect$$libinit$$00000030)
    __rt_lib_init_fp_trap_1                  0x0800028f   Thumb Code     0  libinit2.o(.ARM.Collect$$libinit$$0000001F)
    __rt_lib_init_getenv_1                   0x0800028f   Thumb Code     0  libinit2.o(.ARM.Collect$$libinit$$00000023)
    __rt_lib_init_heap_1                     0x0800028f   Thumb Code     0  libinit2.o(.ARM.Collect$$libinit$$0000000A)
    __rt_lib_init_lc_collate_1               0x0800028f   Thumb Code     0  libinit2.o(.ARM.Collect$$libinit$$00000011)
    __rt_lib_init_lc_ctype_1                 0x0800028f   Thumb Code     0  libinit2.o(.ARM.Collect$$libinit$$00000013)
    __rt_lib_init_lc_monetary_1              0x0800028f   Thumb Code     0  libinit2.o(.ARM.Collect$$libinit$$00000015)
    __rt_lib_init_lc_numeric_1               0x0800028f   Thumb Code     0  libinit2.o(.ARM.Collect$$libinit$$00000017)
    __rt_lib_init_lc_time_1                  0x0800028f   Thumb Code     0  libinit2.o(.ARM.Collect$$libinit$$00000019)
    __rt_lib_init_preinit_1                  0x0800028f   Thumb Code     0  libinit2.o(.ARM.Collect$$libinit$$00000004)
    __rt_lib_init_rand_1                     0x0800028f   Thumb Code     0  libinit2.o(.ARM.Collect$$libinit$$0000000E)
    __rt_lib_init_return                     0x0800028f   Thumb Code     0  libinit2.o(.ARM.Collect$$libinit$$00000033)
    __rt_lib_init_signal_1                   0x0800028f   Thumb Code     0  libinit2.o(.ARM.Collect$$libinit$$0000001D)
    __rt_lib_init_stdio_1                    0x0800028f   Thumb Code     0  libinit2.o(.ARM.Collect$$libinit$$00000025)
    __rt_lib_init_user_alloc_1               0x0800028f   Thumb Code     0  libinit2.o(.ARM.Collect$$libinit$$0000000C)
    __rt_lib_shutdown                        0x08000291   Thumb Code     0  libshutdown.o(.ARM.Collect$$libshutdown$$00000000)
    __rt_lib_shutdown_fp_trap_1              0x08000293   Thumb Code     0  libshutdown2.o(.ARM.Collect$$libshutdown$$00000006)
    __rt_lib_shutdown_heap_1                 0x08000293   Thumb Code     0  libshutdown2.o(.ARM.Collect$$libshutdown$$0000000E)
    __rt_lib_shutdown_return                 0x08000293   Thumb Code     0  libshutdown2.o(.ARM.Collect$$libshutdown$$0000000F)
    __rt_lib_shutdown_signal_1               0x08000293   Thumb Code     0  libshutdown2.o(.ARM.Collect$$libshutdown$$00000009)
    __rt_lib_shutdown_stdio_1                0x08000293   Thumb Code     0  libshutdown2.o(.ARM.Collect$$libshutdown$$00000003)
    __rt_lib_shutdown_user_alloc_1           0x08000293   Thumb Code     0  libshutdown2.o(.ARM.Collect$$libshutdown$$0000000B)
    __rt_entry                               0x08000295   Thumb Code     0  __rtentry.o(.ARM.Collect$$rtentry$$00000000)
    __rt_entry_presh_1                       0x08000295   Thumb Code     0  __rtentry2.o(.ARM.Collect$$rtentry$$00000002)
    __rt_entry_sh                            0x08000295   Thumb Code     0  __rtentry4.o(.ARM.Collect$$rtentry$$00000004)
    __rt_entry_li                            0x0800029b   Thumb Code     0  __rtentry2.o(.ARM.Collect$$rtentry$$0000000A)
    __rt_entry_postsh_1                      0x0800029b   Thumb Code     0  __rtentry2.o(.ARM.Collect$$rtentry$$00000009)
    __rt_entry_main                          0x0800029f   Thumb Code     0  __rtentry2.o(.ARM.Collect$$rtentry$$0000000D)
    __rt_entry_postli_1                      0x0800029f   Thumb Code     0  __rtentry2.o(.ARM.Collect$$rtentry$$0000000C)
    __rt_exit                                0x080002a7   Thumb Code     0  rtexit.o(.ARM.Collect$$rtexit$$00000000)
    __rt_exit_ls                             0x080002a9   Thumb Code     0  rtexit2.o(.ARM.Collect$$rtexit$$00000003)
    __rt_exit_prels_1                        0x080002a9   Thumb Code     0  rtexit2.o(.ARM.Collect$$rtexit$$00000002)
    __rt_exit_exit                           0x080002ad   Thumb Code     0  rtexit2.o(.ARM.Collect$$rtexit$$00000004)
    Reset_Handler                            0x080002b5   Thumb Code     8  startup_stm32f429xx.o(.text)
    ADC_IRQHandler                           0x080002cf   Thumb Code     0  startup_stm32f429xx.o(.text)
    CAN1_RX0_IRQHandler                      0x080002cf   Thumb Code     0  startup_stm32f429xx.o(.text)
    CAN1_RX1_IRQHandler                      0x080002cf   Thumb Code     0  startup_stm32f429xx.o(.text)
    CAN1_SCE_IRQHandler                      0x080002cf   Thumb Code     0  startup_stm32f429xx.o(.text)
    CAN1_TX_IRQHandler                       0x080002cf   Thumb Code     0  startup_stm32f429xx.o(.text)
    CAN2_RX0_IRQHandler                      0x080002cf   Thumb Code     0  startup_stm32f429xx.o(.text)
    CAN2_RX1_IRQHandler                      0x080002cf   Thumb Code     0  startup_stm32f429xx.o(.text)
    CAN2_SCE_IRQHandler                      0x080002cf   Thumb Code     0  startup_stm32f429xx.o(.text)
    CAN2_TX_IRQHandler                       0x080002cf   Thumb Code     0  startup_stm32f429xx.o(.text)
    DCMI_IRQHandler                          0x080002cf   Thumb Code     0  startup_stm32f429xx.o(.text)
    DMA1_Stream0_IRQHandler                  0x080002cf   Thumb Code     0  startup_stm32f429xx.o(.text)
    DMA1_Stream1_IRQHandler                  0x080002cf   Thumb Code     0  startup_stm32f429xx.o(.text)
    DMA1_Stream2_IRQHandler                  0x080002cf   Thumb Code     0  startup_stm32f429xx.o(.text)
    DMA1_Stream3_IRQHandler                  0x080002cf   Thumb Code     0  startup_stm32f429xx.o(.text)
    DMA1_Stream4_IRQHandler                  0x080002cf   Thumb Code     0  startup_stm32f429xx.o(.text)
    DMA1_Stream5_IRQHandler                  0x080002cf   Thumb Code     0  startup_stm32f429xx.o(.text)
    DMA1_Stream6_IRQHandler                  0x080002cf   Thumb Code     0  startup_stm32f429xx.o(.text)
    DMA1_Stream7_IRQHandler                  0x080002cf   Thumb Code     0  startup_stm32f429xx.o(.text)
    DMA2D_IRQHandler                         0x080002cf   Thumb Code     0  startup_stm32f429xx.o(.text)
    DMA2_Stream0_IRQHandler                  0x080002cf   Thumb Code     0  startup_stm32f429xx.o(.text)
    DMA2_Stream1_IRQHandler                  0x080002cf   Thumb Code     0  startup_stm32f429xx.o(.text)
    DMA2_Stream2_IRQHandler                  0x080002cf   Thumb Code     0  startup_stm32f429xx.o(.text)
    DMA2_Stream3_IRQHandler                  0x080002cf   Thumb Code     0  startup_stm32f429xx.o(.text)
    DMA2_Stream4_IRQHandler                  0x080002cf   Thumb Code     0  startup_stm32f429xx.o(.text)
    DMA2_Stream5_IRQHandler                  0x080002cf   Thumb Code     0  startup_stm32f429xx.o(.text)
    DMA2_Stream6_IRQHandler                  0x080002cf   Thumb Code     0  startup_stm32f429xx.o(.text)
    DMA2_Stream7_IRQHandler                  0x080002cf   Thumb Code     0  startup_stm32f429xx.o(.text)
    ETH_IRQHandler                           0x080002cf   Thumb Code     0  startup_stm32f429xx.o(.text)
    ETH_WKUP_IRQHandler                      0x080002cf   Thumb Code     0  startup_stm32f429xx.o(.text)
    EXTI0_IRQHandler                         0x080002cf   Thumb Code     0  startup_stm32f429xx.o(.text)
    EXTI15_10_IRQHandler                     0x080002cf   Thumb Code     0  startup_stm32f429xx.o(.text)
    EXTI1_IRQHandler                         0x080002cf   Thumb Code     0  startup_stm32f429xx.o(.text)
    EXTI2_IRQHandler                         0x080002cf   Thumb Code     0  startup_stm32f429xx.o(.text)
    EXTI4_IRQHandler                         0x080002cf   Thumb Code     0  startup_stm32f429xx.o(.text)
    EXTI9_5_IRQHandler                       0x080002cf   Thumb Code     0  startup_stm32f429xx.o(.text)
    FLASH_IRQHandler                         0x080002cf   Thumb Code     0  startup_stm32f429xx.o(.text)
    FMC_IRQHandler                           0x080002cf   Thumb Code     0  startup_stm32f429xx.o(.text)
    FPU_IRQHandler                           0x080002cf   Thumb Code     0  startup_stm32f429xx.o(.text)
    HASH_RNG_IRQHandler                      0x080002cf   Thumb Code     0  startup_stm32f429xx.o(.text)
    I2C1_ER_IRQHandler                       0x080002cf   Thumb Code     0  startup_stm32f429xx.o(.text)
    I2C1_EV_IRQHandler                       0x080002cf   Thumb Code     0  startup_stm32f429xx.o(.text)
    I2C2_ER_IRQHandler                       0x080002cf   Thumb Code     0  startup_stm32f429xx.o(.text)
    I2C2_EV_IRQHandler                       0x080002cf   Thumb Code     0  startup_stm32f429xx.o(.text)
    I2C3_ER_IRQHandler                       0x080002cf   Thumb Code     0  startup_stm32f429xx.o(.text)
    I2C3_EV_IRQHandler                       0x080002cf   Thumb Code     0  startup_stm32f429xx.o(.text)
    LTDC_ER_IRQHandler                       0x080002cf   Thumb Code     0  startup_stm32f429xx.o(.text)
    LTDC_IRQHandler                          0x080002cf   Thumb Code     0  startup_stm32f429xx.o(.text)
    OTG_FS_IRQHandler                        0x080002cf   Thumb Code     0  startup_stm32f429xx.o(.text)
    OTG_FS_WKUP_IRQHandler                   0x080002cf   Thumb Code     0  startup_stm32f429xx.o(.text)
    OTG_HS_EP1_IN_IRQHandler                 0x080002cf   Thumb Code     0  startup_stm32f429xx.o(.text)
    OTG_HS_EP1_OUT_IRQHandler                0x080002cf   Thumb Code     0  startup_stm32f429xx.o(.text)
    OTG_HS_IRQHandler                        0x080002cf   Thumb Code     0  startup_stm32f429xx.o(.text)
    OTG_HS_WKUP_IRQHandler                   0x080002cf   Thumb Code     0  startup_stm32f429xx.o(.text)
    PVD_IRQHandler                           0x080002cf   Thumb Code     0  startup_stm32f429xx.o(.text)
    RCC_IRQHandler                           0x080002cf   Thumb Code     0  startup_stm32f429xx.o(.text)
    RTC_WKUP_IRQHandler                      0x080002cf   Thumb Code     0  startup_stm32f429xx.o(.text)
    SAI1_IRQHandler                          0x080002cf   Thumb Code     0  startup_stm32f429xx.o(.text)
    SDIO_IRQHandler                          0x080002cf   Thumb Code     0  startup_stm32f429xx.o(.text)
    SPI1_IRQHandler                          0x080002cf   Thumb Code     0  startup_stm32f429xx.o(.text)
    SPI2_IRQHandler                          0x080002cf   Thumb Code     0  startup_stm32f429xx.o(.text)
    SPI3_IRQHandler                          0x080002cf   Thumb Code     0  startup_stm32f429xx.o(.text)
    SPI4_IRQHandler                          0x080002cf   Thumb Code     0  startup_stm32f429xx.o(.text)
    SPI5_IRQHandler                          0x080002cf   Thumb Code     0  startup_stm32f429xx.o(.text)
    SPI6_IRQHandler                          0x080002cf   Thumb Code     0  startup_stm32f429xx.o(.text)
    TAMP_STAMP_IRQHandler                    0x080002cf   Thumb Code     0  startup_stm32f429xx.o(.text)
    TIM1_BRK_TIM9_IRQHandler                 0x080002cf   Thumb Code     0  startup_stm32f429xx.o(.text)
    TIM1_CC_IRQHandler                       0x080002cf   Thumb Code     0  startup_stm32f429xx.o(.text)
    TIM1_TRG_COM_TIM11_IRQHandler            0x080002cf   Thumb Code     0  startup_stm32f429xx.o(.text)
    TIM1_UP_TIM10_IRQHandler                 0x080002cf   Thumb Code     0  startup_stm32f429xx.o(.text)
    TIM2_IRQHandler                          0x080002cf   Thumb Code     0  startup_stm32f429xx.o(.text)
    TIM3_IRQHandler                          0x080002cf   Thumb Code     0  startup_stm32f429xx.o(.text)
    TIM5_IRQHandler                          0x080002cf   Thumb Code     0  startup_stm32f429xx.o(.text)
    TIM6_DAC_IRQHandler                      0x080002cf   Thumb Code     0  startup_stm32f429xx.o(.text)
    TIM7_IRQHandler                          0x080002cf   Thumb Code     0  startup_stm32f429xx.o(.text)
    TIM8_BRK_TIM12_IRQHandler                0x080002cf   Thumb Code     0  startup_stm32f429xx.o(.text)
    TIM8_CC_IRQHandler                       0x080002cf   Thumb Code     0  startup_stm32f429xx.o(.text)
    TIM8_TRG_COM_TIM14_IRQHandler            0x080002cf   Thumb Code     0  startup_stm32f429xx.o(.text)
    TIM8_UP_TIM13_IRQHandler                 0x080002cf   Thumb Code     0  startup_stm32f429xx.o(.text)
    UART4_IRQHandler                         0x080002cf   Thumb Code     0  startup_stm32f429xx.o(.text)
    UART5_IRQHandler                         0x080002cf   Thumb Code     0  startup_stm32f429xx.o(.text)
    UART7_IRQHandler                         0x080002cf   Thumb Code     0  startup_stm32f429xx.o(.text)
    UART8_IRQHandler                         0x080002cf   Thumb Code     0  startup_stm32f429xx.o(.text)
    USART2_IRQHandler                        0x080002cf   Thumb Code     0  startup_stm32f429xx.o(.text)
    USART3_IRQHandler                        0x080002cf   Thumb Code     0  startup_stm32f429xx.o(.text)
    USART6_IRQHandler                        0x080002cf   Thumb Code     0  startup_stm32f429xx.o(.text)
    WWDG_IRQHandler                          0x080002cf   Thumb Code     0  startup_stm32f429xx.o(.text)
    __user_initial_stackheap                 0x080002d1   Thumb Code     0  startup_stm32f429xx.o(.text)
    __use_no_semihosting                     0x080002f5   Thumb Code     2  use_no_semi_2.o(.text)
    __2printf                                0x080002f9   Thumb Code    20  noretval__2printf.o(.text)
    _printf_pre_padding                      0x08000311   Thumb Code    44  _printf_pad.o(.text)
    _printf_post_padding                     0x0800033d   Thumb Code    34  _printf_pad.o(.text)
    _printf_str                              0x0800035f   Thumb Code    82  _printf_str.o(.text)
    _printf_int_dec                          0x080003b1   Thumb Code   104  _printf_dec.o(.text)
    _printf_int_hex                          0x08000429   Thumb Code    84  _printf_hex_int.o(.text)
    _printf_longlong_hex                     0x08000429   Thumb Code     0  _printf_hex_int.o(.text)
    __printf                                 0x08000481   Thumb Code   388  __printf_flags_ss_wp.o(.text)
    __aeabi_memcpy4                          0x08000609   Thumb Code     0  rt_memcpy_w.o(.text)
    __aeabi_memcpy8                          0x08000609   Thumb Code     0  rt_memcpy_w.o(.text)
    __rt_memcpy_w                            0x08000609   Thumb Code   100  rt_memcpy_w.o(.text)
    _memcpy_lastbytes_aligned                0x08000651   Thumb Code     0  rt_memcpy_w.o(.text)
    __use_two_region_memory                  0x0800066d   Thumb Code     2  heapauxi.o(.text)
    __rt_heap_escrow$2region                 0x0800066f   Thumb Code     2  heapauxi.o(.text)
    __rt_heap_expand$2region                 0x08000671   Thumb Code     2  heapauxi.o(.text)
    __I$use$semihosting                      0x08000673   Thumb Code     0  use_no_semi.o(.text)
    __use_no_semihosting_swi                 0x08000673   Thumb Code     2  use_no_semi.o(.text)
    _printf_int_common                       0x08000675   Thumb Code   178  _printf_intcommon.o(.text)
    _printf_cs_common                        0x08000727   Thumb Code    20  _printf_char.o(.text)
    _printf_char                             0x0800073b   Thumb Code    16  _printf_char.o(.text)
    _printf_string                           0x0800074b   Thumb Code     8  _printf_char.o(.text)
    _printf_char_file                        0x08000755   Thumb Code    32  _printf_char_file.o(.text)
    _printf_char_common                      0x08000783   Thumb Code    32  _printf_char_common.o(.text)
    ferror                                   0x080007a9   Thumb Code     8  ferror.o(.text)
    __user_setup_stackheap                   0x080007b1   Thumb Code    74  sys_stackheap_outer.o(.text)
    exit                                     0x080007fb   Thumb Code    12  exit.o(.text)
    __user_libspace                          0x08000809   Thumb Code     8  libspace.o(.text)
    __user_perproc_libspace                  0x08000809   Thumb Code     0  libspace.o(.text)
    __user_perthread_libspace                0x08000809   Thumb Code     0  libspace.o(.text)
    BusFault_Handler                         0x08000811   Thumb Code     2  stm32f4xx_it.o(i.BusFault_Handler)
    DebugMon_Handler                         0x08000813   Thumb Code     2  stm32f4xx_it.o(i.DebugMon_Handler)
    EXTI3_IRQHandler                         0x08000815   Thumb Code     6  pwr.o(i.EXTI3_IRQHandler)
    FMC_NORSRAM_Extended_Timing_Init         0x0800081d   Thumb Code    60  stm32f4xx_ll_fmc.o(i.FMC_NORSRAM_Extended_Timing_Init)
    FMC_NORSRAM_Init                         0x0800085d   Thumb Code   110  stm32f4xx_ll_fmc.o(i.FMC_NORSRAM_Init)
    FMC_NORSRAM_Timing_Init                  0x080008d5   Thumb Code    86  stm32f4xx_ll_fmc.o(i.FMC_NORSRAM_Timing_Init)
    FMC_SDRAM_Init                           0x08000931   Thumb Code    76  stm32f4xx_ll_fmc.o(i.FMC_SDRAM_Init)
    FMC_SDRAM_ProgramRefreshRate             0x0800097d   Thumb Code    12  stm32f4xx_ll_fmc.o(i.FMC_SDRAM_ProgramRefreshRate)
    FMC_SDRAM_SendCommand                    0x08000989   Thumb Code    72  stm32f4xx_ll_fmc.o(i.FMC_SDRAM_SendCommand)
    FMC_SDRAM_Timing_Init                    0x080009d1   Thumb Code   124  stm32f4xx_ll_fmc.o(i.FMC_SDRAM_Timing_Init)
    HAL_GPIO_EXTI_Callback                   0x08000a4d   Thumb Code    52  pwr.o(i.HAL_GPIO_EXTI_Callback)
    HAL_GPIO_EXTI_IRQHandler                 0x08000a85   Thumb Code    18  stm32f4xx_hal_gpio.o(i.HAL_GPIO_EXTI_IRQHandler)
    HAL_GPIO_Init                            0x08000a9d   Thumb Code   422  stm32f4xx_hal_gpio.o(i.HAL_GPIO_Init)
    HAL_GPIO_ReadPin                         0x08000c79   Thumb Code    10  stm32f4xx_hal_gpio.o(i.HAL_GPIO_ReadPin)
    HAL_GPIO_WritePin                        0x08000c83   Thumb Code    10  stm32f4xx_hal_gpio.o(i.HAL_GPIO_WritePin)
    HAL_GetTick                              0x08000c8d   Thumb Code     6  stm32f4xx_hal.o(i.HAL_GetTick)
    HAL_IncTick                              0x08000c99   Thumb Code    10  stm32f4xx_hal.o(i.HAL_IncTick)
    HAL_Init                                 0x08000ca9   Thumb Code    48  stm32f4xx_hal.o(i.HAL_Init)
    HAL_InitTick                             0x08000cdd   Thumb Code    34  stm32f4xx_hal.o(i.HAL_InitTick)
    HAL_LTDC_ConfigLayer                     0x08000cff   Thumb Code    82  stm32f4xx_hal_ltdc.o(i.HAL_LTDC_ConfigLayer)
    HAL_LTDC_Init                            0x08000d51   Thumb Code   248  stm32f4xx_hal_ltdc.o(i.HAL_LTDC_Init)
    HAL_LTDC_MspInit                         0x08000e4d   Thumb Code   218  ltdc.o(i.HAL_LTDC_MspInit)
    HAL_LTDC_SetWindowPosition               0x08000f41   Thumb Code    84  stm32f4xx_hal_ltdc.o(i.HAL_LTDC_SetWindowPosition)
    HAL_LTDC_SetWindowSize                   0x08000f95   Thumb Code    84  stm32f4xx_hal_ltdc.o(i.HAL_LTDC_SetWindowSize)
    HAL_MspInit                              0x08000fe9   Thumb Code     8  stm32f4xx_hal.o(i.HAL_MspInit)
    HAL_NVIC_EnableIRQ                       0x08000ff1   Thumb Code    22  stm32f4xx_hal_cortex.o(i.HAL_NVIC_EnableIRQ)
    HAL_NVIC_SetPriority                     0x08001009   Thumb Code    60  stm32f4xx_hal_cortex.o(i.HAL_NVIC_SetPriority)
    HAL_NVIC_SetPriorityGrouping             0x08001049   Thumb Code    26  stm32f4xx_hal_cortex.o(i.HAL_NVIC_SetPriorityGrouping)
    HAL_PWREx_EnableOverDrive                0x0800106d   Thumb Code   122  stm32f4xx_hal_pwr_ex.o(i.HAL_PWREx_EnableOverDrive)
    HAL_PWR_EnableBkUpAccess                 0x080010f5   Thumb Code    20  stm32f4xx_hal_pwr.o(i.HAL_PWR_EnableBkUpAccess)
    HAL_PWR_EnableWakeUpPin                  0x0800110d   Thumb Code    10  stm32f4xx_hal_pwr.o(i.HAL_PWR_EnableWakeUpPin)
    HAL_PWR_EnterSTANDBYMode                 0x0800111d   Thumb Code    24  stm32f4xx_hal_pwr.o(i.HAL_PWR_EnterSTANDBYMode)
    HAL_RCCEx_PeriphCLKConfig                0x0800113d   Thumb Code   644  stm32f4xx_hal_rcc_ex.o(i.HAL_RCCEx_PeriphCLKConfig)
    HAL_RCC_ClockConfig                      0x080013e5   Thumb Code   512  stm32f4xx_hal_rcc.o(i.HAL_RCC_ClockConfig)
    HAL_RCC_GetHCLKFreq                      0x080015ed   Thumb Code    38  stm32f4xx_hal_rcc.o(i.HAL_RCC_GetHCLKFreq)
    HAL_RCC_GetPCLK1Freq                     0x08001621   Thumb Code    36  stm32f4xx_hal_rcc.o(i.HAL_RCC_GetPCLK1Freq)
    HAL_RCC_GetPCLK2Freq                     0x0800164d   Thumb Code    36  stm32f4xx_hal_rcc.o(i.HAL_RCC_GetPCLK2Freq)
    HAL_RCC_GetSysClockFreq                  0x08001679   Thumb Code   104  stm32f4xx_hal_rcc.o(i.HAL_RCC_GetSysClockFreq)
    HAL_RCC_OscConfig                        0x080016ed   Thumb Code   774  stm32f4xx_hal_rcc.o(i.HAL_RCC_OscConfig)
    HAL_RNG_GenerateRandomNumber             0x08001a09   Thumb Code   102  stm32f4xx_hal_rng.o(i.HAL_RNG_GenerateRandomNumber)
    HAL_RNG_Init                             0x08001a6f   Thumb Code    62  stm32f4xx_hal_rng.o(i.HAL_RNG_Init)
    HAL_RNG_MspInit                          0x08001aad   Thumb Code    22  rng.o(i.HAL_RNG_MspInit)
    HAL_RTCEx_AlarmBEventCallback            0x08001ac9   Thumb Code     2  stm32f4xx_hal_rtc_ex.o(i.HAL_RTCEx_AlarmBEventCallback)
    HAL_RTCEx_BKUPRead                       0x08001acb   Thumb Code    10  stm32f4xx_hal_rtc_ex.o(i.HAL_RTCEx_BKUPRead)
    HAL_RTCEx_BKUPWrite                      0x08001ad5   Thumb Code    10  stm32f4xx_hal_rtc_ex.o(i.HAL_RTCEx_BKUPWrite)
    HAL_RTC_AlarmAEventCallback              0x08001ae1   Thumb Code     6  rtc.o(i.HAL_RTC_AlarmAEventCallback)
    HAL_RTC_AlarmIRQHandler                  0x08001b05   Thumb Code    86  stm32f4xx_hal_rtc.o(i.HAL_RTC_AlarmIRQHandler)
    HAL_RTC_GetDate                          0x08001b61   Thumb Code    62  stm32f4xx_hal_rtc.o(i.HAL_RTC_GetDate)
    HAL_RTC_GetTime                          0x08001ba5   Thumb Code    82  stm32f4xx_hal_rtc.o(i.HAL_RTC_GetTime)
    HAL_RTC_Init                             0x08001bfd   Thumb Code   150  stm32f4xx_hal_rtc.o(i.HAL_RTC_Init)
    HAL_RTC_MspInit                          0x08001c99   Thumb Code    66  rtc.o(i.HAL_RTC_MspInit)
    HAL_RTC_SetAlarm_IT                      0x08001ce5   Thumb Code   398  stm32f4xx_hal_rtc.o(i.HAL_RTC_SetAlarm_IT)
    HAL_RTC_SetDate                          0x08001e79   Thumb Code   204  stm32f4xx_hal_rtc.o(i.HAL_RTC_SetDate)
    HAL_RTC_SetTime                          0x08001f49   Thumb Code   236  stm32f4xx_hal_rtc.o(i.HAL_RTC_SetTime)
    HAL_RTC_WaitForSynchro                   0x08002039   Thumb Code    52  stm32f4xx_hal_rtc.o(i.HAL_RTC_WaitForSynchro)
    HAL_SDRAM_Init                           0x0800206d   Thumb Code    66  stm32f4xx_hal_sdram.o(i.HAL_SDRAM_Init)
    HAL_SDRAM_MspInit                        0x080020b1   Thumb Code   194  sdram.o(i.HAL_SDRAM_MspInit)
    HAL_SDRAM_ProgramRefreshRate             0x0800218d   Thumb Code    34  stm32f4xx_hal_sdram.o(i.HAL_SDRAM_ProgramRefreshRate)
    HAL_SDRAM_SendCommand                    0x080021af   Thumb Code    46  stm32f4xx_hal_sdram.o(i.HAL_SDRAM_SendCommand)
    HAL_SRAM_Init                            0x080021dd   Thumb Code    86  stm32f4xx_hal_sram.o(i.HAL_SRAM_Init)
    HAL_SRAM_MspInit                         0x08002235   Thumb Code   106  lcd.o(i.HAL_SRAM_MspInit)
    HAL_SYSTICK_CLKSourceConfig              0x080022ad   Thumb Code    24  stm32f4xx_hal_cortex.o(i.HAL_SYSTICK_CLKSourceConfig)
    HAL_SYSTICK_Config                       0x080022c5   Thumb Code    40  stm32f4xx_hal_cortex.o(i.HAL_SYSTICK_Config)
    HAL_TIM_Base_Init                        0x080022ed   Thumb Code    54  stm32f4xx_hal_tim.o(i.HAL_TIM_Base_Init)
    HAL_TIM_Base_MspInit                     0x08002323   Thumb Code     2  stm32f4xx_hal_tim.o(i.HAL_TIM_Base_MspInit)
    HAL_TIM_Base_Start_IT                    0x08002325   Thumb Code    24  stm32f4xx_hal_tim.o(i.HAL_TIM_Base_Start_IT)
    HAL_UART_ErrorCallback                   0x0800233d   Thumb Code     2  stm32f4xx_hal_uart.o(i.HAL_UART_ErrorCallback)
    HAL_UART_IRQHandler                      0x0800233f   Thumb Code   244  stm32f4xx_hal_uart.o(i.HAL_UART_IRQHandler)
    HAL_UART_Init                            0x08002433   Thumb Code    94  stm32f4xx_hal_uart.o(i.HAL_UART_Init)
    HAL_UART_MspInit                         0x08002491   Thumb Code   134  usart.o(i.HAL_UART_MspInit)
    HAL_UART_Receive                         0x08002525   Thumb Code   202  stm32f4xx_hal_uart.o(i.HAL_UART_Receive)
    HAL_UART_RxCpltCallback                  0x080025ef   Thumb Code     2  stm32f4xx_hal_uart.o(i.HAL_UART_RxCpltCallback)
    HAL_UART_TxCpltCallback                  0x080025f1   Thumb Code     2  stm32f4xx_hal_uart.o(i.HAL_UART_TxCpltCallback)
    HardFault_Handler                        0x080025f3   Thumb Code     2  stm32f4xx_it.o(i.HardFault_Handler)
    KEY_Init                                 0x080025f5   Thumb Code   110  key.o(i.KEY_Init)
    LCD_Clear                                0x08002675   Thumb Code    58  lcd.o(i.LCD_Clear)
    LCD_Display_Dir                          0x080026bd   Thumb Code   234  lcd.o(i.LCD_Display_Dir)
    LCD_Fast_DrawPoint                       0x080027b1   Thumb Code   236  lcd.o(i.LCD_Fast_DrawPoint)
    LCD_Init                                 0x080028a9   Thumb Code  9094  lcd.o(i.LCD_Init)
    LCD_RD_DATA                              0x08004c35   Thumb Code    16  lcd.o(i.LCD_RD_DATA)
    LCD_SSD_BackLightSet                     0x08004c49   Thumb Code    72  lcd.o(i.LCD_SSD_BackLightSet)
    LCD_Scan_Dir                             0x08004c99   Thumb Code   434  lcd.o(i.LCD_Scan_Dir)
    LCD_SetCursor                            0x08004e51   Thumb Code   254  lcd.o(i.LCD_SetCursor)
    LCD_ShowChar                             0x08004f55   Thumb Code   196  lcd.o(i.LCD_ShowChar)
    LCD_ShowString                           0x08005031   Thumb Code    84  lcd.o(i.LCD_ShowString)
    LCD_WR_DATA                              0x08005085   Thumb Code    20  lcd.o(i.LCD_WR_DATA)
    LCD_WR_REG                               0x0800509d   Thumb Code    20  lcd.o(i.LCD_WR_REG)
    LCD_WriteRAM_Prepare                     0x080050b5   Thumb Code    10  lcd.o(i.LCD_WriteRAM_Prepare)
    LCD_WriteReg                             0x080050c9   Thumb Code    10  lcd.o(i.LCD_WriteReg)
    LED_0_Ctrl                               0x080050d9   Thumb Code    16  led.o(i.LED_0_Ctrl)
    LED_1_Ctrl                               0x080050ed   Thumb Code    16  led.o(i.LED_1_Ctrl)
    LED_Init                                 0x08005101   Thumb Code    68  led.o(i.LED_Init)
    LTDC_Clear                               0x0800514d   Thumb Code    28  ltdc.o(i.LTDC_Clear)
    LTDC_Clk_Set                             0x0800516d   Thumb Code    30  ltdc.o(i.LTDC_Clk_Set)
    LTDC_Display_Dir                         0x0800518d   Thumb Code    34  ltdc.o(i.LTDC_Display_Dir)
    LTDC_Draw_Point                          0x080051b5   Thumb Code    52  ltdc.o(i.LTDC_Draw_Point)
    LTDC_Fill                                0x080051f1   Thumb Code   162  ltdc.o(i.LTDC_Fill)
    LTDC_Init                                0x080052a5   Thumb Code   464  ltdc.o(i.LTDC_Init)
    LTDC_Layer_Parameter_Config              0x0800548d   Thumb Code    86  ltdc.o(i.LTDC_Layer_Parameter_Config)
    LTDC_Layer_Window_Config                 0x080054e9   Thumb Code    32  ltdc.o(i.LTDC_Layer_Window_Config)
    LTDC_PanelID_Read                        0x0800550d   Thumb Code   170  ltdc.o(i.LTDC_PanelID_Read)
    MemManage_Handler                        0x08005727   Thumb Code     2  stm32f4xx_it.o(i.MemManage_Handler)
    NMI_Handler                              0x08005729   Thumb Code     2  stm32f4xx_it.o(i.NMI_Handler)
    PWR_goto_standby_mode                    0x0800574d   Thumb Code   150  pwr.o(i.PWR_goto_standby_mode)
    PendSV_Handler                           0x080057f5   Thumb Code     2  stm32f4xx_it.o(i.PendSV_Handler)
    RNG_GetRandom                            0x080057f9   Thumb Code    32  rng.o(i.RNG_GetRandom)
    RNG_GetRangeRandom                       0x08005821   Thumb Code    26  rng.o(i.RNG_GetRangeRandom)
    RNG_Init                                 0x0800583d   Thumb Code    28  rng.o(i.RNG_Init)
    RTC_Alarm_IRQHandler                     0x08005865   Thumb Code     6  rtc.o(i.RTC_Alarm_IRQHandler)
    RTC_Bcd2ToByte                           0x08005871   Thumb Code    18  stm32f4xx_hal_rtc.o(i.RTC_Bcd2ToByte)
    RTC_ByteToBcd2                           0x08005883   Thumb Code    22  stm32f4xx_hal_rtc.o(i.RTC_ByteToBcd2)
    RTC_EnterInitMode                        0x08005899   Thumb Code    56  stm32f4xx_hal_rtc.o(i.RTC_EnterInitMode)
    RTC_Init                                 0x080058d1   Thumb Code    90  rtc.o(i.RTC_Init)
    RTC_SetAlarm_A                           0x08005935   Thumb Code    90  rtc.o(i.RTC_SetAlarm_A)
    RTC_read_Date                            0x08005995   Thumb Code    40  rtc.o(i.RTC_read_Date)
    RTC_read_Time                            0x080059c5   Thumb Code    38  rtc.o(i.RTC_read_Time)
    RTC_setDate                              0x080059f5   Thumb Code    24  rtc.o(i.RTC_setDate)
    RTC_setTime                              0x08005a15   Thumb Code    26  rtc.o(i.RTC_setTime)
    SDRAM_Init                               0x08005a35   Thumb Code    86  sdram.o(i.SDRAM_Init)
    SDRAM_Initialization_Sequence            0x08005a95   Thumb Code    74  sdram.o(i.SDRAM_Initialization_Sequence)
    SDRAM_Send_Cmd                           0x08005ae5   Thumb Code    48  sdram.o(i.SDRAM_Send_Cmd)
    SVC_Handler                              0x08005b19   Thumb Code     2  stm32f4xx_it.o(i.SVC_Handler)
    Stm32_Clock_Init                         0x08005b1d   Thumb Code   122  sys.o(i.Stm32_Clock_Init)
    SysTick_Handler                          0x08005ba1   Thumb Code     4  stm32f4xx_it.o(i.SysTick_Handler)
    SystemInit                               0x08005ba5   Thumb Code    66  system_stm32f4xx.o(i.SystemInit)
    TIM4_IRQHandler                          0x08005bf9   Thumb Code    44  usmart.o(i.TIM4_IRQHandler)
    TIM_Base_SetConfig                       0x08005c2d   Thumb Code   148  stm32f4xx_hal_tim.o(i.TIM_Base_SetConfig)
    Timer4_Init                              0x08005ced   Thumb Code    72  usmart.o(i.Timer4_Init)
    USART1_IRQHandler                        0x08006055   Thumb Code   100  usart.o(i.USART1_IRQHandler)
    UsageFault_Handler                       0x080060c1   Thumb Code     2  stm32f4xx_it.o(i.UsageFault_Handler)
    _is_digit                                0x080060c3   Thumb Code    14  __printf_wp.o(i._is_digit)
    _sys_exit                                0x080060d1   Thumb Code     2  usart.o(i._sys_exit)
    delay_init                               0x080060d5   Thumb Code    16  delay.o(i.delay_init)
    delay_ms                                 0x080060e9   Thumb Code    26  delay.o(i.delay_ms)
    delay_us                                 0x08006105   Thumb Code    48  delay.o(i.delay_us)
    fputc                                    0x08006139   Thumb Code    14  usart.o(i.fputc)
    main                                     0x0800614d   Thumb Code   300  main.o(i.main)
    read_addr                                0x0800635d   Thumb Code     4  usmart.o(i.read_addr)
    sleep_mode_init                          0x08006361   Thumb Code    66  pwr.o(i.sleep_mode_init)
    uart_init                                0x080063b1   Thumb Code    28  usart.o(i.uart_init)
    usmart_cmd_rec                           0x080063d5   Thumb Code   144  usmart.o(i.usmart_cmd_rec)
    usmart_exe                               0x08006469   Thumb Code   510  usmart.o(i.usmart_exe)
    usmart_get_aparm                         0x080066c9   Thumb Code   164  usmart_str.o(i.usmart_get_aparm)
    usmart_get_cmdname                       0x0800676d   Thumb Code    46  usmart_str.o(i.usmart_get_cmdname)
    usmart_get_fname                         0x0800679d   Thumb Code   352  usmart_str.o(i.usmart_get_fname)
    usmart_get_fparam                        0x08006905   Thumb Code   202  usmart_str.o(i.usmart_get_fparam)
    usmart_get_parmpos                       0x080069d5   Thumb Code    30  usmart_str.o(i.usmart_get_parmpos)
    usmart_get_runtime                       0x080069f9   Thumb Code    38  usmart.o(i.usmart_get_runtime)
    usmart_init                              0x08006a29   Thumb Code    36  usmart.o(i.usmart_init)
    usmart_pow                               0x08006a51   Thumb Code    16  usmart_str.o(i.usmart_pow)
    usmart_reset_runtime                     0x08006a61   Thumb Code    32  usmart.o(i.usmart_reset_runtime)
    usmart_scan                              0x08006a89   Thumb Code    94  usmart.o(i.usmart_scan)
    usmart_search_nextc                      0x08006b2d   Thumb Code    16  usmart_str.o(i.usmart_search_nextc)
    usmart_str2num                           0x08006b3d   Thumb Code   214  usmart_str.o(i.usmart_str2num)
    usmart_strcmp                            0x08006c13   Thumb Code    24  usmart_str.o(i.usmart_strcmp)
    usmart_strcopy                           0x08006c2b   Thumb Code    18  usmart_str.o(i.usmart_strcopy)
    usmart_strlen                            0x08006c3d   Thumb Code    18  usmart_str.o(i.usmart_strlen)
    usmart_sys_cmd_exe                       0x08006c51   Thumb Code  1458  usmart.o(i.usmart_sys_cmd_exe)
    write_addr                               0x080072d1   Thumb Code     4  usmart.o(i.write_addr)
    __aeabi_d2uiz                            0x080072d5   Thumb Code     0  dfixu.o(x$fpl$dfixu)
    _dfixu                                   0x080072d5   Thumb Code    90  dfixu.o(x$fpl$dfixu)
    __aeabi_ui2d                             0x0800732f   Thumb Code     0  dflt_clz.o(x$fpl$dfltu)
    _dfltu                                   0x0800732f   Thumb Code    38  dflt_clz.o(x$fpl$dfltu)
    __aeabi_dmul                             0x08007355   Thumb Code     0  dmul.o(x$fpl$dmul)
    _dmul                                    0x08007355   Thumb Code   332  dmul.o(x$fpl$dmul)
    __fpl_dnaninf                            0x080074a9   Thumb Code   156  dnaninf.o(x$fpl$dnaninf)
    __fpl_dretinf                            0x08007545   Thumb Code    12  dretinf.o(x$fpl$dretinf)
    _fp_init                                 0x08007551   Thumb Code    10  fpinit.o(x$fpl$fpinit)
    __fplib_config_fpu_vfp                   0x08007559   Thumb Code     0  fpinit.o(x$fpl$fpinit)
    __fplib_config_pureend_doubles           0x08007559   Thumb Code     0  fpinit.o(x$fpl$fpinit)
    APBAHBPrescTable                         0x0800755a   Data          16  stm32f4xx_hal_rcc.o(.constdata)
    __I$use$fp                               0x0800755a   Number         0  usenofp.o(x$fpl$usenofp)
    asc2_1206                                0x0800756a   Data        1140  lcd.o(.constdata)
    asc2_1608                                0x080079de   Data        1520  lcd.o(.constdata)
    asc2_2412                                0x08007fce   Data        3420  lcd.o(.constdata)
    asc2_3216                                0x08008d2a   Data       12160  lcd.o(.constdata)
    Region$$Table$$Base                      0x0800be28   Number         0  anon$$obj.o(Region$$Table)
    Region$$Table$$Limit                     0x0800be48   Number         0  anon$$obj.o(Region$$Table)
    SystemCoreClock                          0x20000000   Data           4  system_stm32f4xx.o(.data)
    AHBPrescTable                            0x20000004   Data          16  system_stm32f4xx.o(.data)
    USART_RX_STA                             0x2000001c   Data           2  usart.o(.data)
    __stdout                                 0x20000020   Data           4  usart.o(.data)
    POINT_COLOR                              0x20000024   Data           4  lcd.o(.data)
    BACK_COLOR                               0x20000028   Data           4  lcd.o(.data)
    ltdc_framebuf                            0x2000002c   Data           8  ltdc.o(.data)
    RTC_GetTime                              0x20000034   Data           3  rtc.o(.data)
    RTC_DATE_Handle                          0x20000037   Data           4  rtc.o(.data)
    RTC_GetCalendar                          0x2000003b   Data           4  rtc.o(.data)
    random_data                              0x20000040   Data           4  rng.o(.data)
    sys_cmd_tab                              0x20000044   Data          28  usmart.o(.data)
    usmart_nametab                           0x20000060   Data          48  usmart_config.o(.data)
    usmart_dev                               0x20000090   Data         244  usmart_config.o(.data)
    USART_RX_BUF                             0x20000184   Data         200  usart.o(.bss)
    UART1_Handler                            0x2000024c   Data          64  usart.o(.bss)
    SRAM_Handler                             0x2000028c   Data          80  lcd.o(.bss)
    lcddev                                   0x200002dc   Data          14  lcd.o(.bss)
    SDRAM_Handler                            0x200002ec   Data          52  sdram.o(.bss)
    LTDC_Handler                             0x20000320   Data         168  ltdc.o(.bss)
    lcdltdc                                  0x200003c8   Data          32  ltdc.o(.bss)
    RTC_Handle                               0x200003e8   Data          32  rtc.o(.bss)
    RTC_TIME_Handle                          0x20000408   Data          20  rtc.o(.bss)
    RNG_Handler                              0x2000041c   Data          12  rng.o(.bss)
    TIM4_Handler                             0x20000428   Data          60  usmart.o(.bss)
    __libspace_start                         0x20000464   Data          96  libspace.o(.bss)
    __temporary_stack_top$libspace           0x200004c4   Data           0  libspace.o(.bss)
    ltdc_lcd_framebuf                        0xc0000000   Data       2048000  ltdc.o(.ARM.__AT_0xC0000000)



==============================================================================

Memory Map of the image

  Image Entry point : 0x080001ad

  Load Region LR_IROM1 (Base: 0x08000000, Size: 0x0000bfcc, Max: 0x00100000, ABSOLUTE, COMPRESSED[0x0000beb4])

    Execution Region ER_IROM1 (Base: 0x08000000, Size: 0x0000be48, Max: 0x00100000, ABSOLUTE)

    Base Addr    Size         Type   Attr      Idx    E Section Name        Object

    0x08000000   0x000001ac   Data   RO          513    RESET               startup_stm32f429xx.o
    0x080001ac   0x00000008   Code   RO         4919  * !!!main             c_w.l(__main.o)
    0x080001b4   0x00000034   Code   RO         5107    !!!scatter          c_w.l(__scatter.o)
    0x080001e8   0x0000005a   Code   RO         5105    !!dczerorl2         c_w.l(__dczerorl2.o)
    0x08000242   0x00000002   PAD
    0x08000244   0x0000001c   Code   RO         5109    !!handler_zi        c_w.l(__scatter_zi.o)
    0x08000260   0x00000000   Code   RO         4914    .ARM.Collect$$_printf_percent$$00000000  c_w.l(_printf_percent.o)
    0x08000260   0x00000006   Code   RO         4911    .ARM.Collect$$_printf_percent$$00000008  c_w.l(_printf_i.o)
    0x08000266   0x00000006   Code   RO         4912    .ARM.Collect$$_printf_percent$$00000009  c_w.l(_printf_d.o)
    0x0800026c   0x00000006   Code   RO         4913    .ARM.Collect$$_printf_percent$$0000000A  c_w.l(_printf_u.o)
    0x08000272   0x00000006   Code   RO         4910    .ARM.Collect$$_printf_percent$$0000000C  c_w.l(_printf_x.o)
    0x08000278   0x00000006   Code   RO         4908    .ARM.Collect$$_printf_percent$$00000013  c_w.l(_printf_c.o)
    0x0800027e   0x00000006   Code   RO         4909    .ARM.Collect$$_printf_percent$$00000014  c_w.l(_printf_s.o)
    0x08000284   0x00000004   Code   RO         4942    .ARM.Collect$$_printf_percent$$00000017  c_w.l(_printf_percent_end.o)
    0x08000288   0x00000002   Code   RO         4980    .ARM.Collect$$libinit$$00000000  c_w.l(libinit.o)
    0x0800028a   0x00000004   Code   RO         4986    .ARM.Collect$$libinit$$00000001  c_w.l(libinit2.o)
    0x0800028e   0x00000000   Code   RO         4989    .ARM.Collect$$libinit$$00000004  c_w.l(libinit2.o)
    0x0800028e   0x00000000   Code   RO         4992    .ARM.Collect$$libinit$$0000000A  c_w.l(libinit2.o)
    0x0800028e   0x00000000   Code   RO         4994    .ARM.Collect$$libinit$$0000000C  c_w.l(libinit2.o)
    0x0800028e   0x00000000   Code   RO         4996    .ARM.Collect$$libinit$$0000000E  c_w.l(libinit2.o)
    0x0800028e   0x00000000   Code   RO         4999    .ARM.Collect$$libinit$$00000011  c_w.l(libinit2.o)
    0x0800028e   0x00000000   Code   RO         5001    .ARM.Collect$$libinit$$00000013  c_w.l(libinit2.o)
    0x0800028e   0x00000000   Code   RO         5003    .ARM.Collect$$libinit$$00000015  c_w.l(libinit2.o)
    0x0800028e   0x00000000   Code   RO         5005    .ARM.Collect$$libinit$$00000017  c_w.l(libinit2.o)
    0x0800028e   0x00000000   Code   RO         5007    .ARM.Collect$$libinit$$00000019  c_w.l(libinit2.o)
    0x0800028e   0x00000000   Code   RO         5009    .ARM.Collect$$libinit$$0000001B  c_w.l(libinit2.o)
    0x0800028e   0x00000000   Code   RO         5011    .ARM.Collect$$libinit$$0000001D  c_w.l(libinit2.o)
    0x0800028e   0x00000000   Code   RO         5013    .ARM.Collect$$libinit$$0000001F  c_w.l(libinit2.o)
    0x0800028e   0x00000000   Code   RO         5015    .ARM.Collect$$libinit$$00000021  c_w.l(libinit2.o)
    0x0800028e   0x00000000   Code   RO         5017    .ARM.Collect$$libinit$$00000023  c_w.l(libinit2.o)
    0x0800028e   0x00000000   Code   RO         5019    .ARM.Collect$$libinit$$00000025  c_w.l(libinit2.o)
    0x0800028e   0x00000000   Code   RO         5023    .ARM.Collect$$libinit$$0000002C  c_w.l(libinit2.o)
    0x0800028e   0x00000000   Code   RO         5025    .ARM.Collect$$libinit$$0000002E  c_w.l(libinit2.o)
    0x0800028e   0x00000000   Code   RO         5027    .ARM.Collect$$libinit$$00000030  c_w.l(libinit2.o)
    0x0800028e   0x00000000   Code   RO         5029    .ARM.Collect$$libinit$$00000032  c_w.l(libinit2.o)
    0x0800028e   0x00000002   Code   RO         5030    .ARM.Collect$$libinit$$00000033  c_w.l(libinit2.o)
    0x08000290   0x00000002   Code   RO         5048    .ARM.Collect$$libshutdown$$00000000  c_w.l(libshutdown.o)
    0x08000292   0x00000000   Code   RO         5059    .ARM.Collect$$libshutdown$$00000003  c_w.l(libshutdown2.o)
    0x08000292   0x00000000   Code   RO         5062    .ARM.Collect$$libshutdown$$00000006  c_w.l(libshutdown2.o)
    0x08000292   0x00000000   Code   RO         5065    .ARM.Collect$$libshutdown$$00000009  c_w.l(libshutdown2.o)
    0x08000292   0x00000000   Code   RO         5067    .ARM.Collect$$libshutdown$$0000000B  c_w.l(libshutdown2.o)
    0x08000292   0x00000000   Code   RO         5070    .ARM.Collect$$libshutdown$$0000000E  c_w.l(libshutdown2.o)
    0x08000292   0x00000002   Code   RO         5071    .ARM.Collect$$libshutdown$$0000000F  c_w.l(libshutdown2.o)
    0x08000294   0x00000000   Code   RO         4935    .ARM.Collect$$rtentry$$00000000  c_w.l(__rtentry.o)
    0x08000294   0x00000000   Code   RO         4949    .ARM.Collect$$rtentry$$00000002  c_w.l(__rtentry2.o)
    0x08000294   0x00000006   Code   RO         4961    .ARM.Collect$$rtentry$$00000004  c_w.l(__rtentry4.o)
    0x0800029a   0x00000000   Code   RO         4951    .ARM.Collect$$rtentry$$00000009  c_w.l(__rtentry2.o)
    0x0800029a   0x00000004   Code   RO         4952    .ARM.Collect$$rtentry$$0000000A  c_w.l(__rtentry2.o)
    0x0800029e   0x00000000   Code   RO         4954    .ARM.Collect$$rtentry$$0000000C  c_w.l(__rtentry2.o)
    0x0800029e   0x00000008   Code   RO         4955    .ARM.Collect$$rtentry$$0000000D  c_w.l(__rtentry2.o)
    0x080002a6   0x00000002   Code   RO         4984    .ARM.Collect$$rtexit$$00000000  c_w.l(rtexit.o)
    0x080002a8   0x00000000   Code   RO         5032    .ARM.Collect$$rtexit$$00000002  c_w.l(rtexit2.o)
    0x080002a8   0x00000004   Code   RO         5033    .ARM.Collect$$rtexit$$00000003  c_w.l(rtexit2.o)
    0x080002ac   0x00000006   Code   RO         5034    .ARM.Collect$$rtexit$$00000004  c_w.l(rtexit2.o)
    0x080002b2   0x00000002   PAD
    0x080002b4   0x00000040   Code   RO          514    .text               startup_stm32f429xx.o
    0x080002f4   0x00000002   Code   RO         4853    .text               c_w.l(use_no_semi_2.o)
    0x080002f6   0x00000002   PAD
    0x080002f8   0x00000018   Code   RO         4857    .text               c_w.l(noretval__2printf.o)
    0x08000310   0x0000004e   Code   RO         4861    .text               c_w.l(_printf_pad.o)
    0x0800035e   0x00000052   Code   RO         4863    .text               c_w.l(_printf_str.o)
    0x080003b0   0x00000078   Code   RO         4865    .text               c_w.l(_printf_dec.o)
    0x08000428   0x00000058   Code   RO         4870    .text               c_w.l(_printf_hex_int.o)
    0x08000480   0x00000188   Code   RO         4905    .text               c_w.l(__printf_flags_ss_wp.o)
    0x08000608   0x00000064   Code   RO         4915    .text               c_w.l(rt_memcpy_w.o)
    0x0800066c   0x00000006   Code   RO         4917    .text               c_w.l(heapauxi.o)
    0x08000672   0x00000002   Code   RO         4933    .text               c_w.l(use_no_semi.o)
    0x08000674   0x000000b2   Code   RO         4936    .text               c_w.l(_printf_intcommon.o)
    0x08000726   0x0000002c   Code   RO         4938    .text               c_w.l(_printf_char.o)
    0x08000752   0x00000002   PAD
    0x08000754   0x00000024   Code   RO         4940    .text               c_w.l(_printf_char_file.o)
    0x08000778   0x00000030   Code   RO         4963    .text               c_w.l(_printf_char_common.o)
    0x080007a8   0x00000008   Code   RO         4965    .text               c_w.l(ferror.o)
    0x080007b0   0x0000004a   Code   RO         4969    .text               c_w.l(sys_stackheap_outer.o)
    0x080007fa   0x0000000c   Code   RO         4973    .text               c_w.l(exit.o)
    0x08000806   0x00000002   PAD
    0x08000808   0x00000008   Code   RO         4981    .text               c_w.l(libspace.o)
    0x08000810   0x00000002   Code   RO          300    i.BusFault_Handler  stm32f4xx_it.o
    0x08000812   0x00000002   Code   RO          301    i.DebugMon_Handler  stm32f4xx_it.o
    0x08000814   0x00000006   Code   RO         4613    i.EXTI3_IRQHandler  pwr.o
    0x0800081a   0x00000002   PAD
    0x0800081c   0x00000040   Code   RO         2658    i.FMC_NORSRAM_Extended_Timing_Init  stm32f4xx_ll_fmc.o
    0x0800085c   0x00000078   Code   RO         2659    i.FMC_NORSRAM_Init  stm32f4xx_ll_fmc.o
    0x080008d4   0x0000005c   Code   RO         2660    i.FMC_NORSRAM_Timing_Init  stm32f4xx_ll_fmc.o
    0x08000930   0x0000004c   Code   RO         2670    i.FMC_SDRAM_Init    stm32f4xx_ll_fmc.o
    0x0800097c   0x0000000c   Code   RO         2671    i.FMC_SDRAM_ProgramRefreshRate  stm32f4xx_ll_fmc.o
    0x08000988   0x00000048   Code   RO         2672    i.FMC_SDRAM_SendCommand  stm32f4xx_ll_fmc.o
    0x080009d0   0x0000007c   Code   RO         2674    i.FMC_SDRAM_Timing_Init  stm32f4xx_ll_fmc.o
    0x08000a4c   0x00000038   Code   RO         4614    i.HAL_GPIO_EXTI_Callback  pwr.o
    0x08000a84   0x00000018   Code   RO          804    i.HAL_GPIO_EXTI_IRQHandler  stm32f4xx_hal_gpio.o
    0x08000a9c   0x000001dc   Code   RO          805    i.HAL_GPIO_Init     stm32f4xx_hal_gpio.o
    0x08000c78   0x0000000a   Code   RO          807    i.HAL_GPIO_ReadPin  stm32f4xx_hal_gpio.o
    0x08000c82   0x0000000a   Code   RO          809    i.HAL_GPIO_WritePin  stm32f4xx_hal_gpio.o
    0x08000c8c   0x0000000c   Code   RO          536    i.HAL_GetTick       stm32f4xx_hal.o
    0x08000c98   0x00000010   Code   RO          537    i.HAL_IncTick       stm32f4xx_hal.o
    0x08000ca8   0x00000034   Code   RO          538    i.HAL_Init          stm32f4xx_hal.o
    0x08000cdc   0x00000022   Code   RO          539    i.HAL_InitTick      stm32f4xx_hal.o
    0x08000cfe   0x00000052   Code   RO         3108    i.HAL_LTDC_ConfigLayer  stm32f4xx_hal_ltdc.o
    0x08000d50   0x000000fc   Code   RO         3120    i.HAL_LTDC_Init     stm32f4xx_hal_ltdc.o
    0x08000e4c   0x000000f4   Code   RO         4374    i.HAL_LTDC_MspInit  ltdc.o
    0x08000f40   0x00000054   Code   RO         3129    i.HAL_LTDC_SetWindowPosition  stm32f4xx_hal_ltdc.o
    0x08000f94   0x00000054   Code   RO         3130    i.HAL_LTDC_SetWindowSize  stm32f4xx_hal_ltdc.o
    0x08000fe8   0x00000008   Code   RO          541    i.HAL_MspInit       stm32f4xx_hal.o
    0x08000ff0   0x00000016   Code   RO          682    i.HAL_NVIC_EnableIRQ  stm32f4xx_hal_cortex.o
    0x08001006   0x00000002   PAD
    0x08001008   0x00000040   Code   RO          688    i.HAL_NVIC_SetPriority  stm32f4xx_hal_cortex.o
    0x08001048   0x00000024   Code   RO          689    i.HAL_NVIC_SetPriorityGrouping  stm32f4xx_hal_cortex.o
    0x0800106c   0x00000088   Code   RO          994    i.HAL_PWREx_EnableOverDrive  stm32f4xx_hal_pwr_ex.o
    0x080010f4   0x00000018   Code   RO          875    i.HAL_PWR_EnableBkUpAccess  stm32f4xx_hal_pwr.o
    0x0800110c   0x00000010   Code   RO          879    i.HAL_PWR_EnableWakeUpPin  stm32f4xx_hal_pwr.o
    0x0800111c   0x00000020   Code   RO          881    i.HAL_PWR_EnterSTANDBYMode  stm32f4xx_hal_pwr.o
    0x0800113c   0x000002a8   Code   RO         1166    i.HAL_RCCEx_PeriphCLKConfig  stm32f4xx_hal_rcc_ex.o
    0x080013e4   0x00000208   Code   RO         1061    i.HAL_RCC_ClockConfig  stm32f4xx_hal_rcc.o
    0x080015ec   0x00000034   Code   RO         1066    i.HAL_RCC_GetHCLKFreq  stm32f4xx_hal_rcc.o
    0x08001620   0x0000002c   Code   RO         1068    i.HAL_RCC_GetPCLK1Freq  stm32f4xx_hal_rcc.o
    0x0800164c   0x0000002c   Code   RO         1069    i.HAL_RCC_GetPCLK2Freq  stm32f4xx_hal_rcc.o
    0x08001678   0x00000074   Code   RO         1070    i.HAL_RCC_GetSysClockFreq  stm32f4xx_hal_rcc.o
    0x080016ec   0x0000031c   Code   RO         1073    i.HAL_RCC_OscConfig  stm32f4xx_hal_rcc.o
    0x08001a08   0x00000066   Code   RO         3807    i.HAL_RNG_GenerateRandomNumber  stm32f4xx_hal_rng.o
    0x08001a6e   0x0000003e   Code   RO         3813    i.HAL_RNG_Init      stm32f4xx_hal_rng.o
    0x08001aac   0x0000001c   Code   RO         4567    i.HAL_RNG_MspInit   rng.o
    0x08001ac8   0x00000002   Code   RO         3577    i.HAL_RTCEx_AlarmBEventCallback  stm32f4xx_hal_rtc_ex.o
    0x08001aca   0x0000000a   Code   RO         3578    i.HAL_RTCEx_BKUPRead  stm32f4xx_hal_rtc_ex.o
    0x08001ad4   0x0000000a   Code   RO         3579    i.HAL_RTCEx_BKUPWrite  stm32f4xx_hal_rtc_ex.o
    0x08001ade   0x00000002   PAD
    0x08001ae0   0x00000024   Code   RO         4492    i.HAL_RTC_AlarmAEventCallback  rtc.o
    0x08001b04   0x0000005c   Code   RO         3441    i.HAL_RTC_AlarmIRQHandler  stm32f4xx_hal_rtc.o
    0x08001b60   0x00000044   Code   RO         3445    i.HAL_RTC_GetDate   stm32f4xx_hal_rtc.o
    0x08001ba4   0x00000058   Code   RO         3447    i.HAL_RTC_GetTime   stm32f4xx_hal_rtc.o
    0x08001bfc   0x0000009c   Code   RO         3448    i.HAL_RTC_Init      stm32f4xx_hal_rtc.o
    0x08001c98   0x0000004c   Code   RO         4493    i.HAL_RTC_MspInit   rtc.o
    0x08001ce4   0x00000194   Code   RO         3453    i.HAL_RTC_SetAlarm_IT  stm32f4xx_hal_rtc.o
    0x08001e78   0x000000d0   Code   RO         3454    i.HAL_RTC_SetDate   stm32f4xx_hal_rtc.o
    0x08001f48   0x000000f0   Code   RO         3455    i.HAL_RTC_SetTime   stm32f4xx_hal_rtc.o
    0x08002038   0x00000034   Code   RO         3456    i.HAL_RTC_WaitForSynchro  stm32f4xx_hal_rtc.o
    0x0800206c   0x00000042   Code   RO         2956    i.HAL_SDRAM_Init    stm32f4xx_hal_sdram.o
    0x080020ae   0x00000002   PAD
    0x080020b0   0x000000dc   Code   RO         4316    i.HAL_SDRAM_MspInit  sdram.o
    0x0800218c   0x00000022   Code   RO         2959    i.HAL_SDRAM_ProgramRefreshRate  stm32f4xx_hal_sdram.o
    0x080021ae   0x0000002e   Code   RO         2965    i.HAL_SDRAM_SendCommand  stm32f4xx_hal_sdram.o
    0x080021dc   0x00000056   Code   RO         2834    i.HAL_SRAM_Init     stm32f4xx_hal_sram.o
    0x08002232   0x00000002   PAD
    0x08002234   0x00000078   Code   RO         4095    i.HAL_SRAM_MspInit  lcd.o
    0x080022ac   0x00000018   Code   RO          691    i.HAL_SYSTICK_CLKSourceConfig  stm32f4xx_hal_cortex.o
    0x080022c4   0x00000028   Code   RO          693    i.HAL_SYSTICK_Config  stm32f4xx_hal_cortex.o
    0x080022ec   0x00000036   Code   RO         1782    i.HAL_TIM_Base_Init  stm32f4xx_hal_tim.o
    0x08002322   0x00000002   Code   RO         1784    i.HAL_TIM_Base_MspInit  stm32f4xx_hal_tim.o
    0x08002324   0x00000018   Code   RO         1787    i.HAL_TIM_Base_Start_IT  stm32f4xx_hal_tim.o
    0x0800233c   0x00000002   Code   RO         1213    i.HAL_UART_ErrorCallback  stm32f4xx_hal_uart.o
    0x0800233e   0x000000f4   Code   RO         1216    i.HAL_UART_IRQHandler  stm32f4xx_hal_uart.o
    0x08002432   0x0000005e   Code   RO         1217    i.HAL_UART_Init     stm32f4xx_hal_uart.o
    0x08002490   0x00000094   Code   RO         3967    i.HAL_UART_MspInit  usart.o
    0x08002524   0x000000ca   Code   RO         1220    i.HAL_UART_Receive  stm32f4xx_hal_uart.o
    0x080025ee   0x00000002   Code   RO         1223    i.HAL_UART_RxCpltCallback  stm32f4xx_hal_uart.o
    0x080025f0   0x00000002   Code   RO         1228    i.HAL_UART_TxCpltCallback  stm32f4xx_hal_uart.o
    0x080025f2   0x00000002   Code   RO          302    i.HardFault_Handler  stm32f4xx_it.o
    0x080025f4   0x00000080   Code   RO         4064    i.KEY_Init          key.o
    0x08002674   0x00000048   Code   RO         4097    i.LCD_Clear         lcd.o
    0x080026bc   0x000000f4   Code   RO         4101    i.LCD_Display_Dir   lcd.o
    0x080027b0   0x000000f8   Code   RO         4106    i.LCD_Fast_DrawPoint  lcd.o
    0x080028a8   0x0000238c   Code   RO         4108    i.LCD_Init          lcd.o
    0x08004c34   0x00000014   Code   RO         4110    i.LCD_RD_DATA       lcd.o
    0x08004c48   0x00000050   Code   RO         4113    i.LCD_SSD_BackLightSet  lcd.o
    0x08004c98   0x000001b8   Code   RO         4114    i.LCD_Scan_Dir      lcd.o
    0x08004e50   0x00000104   Code   RO         4115    i.LCD_SetCursor     lcd.o
    0x08004f54   0x000000dc   Code   RO         4117    i.LCD_ShowChar      lcd.o
    0x08005030   0x00000054   Code   RO         4119    i.LCD_ShowString    lcd.o
    0x08005084   0x00000018   Code   RO         4121    i.LCD_WR_DATA       lcd.o
    0x0800509c   0x00000018   Code   RO         4122    i.LCD_WR_REG        lcd.o
    0x080050b4   0x00000014   Code   RO         4124    i.LCD_WriteRAM_Prepare  lcd.o
    0x080050c8   0x00000010   Code   RO         4125    i.LCD_WriteReg      lcd.o
    0x080050d8   0x00000014   Code   RO         4028    i.LED_0_Ctrl        led.o
    0x080050ec   0x00000014   Code   RO         4029    i.LED_1_Ctrl        led.o
    0x08005100   0x0000004c   Code   RO         4030    i.LED_Init          led.o
    0x0800514c   0x00000020   Code   RO         4375    i.LTDC_Clear        ltdc.o
    0x0800516c   0x0000001e   Code   RO         4376    i.LTDC_Clk_Set      ltdc.o
    0x0800518a   0x00000002   PAD
    0x0800518c   0x00000028   Code   RO         4378    i.LTDC_Display_Dir  ltdc.o
    0x080051b4   0x0000003c   Code   RO         4379    i.LTDC_Draw_Point   ltdc.o
    0x080051f0   0x000000b4   Code   RO         4380    i.LTDC_Fill         ltdc.o
    0x080052a4   0x000001e8   Code   RO         4381    i.LTDC_Init         ltdc.o
    0x0800548c   0x0000005c   Code   RO         4382    i.LTDC_Layer_Parameter_Config  ltdc.o
    0x080054e8   0x00000024   Code   RO         4384    i.LTDC_Layer_Window_Config  ltdc.o
    0x0800550c   0x000000b8   Code   RO         4385    i.LTDC_PanelID_Read  ltdc.o
    0x080055c4   0x00000162   Code   RO         3131    i.LTDC_SetConfig    stm32f4xx_hal_ltdc.o
    0x08005726   0x00000002   Code   RO          303    i.MemManage_Handler  stm32f4xx_it.o
    0x08005728   0x00000002   Code   RO          304    i.NMI_Handler       stm32f4xx_it.o
    0x0800572a   0x00000020   Code   RO          695    i.NVIC_SetPriority  stm32f4xx_hal_cortex.o
    0x0800574a   0x00000002   PAD
    0x0800574c   0x000000a8   Code   RO         4615    i.PWR_goto_standby_mode  pwr.o
    0x080057f4   0x00000002   Code   RO          305    i.PendSV_Handler    stm32f4xx_it.o
    0x080057f6   0x00000002   PAD
    0x080057f8   0x00000028   Code   RO         4568    i.RNG_GetRandom     rng.o
    0x08005820   0x0000001a   Code   RO         4569    i.RNG_GetRangeRandom  rng.o
    0x0800583a   0x00000002   PAD
    0x0800583c   0x00000028   Code   RO         4570    i.RNG_Init          rng.o
    0x08005864   0x0000000c   Code   RO         4494    i.RTC_Alarm_IRQHandler  rtc.o
    0x08005870   0x00000012   Code   RO         3457    i.RTC_Bcd2ToByte    stm32f4xx_hal_rtc.o
    0x08005882   0x00000016   Code   RO         3458    i.RTC_ByteToBcd2    stm32f4xx_hal_rtc.o
    0x08005898   0x00000038   Code   RO         3459    i.RTC_EnterInitMode  stm32f4xx_hal_rtc.o
    0x080058d0   0x00000064   Code   RO         4495    i.RTC_Init          rtc.o
    0x08005934   0x00000060   Code   RO         4496    i.RTC_SetAlarm_A    rtc.o
    0x08005994   0x00000030   Code   RO         4497    i.RTC_read_Date     rtc.o
    0x080059c4   0x00000030   Code   RO         4498    i.RTC_read_Time     rtc.o
    0x080059f4   0x00000020   Code   RO         4499    i.RTC_setDate       rtc.o
    0x08005a14   0x00000020   Code   RO         4500    i.RTC_setTime       rtc.o
    0x08005a34   0x00000060   Code   RO         4317    i.SDRAM_Init        sdram.o
    0x08005a94   0x00000050   Code   RO         4318    i.SDRAM_Initialization_Sequence  sdram.o
    0x08005ae4   0x00000034   Code   RO         4319    i.SDRAM_Send_Cmd    sdram.o
    0x08005b18   0x00000002   Code   RO          306    i.SVC_Handler       stm32f4xx_it.o
    0x08005b1a   0x00000002   PAD
    0x08005b1c   0x00000084   Code   RO         3940    i.Stm32_Clock_Init  sys.o
    0x08005ba0   0x00000004   Code   RO          307    i.SysTick_Handler   stm32f4xx_it.o
    0x08005ba4   0x00000054   Code   RO          379    i.SystemInit        system_stm32f4xx.o
    0x08005bf8   0x00000034   Code   RO         4656    i.TIM4_IRQHandler   usmart.o
    0x08005c2c   0x000000c0   Code   RO         1866    i.TIM_Base_SetConfig  stm32f4xx_hal_tim.o
    0x08005cec   0x00000054   Code   RO         4657    i.Timer4_Init       usmart.o
    0x08005d40   0x000000a6   Code   RO         1235    i.UART_Receive_IT   stm32f4xx_hal_uart.o
    0x08005de6   0x00000002   PAD
    0x08005de8   0x00000174   Code   RO         1236    i.UART_SetConfig    stm32f4xx_hal_uart.o
    0x08005f5c   0x00000066   Code   RO         1237    i.UART_Transmit_IT  stm32f4xx_hal_uart.o
    0x08005fc2   0x00000092   Code   RO         1238    i.UART_WaitOnFlagUntilTimeout  stm32f4xx_hal_uart.o
    0x08006054   0x0000006c   Code   RO         3968    i.USART1_IRQHandler  usart.o
    0x080060c0   0x00000002   Code   RO          308    i.UsageFault_Handler  stm32f4xx_it.o
    0x080060c2   0x0000000e   Code   RO         4898    i._is_digit         c_w.l(__printf_wp.o)
    0x080060d0   0x00000002   Code   RO         3969    i._sys_exit         usart.o
    0x080060d2   0x00000002   PAD
    0x080060d4   0x00000014   Code   RO         3901    i.delay_init        delay.o
    0x080060e8   0x0000001a   Code   RO         3902    i.delay_ms          delay.o
    0x08006102   0x00000002   PAD
    0x08006104   0x00000034   Code   RO         3903    i.delay_us          delay.o
    0x08006138   0x00000014   Code   RO         3970    i.fputc             usart.o
    0x0800614c   0x00000210   Code   RO            5    i.main              main.o
    0x0800635c   0x00000004   Code   RO         4658    i.read_addr         usmart.o
    0x08006360   0x00000050   Code   RO         4616    i.sleep_mode_init   pwr.o
    0x080063b0   0x00000024   Code   RO         3971    i.uart_init         usart.o
    0x080063d4   0x00000094   Code   RO         4659    i.usmart_cmd_rec    usmart.o
    0x08006468   0x00000260   Code   RO         4660    i.usmart_exe        usmart.o
    0x080066c8   0x000000a4   Code   RO         4745    i.usmart_get_aparm  usmart_str.o
    0x0800676c   0x0000002e   Code   RO         4746    i.usmart_get_cmdname  usmart_str.o
    0x0800679a   0x00000002   PAD
    0x0800679c   0x00000168   Code   RO         4747    i.usmart_get_fname  usmart_str.o
    0x08006904   0x000000d0   Code   RO         4748    i.usmart_get_fparam  usmart_str.o
    0x080069d4   0x00000024   Code   RO         4749    i.usmart_get_parmpos  usmart_str.o
    0x080069f8   0x00000030   Code   RO         4661    i.usmart_get_runtime  usmart.o
    0x08006a28   0x00000028   Code   RO         4662    i.usmart_init       usmart.o
    0x08006a50   0x00000010   Code   RO         4750    i.usmart_pow        usmart_str.o
    0x08006a60   0x00000028   Code   RO         4663    i.usmart_reset_runtime  usmart.o
    0x08006a88   0x000000a4   Code   RO         4664    i.usmart_scan       usmart.o
    0x08006b2c   0x00000010   Code   RO         4751    i.usmart_search_nextc  usmart_str.o
    0x08006b3c   0x000000d6   Code   RO         4752    i.usmart_str2num    usmart_str.o
    0x08006c12   0x00000018   Code   RO         4753    i.usmart_strcmp     usmart_str.o
    0x08006c2a   0x00000012   Code   RO         4754    i.usmart_strcopy    usmart_str.o
    0x08006c3c   0x00000012   Code   RO         4755    i.usmart_strlen     usmart_str.o
    0x08006c4e   0x00000002   PAD
    0x08006c50   0x00000680   Code   RO         4665    i.usmart_sys_cmd_exe  usmart.o
    0x080072d0   0x00000004   Code   RO         4666    i.write_addr        usmart.o
    0x080072d4   0x0000005a   Code   RO         4921    x$fpl$dfixu         fz_wm.l(dfixu.o)
    0x0800732e   0x00000026   Code   RO         4925    x$fpl$dfltu         fz_wm.l(dflt_clz.o)
    0x08007354   0x00000154   Code   RO         4931    x$fpl$dmul          fz_wm.l(dmul.o)
    0x080074a8   0x0000009c   Code   RO         4943    x$fpl$dnaninf       fz_wm.l(dnaninf.o)
    0x08007544   0x0000000c   Code   RO         4945    x$fpl$dretinf       fz_wm.l(dretinf.o)
    0x08007550   0x0000000a   Code   RO         5040    x$fpl$fpinit        fz_wm.l(fpinit.o)
    0x0800755a   0x00000000   Code   RO         4947    x$fpl$usenofp       fz_wm.l(usenofp.o)
    0x0800755a   0x00000010   Data   RO         1074    .constdata          stm32f4xx_hal_rcc.o
    0x0800756a   0x00004740   Data   RO         4128    .constdata          lcd.o
    0x0800bcaa   0x00000028   Data   RO         4871    .constdata          c_w.l(_printf_hex_int.o)
    0x0800bcd2   0x00000011   Data   RO         4906    .constdata          c_w.l(__printf_flags_ss_wp.o)
    0x0800bce3   0x00000001   PAD
    0x0800bce4   0x00000028   Data   RO         4668    .conststring        usmart.o
    0x0800bd0c   0x0000011a   Data   RO         4824    .conststring        usmart_config.o
    0x0800be26   0x00000002   PAD
    0x0800be28   0x00000020   Data   RO         5103    Region$$Table       anon$$obj.o


    Execution Region RW_IRAM1 (Base: 0x20000000, Size: 0x00000ac8, Max: 0x00030000, ABSOLUTE, COMPRESSED[0x0000006c])

    Base Addr    Size         Type   Attr      Idx    E Section Name        Object

    0x20000000   0x00000014   Data   RW          380    .data               system_stm32f4xx.o
    0x20000014   0x00000004   Data   RW          544    .data               stm32f4xx_hal.o
    0x20000018   0x00000004   Data   RW         3904    .data               delay.o
    0x2000001c   0x00000002   Data   RW         3973    .data               usart.o
    0x2000001e   0x00000002   PAD
    0x20000020   0x00000004   Data   RW         3974    .data               usart.o
    0x20000024   0x00000008   Data   RW         4129    .data               lcd.o
    0x2000002c   0x00000008   Data   RW         4392    .data               ltdc.o
    0x20000034   0x0000000b   Data   RW         4502    .data               rtc.o
    0x2000003f   0x00000001   PAD
    0x20000040   0x00000004   Data   RW         4572    .data               rng.o
    0x20000044   0x0000001c   Data   RW         4669    .data               usmart.o
    0x20000060   0x00000030   Data   RW         4825    .data               usmart_config.o
    0x20000090   0x000000f4   Data   RW         4826    .data               usmart_config.o
    0x20000184   0x00000108   Zero   RW         3972    .bss                usart.o
    0x2000028c   0x0000005e   Zero   RW         4127    .bss                lcd.o
    0x200002ea   0x00000002   PAD
    0x200002ec   0x00000034   Zero   RW         4320    .bss                sdram.o
    0x20000320   0x000000c8   Zero   RW         4390    .bss                ltdc.o
    0x200003e8   0x00000034   Zero   RW         4501    .bss                rtc.o
    0x2000041c   0x0000000c   Zero   RW         4571    .bss                rng.o
    0x20000428   0x0000003c   Zero   RW         4667    .bss                usmart.o
    0x20000464   0x00000060   Zero   RW         4982    .bss                c_w.l(libspace.o)
    0x200004c4   0x00000004   PAD
    0x200004c8   0x00000200   Zero   RW          512    HEAP                startup_stm32f429xx.o
    0x200006c8   0x00000400   Zero   RW          511    STACK               startup_stm32f429xx.o



  Load Region LR$$.ARM.__AT_0xC0000000 (Base: 0xc0000000, Size: 0x00000000, Max: 0x001f4000, ABSOLUTE)

    Execution Region ER$$.ARM.__AT_0xC0000000 (Base: 0xc0000000, Size: 0x001f4000, Max: 0x001f4000, ABSOLUTE, UNINIT)

    Base Addr    Size         Type   Attr      Idx    E Section Name        Object

    0xc0000000   0x001f4000   Zero   RW         4389    .ARM.__AT_0xC0000000  ltdc.o


==============================================================================

Image component sizes


      Code (inc. data)   RO Data    RW Data    ZI Data      Debug   Object Name

        98          8          0          4          0       1871   delay.o
       128         18          0          0          0       1011   key.o
     10972        176      18240          8         94      18037   lcd.o
       116         16          0          0          0       1897   led.o
      1386        116          0          8    2048200       8984   ltdc.o
       528        228          0          0          0     459447   main.o
       310         36          0          0          0       2687   pwr.o
       134         26          0          4         12       2820   rng.o
       480         94          0         11         52       6178   rtc.o
       448         46          0          0         52       3342   sdram.o
        64         26        428          0       1536        848   startup_stm32f429xx.o
       122         16          0          4          0       4216   stm32f4xx_hal.o
       218         14          0          0          0      30641   stm32f4xx_hal_cortex.o
       520         60          0          0          0       3622   stm32f4xx_hal_gpio.o
       856          4          0          0          0       4349   stm32f4xx_hal_ltdc.o
        72         18          0          0          0       1708   stm32f4xx_hal_pwr.o
       136         14          0          0          0       1308   stm32f4xx_hal_pwr_ex.o
      1572         72         16          0          0       6115   stm32f4xx_hal_rcc.o
       680         36          0          0          0       1584   stm32f4xx_hal_rcc_ex.o
       164          0          0          0          0       1958   stm32f4xx_hal_rng.o
      1404         38          0          0          0       8748   stm32f4xx_hal_rtc.o
        22          0          0          0          0       2235   stm32f4xx_hal_rtc_ex.o
       146          0          0          0          0       2564   stm32f4xx_hal_sdram.o
        86          0          0          0          0       1148   stm32f4xx_hal_sram.o
       272         44          0          0          0       3848   stm32f4xx_hal_tim.o
      1332          8          0          0          0       7962   stm32f4xx_hal_uart.o
        20          0          0          0          0       4130   stm32f4xx_it.o
       560         20          0          0          0       5484   stm32f4xx_ll_fmc.o
       132         10          0          0          0       1083   sys.o
        84         18          0         20          0       1085   system_stm32f4xx.o
       314         36          0          6        264       4783   usart.o
      2856       1354         40         28         60       7803   usmart.o
         0          0        282        292          0       1684   usmart_config.o
      1120         20          0          0          0       8235   usmart_str.o

    ----------------------------------------------------------------------
     27382       2572      19040        388    2050272     623415   Object Totals
         0          0         32          0          0          0   (incl. Generated)
        30          0          2          3          2          0   (incl. Padding)

    ----------------------------------------------------------------------

      Code (inc. data)   RO Data    RW Data    ZI Data      Debug   Library Member Name

        90          0          0          0          0          0   __dczerorl2.o
         8          0          0          0          0         68   __main.o
       392          4         17          0          0         92   __printf_flags_ss_wp.o
        14          0          0          0          0         68   __printf_wp.o
         0          0          0          0          0          0   __rtentry.o
        12          0          0          0          0          0   __rtentry2.o
         6          0          0          0          0          0   __rtentry4.o
        52          8          0          0          0          0   __scatter.o
        28          0          0          0          0          0   __scatter_zi.o
         6          0          0          0          0          0   _printf_c.o
        44          0          0          0          0        108   _printf_char.o
        48          6          0          0          0         96   _printf_char_common.o
        36          4          0          0          0         80   _printf_char_file.o
         6          0          0          0          0          0   _printf_d.o
       120         16          0          0          0         92   _printf_dec.o
        88          4         40          0          0         88   _printf_hex_int.o
         6          0          0          0          0          0   _printf_i.o
       178          0          0          0          0         88   _printf_intcommon.o
        78          0          0          0          0        108   _printf_pad.o
         0          0          0          0          0          0   _printf_percent.o
         4          0          0          0          0          0   _printf_percent_end.o
         6          0          0          0          0          0   _printf_s.o
        82          0          0          0          0         80   _printf_str.o
         6          0          0          0          0          0   _printf_u.o
         6          0          0          0          0          0   _printf_x.o
        12          0          0          0          0         72   exit.o
         8          0          0          0          0         68   ferror.o
         6          0          0          0          0        152   heapauxi.o
         2          0          0          0          0          0   libinit.o
         6          0          0          0          0          0   libinit2.o
         2          0          0          0          0          0   libshutdown.o
         2          0          0          0          0          0   libshutdown2.o
         8          4          0          0         96         68   libspace.o
        24          4          0          0          0         84   noretval__2printf.o
       100          0          0          0          0         80   rt_memcpy_w.o
         2          0          0          0          0          0   rtexit.o
        10          0          0          0          0          0   rtexit2.o
        74          0          0          0          0         80   sys_stackheap_outer.o
         2          0          0          0          0         68   use_no_semi.o
         2          0          0          0          0         68   use_no_semi_2.o
        90          4          0          0          0        140   dfixu.o
        38          0          0          0          0        116   dflt_clz.o
       340         12          0          0          0        152   dmul.o
       156          4          0          0          0        140   dnaninf.o
        12          0          0          0          0        116   dretinf.o
        10          0          0          0          0        116   fpinit.o
         0          0          0          0          0          0   usenofp.o

    ----------------------------------------------------------------------
      2232         70         58          0        100       2488   Library Totals
        10          0          1          0          4          0   (incl. Padding)

    ----------------------------------------------------------------------

      Code (inc. data)   RO Data    RW Data    ZI Data      Debug   Library Name

      1576         50         57          0         96       1708   c_w.l
       646         20          0          0          0        780   fz_wm.l

    ----------------------------------------------------------------------
      2232         70         58          0        100       2488   Library Totals

    ----------------------------------------------------------------------

==============================================================================


      Code (inc. data)   RO Data    RW Data    ZI Data      Debug   

     29614       2642      19098        388    2050372     609071   Grand Totals
     29614       2642      19098        108    2050372     609071   ELF Image Totals (compressed)
     29614       2642      19098        108          0          0   ROM Totals

==============================================================================

    Total RO  Size (Code + RO Data)                48712 (  47.57kB)
    Total RW  Size (RW Data + ZI Data)           2050760 (2002.70kB)
    Total ROM Size (Code + RO Data + RW Data)      48820 (  47.68kB)

==============================================================================

