Component: ARM Compiler 5.05 update 1 (build 106) Tool: armlink [4d0efa]

==============================================================================

Section Cross References

    main.o(i.main) refers to stm32f4xx_hal.o(i.HAL_Init) for HAL_Init
    main.o(i.main) refers to sys.o(i.Stm32_Clock_Init) for Stm32_Clock_Init
    main.o(i.main) refers to delay.o(i.delay_init) for delay_init
    main.o(i.main) refers to usart.o(i.uart_init) for uart_init
    main.o(i.main) refers to led.o(i.LED_Init) for LED_Init
    main.o(i.main) refers to key.o(i.KEY_Init) for KEY_Init
    main.o(i.main) refers to sdram.o(i.SDRAM_Init) for SDRAM_Init
    main.o(i.main) refers to lcd.o(i.LCD_Init) for LCD_Init
    main.o(i.main) refers to lcd.o(i.LCD_ShowString) for LCD_ShowString
    main.o(i.main) refers to rtc.o(i.RTC_Init) for RTC_Init
    main.o(i.main) refers to printf8.o(i.__0printf$8) for __2printf
    main.o(i.main) refers to rtc.o(i.RTC_read_Time) for RTC_read_Time
    main.o(i.main) refers to rtc.o(i.RTC_read_Date) for RTC_read_Date
    main.o(i.main) refers to delay.o(i.delay_ms) for delay_ms
    main.o(i.main) refers to usmart_config.o(.data) for usmart_dev
    main.o(i.main) refers to lcd.o(.data) for POINT_COLOR
    main.o(i.main) refers to rtc.o(.data) for RTC_GetTime
    stm32f4xx_it.o(i.SysTick_Handler) refers to stm32f4xx_hal.o(i.HAL_IncTick) for HAL_IncTick
    system_stm32f4xx.o(i.SystemCoreClockUpdate) refers to system_stm32f4xx.o(.data) for .data
    startup_stm32f429xx.o(RESET) refers to startup_stm32f429xx.o(STACK) for __initial_sp
    startup_stm32f429xx.o(RESET) refers to startup_stm32f429xx.o(.text) for Reset_Handler
    startup_stm32f429xx.o(RESET) refers to stm32f4xx_it.o(i.NMI_Handler) for NMI_Handler
    startup_stm32f429xx.o(RESET) refers to stm32f4xx_it.o(i.HardFault_Handler) for HardFault_Handler
    startup_stm32f429xx.o(RESET) refers to stm32f4xx_it.o(i.MemManage_Handler) for MemManage_Handler
    startup_stm32f429xx.o(RESET) refers to stm32f4xx_it.o(i.BusFault_Handler) for BusFault_Handler
    startup_stm32f429xx.o(RESET) refers to stm32f4xx_it.o(i.UsageFault_Handler) for UsageFault_Handler
    startup_stm32f429xx.o(RESET) refers to stm32f4xx_it.o(i.SVC_Handler) for SVC_Handler
    startup_stm32f429xx.o(RESET) refers to stm32f4xx_it.o(i.DebugMon_Handler) for DebugMon_Handler
    startup_stm32f429xx.o(RESET) refers to stm32f4xx_it.o(i.PendSV_Handler) for PendSV_Handler
    startup_stm32f429xx.o(RESET) refers to stm32f4xx_it.o(i.SysTick_Handler) for SysTick_Handler
    startup_stm32f429xx.o(RESET) refers to usmart.o(i.TIM4_IRQHandler) for TIM4_IRQHandler
    startup_stm32f429xx.o(RESET) refers to usart.o(i.USART1_IRQHandler) for USART1_IRQHandler
    startup_stm32f429xx.o(.text) refers to system_stm32f4xx.o(i.SystemInit) for SystemInit
    startup_stm32f429xx.o(.text) refers to entry.o(.ARM.Collect$$$$00000000) for __main
    stm32f4xx_hal.o(i.HAL_DeInit) refers to stm32f4xx_hal.o(i.HAL_MspDeInit) for HAL_MspDeInit
    stm32f4xx_hal.o(i.HAL_Delay) refers to stm32f4xx_hal.o(i.HAL_GetTick) for HAL_GetTick
    stm32f4xx_hal.o(i.HAL_GetTick) refers to stm32f4xx_hal.o(.data) for .data
    stm32f4xx_hal.o(i.HAL_IncTick) refers to stm32f4xx_hal.o(.data) for .data
    stm32f4xx_hal.o(i.HAL_Init) refers to stm32f4xx_hal_cortex.o(i.HAL_NVIC_SetPriorityGrouping) for HAL_NVIC_SetPriorityGrouping
    stm32f4xx_hal.o(i.HAL_Init) refers to stm32f4xx_hal.o(i.HAL_InitTick) for HAL_InitTick
    stm32f4xx_hal.o(i.HAL_Init) refers to stm32f4xx_hal.o(i.HAL_MspInit) for HAL_MspInit
    stm32f4xx_hal.o(i.HAL_InitTick) refers to stm32f4xx_hal_rcc.o(i.HAL_RCC_GetHCLKFreq) for HAL_RCC_GetHCLKFreq
    stm32f4xx_hal.o(i.HAL_InitTick) refers to stm32f4xx_hal_cortex.o(i.HAL_SYSTICK_Config) for HAL_SYSTICK_Config
    stm32f4xx_hal.o(i.HAL_InitTick) refers to stm32f4xx_hal_cortex.o(i.HAL_NVIC_SetPriority) for HAL_NVIC_SetPriority
    stm32f4xx_hal_cortex.o(i.HAL_NVIC_SetPriority) refers to stm32f4xx_hal_cortex.o(i.NVIC_SetPriority) for NVIC_SetPriority
    stm32f4xx_hal_cortex.o(i.HAL_SYSTICK_Config) refers to stm32f4xx_hal_cortex.o(i.NVIC_SetPriority) for NVIC_SetPriority
    stm32f4xx_hal_cortex.o(i.HAL_SYSTICK_IRQHandler) refers to stm32f4xx_hal_cortex.o(i.HAL_SYSTICK_Callback) for HAL_SYSTICK_Callback
    stm32f4xx_hal_gpio.o(i.HAL_GPIO_EXTI_IRQHandler) refers to stm32f4xx_hal_gpio.o(i.HAL_GPIO_EXTI_Callback) for HAL_GPIO_EXTI_Callback
    stm32f4xx_hal_pwr.o(i.HAL_PWR_PVD_IRQHandler) refers to stm32f4xx_hal_pwr.o(i.HAL_PWR_PVDCallback) for HAL_PWR_PVDCallback
    stm32f4xx_hal_pwr_ex.o(i.HAL_PWREx_ControlVoltageScaling) refers to stm32f4xx_hal.o(i.HAL_GetTick) for HAL_GetTick
    stm32f4xx_hal_pwr_ex.o(i.HAL_PWREx_DisableBkUpReg) refers to stm32f4xx_hal.o(i.HAL_GetTick) for HAL_GetTick
    stm32f4xx_hal_pwr_ex.o(i.HAL_PWREx_DisableOverDrive) refers to stm32f4xx_hal.o(i.HAL_GetTick) for HAL_GetTick
    stm32f4xx_hal_pwr_ex.o(i.HAL_PWREx_EnableBkUpReg) refers to stm32f4xx_hal.o(i.HAL_GetTick) for HAL_GetTick
[...]
    ../clib/microlib/printf/printf.c         0x00000000   Number         0  printf7.o ABSOLUTE
    ../clib/microlib/printf/printf.c         0x00000000   Number         0  printf8.o ABSOLUTE
    ../clib/microlib/printf/printf.c         0x00000000   Number         0  printfa.o ABSOLUTE
    ../clib/microlib/printf/printf.c         0x00000000   Number         0  printf3.o ABSOLUTE
    ../clib/microlib/printf/stubs.s          0x00000000   Number         0  stubs.o ABSOLUTE
    ../clib/microlib/string/memcpy.c         0x00000000   Number         0  memcpya.o ABSOLUTE
    ../clib/microlib/string/memcpy.c         0x00000000   Number         0  memcpyb.o ABSOLUTE
    ../clib/microlib/stubs.s                 0x00000000   Number         0  iusefp.o ABSOLUTE
    ../clib/microlib/stubs.s                 0x00000000   Number         0  useno.o ABSOLUTE
    ../fplib/microlib/fpadd.c                0x00000000   Number         0  dadd.o ABSOLUTE
    ../fplib/microlib/fpdiv.c                0x00000000   Number         0  ddiv.o ABSOLUTE
    ../fplib/microlib/fpepilogue.c           0x00000000   Number         0  depilogue.o ABSOLUTE
    ../fplib/microlib/fpfix.c                0x00000000   Number         0  dfixul.o ABSOLUTE
    ../fplib/microlib/fpfix.c                0x00000000   Number         0  dfixui.o ABSOLUTE
    ../fplib/microlib/fpflt.c                0x00000000   Number         0  dfltui.o ABSOLUTE
    ../fplib/microlib/fpmul.c                0x00000000   Number         0  dmul.o ABSOLUTE
    ..\CORE\startup_stm32f429xx.s            0x00000000   Number         0  startup_stm32f429xx.o ABSOLUTE
    ..\HALLIB\STM32F4xx_HAL_Driver\Src\stm32f4xx_hal.c 0x00000000   Number         0  stm32f4xx_hal.o ABSOLUTE
    ..\HALLIB\STM32F4xx_HAL_Driver\Src\stm32f4xx_hal_cortex.c 0x00000000   Number         0  stm32f4xx_hal_cortex.o ABSOLUTE
    ..\HALLIB\STM32F4xx_HAL_Driver\Src\stm32f4xx_hal_dma.c 0x00000000   Number         0  stm32f4xx_hal_dma.o ABSOLUTE
    ..\HALLIB\STM32F4xx_HAL_Driver\Src\stm32f4xx_hal_dma2d.c 0x00000000   Number         0  stm32f4xx_hal_dma2d.o ABSOLUTE
    ..\HALLIB\STM32F4xx_HAL_Driver\Src\stm32f4xx_hal_dma_ex.c 0x00000000   Number         0  stm32f4xx_hal_dma_ex.o ABSOLUTE
    ..\HALLIB\STM32F4xx_HAL_Driver\Src\stm32f4xx_hal_gpio.c 0x00000000   Number         0  stm32f4xx_hal_gpio.o ABSOLUTE
    ..\HALLIB\STM32F4xx_HAL_Driver\Src\stm32f4xx_hal_ltdc.c 0x00000000   Number         0  stm32f4xx_hal_ltdc.o ABSOLUTE
    ..\HALLIB\STM32F4xx_HAL_Driver\Src\stm32f4xx_hal_ltdc_ex.c 0x00000000   Number         0  stm32f4xx_hal_ltdc_ex.o ABSOLUTE
    ..\HALLIB\STM32F4xx_HAL_Driver\Src\stm32f4xx_hal_pwr.c 0x00000000   Number         0  stm32f4xx_hal_pwr.o ABSOLUTE
    ..\HALLIB\STM32F4xx_HAL_Driver\Src\stm32f4xx_hal_pwr_ex.c 0x00000000   Number         0  stm32f4xx_hal_pwr_ex.o ABSOLUTE
    ..\HALLIB\STM32F4xx_HAL_Driver\Src\stm32f4xx_hal_rcc.c 0x00000000   Number         0  stm32f4xx_hal_rcc.o ABSOLUTE
    ..\HALLIB\STM32F4xx_HAL_Driver\Src\stm32f4xx_hal_rcc_ex.c 0x00000000   Number         0  stm32f4xx_hal_rcc_ex.o ABSOLUTE
    ..\HALLIB\STM32F4xx_HAL_Driver\Src\stm32f4xx_hal_rtc.c 0x00000000   Number         0  stm32f4xx_hal_rtc.o ABSOLUTE
    ..\HALLIB\STM32F4xx_HAL_Driver\Src\stm32f4xx_hal_rtc_ex.c 0x00000000   Number         0  stm32f4xx_hal_rtc_ex.o ABSOLUTE
    ..\HALLIB\STM32F4xx_HAL_Driver\Src\stm32f4xx_hal_sdram.c 0x00000000   Number         0  stm32f4xx_hal_sdram.o ABSOLUTE
    ..\HALLIB\STM32F4xx_HAL_Driver\Src\stm32f4xx_hal_sram.c 0x00000000   Number         0  stm32f4xx_hal_sram.o ABSOLUTE
    ..\HALLIB\STM32F4xx_HAL_Driver\Src\stm32f4xx_hal_tim.c 0x00000000   Number         0  stm32f4xx_hal_tim.o ABSOLUTE
    ..\HALLIB\STM32F4xx_HAL_Driver\Src\stm32f4xx_hal_tim_ex.c 0x00000000   Number         0  stm32f4xx_hal_tim_ex.o ABSOLUTE
    ..\HALLIB\STM32F4xx_HAL_Driver\Src\stm32f4xx_hal_uart.c 0x00000000   Number         0  stm32f4xx_hal_uart.o ABSOLUTE
    ..\HALLIB\STM32F4xx_HAL_Driver\Src\stm32f4xx_hal_usart.c 0x00000000   Number         0  stm32f4xx_hal_usart.o ABSOLUTE
    ..\HALLIB\STM32F4xx_HAL_Driver\Src\stm32f4xx_ll_fmc.c 0x00000000   Number         0  stm32f4xx_ll_fmc.o ABSOLUTE
    ..\HARDWARE\KEY\key.c                    0x00000000   Number         0  key.o ABSOLUTE
    ..\HARDWARE\LCD\lcd.c                    0x00000000   Number         0  lcd.o ABSOLUTE
    ..\HARDWARE\LCD\ltdc.c                   0x00000000   Number         0  ltdc.o ABSOLUTE
    ..\HARDWARE\LED\led.c                    0x00000000   Number         0  led.o ABSOLUTE
    ..\HARDWARE\SDRAM\sdram.c                0x00000000   Number         0  sdram.o ABSOLUTE
    ..\HARDWARE\rtc.c                        0x00000000   Number         0  rtc.o ABSOLUTE
    ..\SYSTEM\delay\delay.c                  0x00000000   Number         0  delay.o ABSOLUTE
    ..\SYSTEM\sys\sys.c                      0x00000000   Number         0  sys.o ABSOLUTE
    ..\SYSTEM\usart\usart.c                  0x00000000   Number         0  usart.o ABSOLUTE
    ..\USMART\usmart.c                       0x00000000   Number         0  usmart.o ABSOLUTE
    ..\USMART\usmart_config.c                0x00000000   Number         0  usmart_config.o ABSOLUTE
    ..\USMART\usmart_str.c                   0x00000000   Number         0  usmart_str.o ABSOLUTE
    ..\\HALLIB\\STM32F4xx_HAL_Driver\\Src\\stm32f4xx_hal.c 0x00000000   Number         0  stm32f4xx_hal.o ABSOLUTE
    ..\\HALLIB\\STM32F4xx_HAL_Driver\\Src\\stm32f4xx_hal_cortex.c 0x00000000   Number         0  stm32f4xx_hal_cortex.o ABSOLUTE
    ..\\HALLIB\\STM32F4xx_HAL_Driver\\Src\\stm32f4xx_hal_dma.c 0x00000000   Number         0  stm32f4xx_hal_dma.o ABSOLUTE
    ..\\HALLIB\\STM32F4xx_HAL_Driver\\Src\\stm32f4xx_hal_dma2d.c 0x00000000   Number         0  stm32f4xx_hal_dma2d.o ABSOLUTE
    ..\\HALLIB\\STM32F4xx_HAL_Driver\\Src\\stm32f4xx_hal_dma_ex.c 0x00000000   Number         0  stm32f4xx_hal_dma_ex.o ABSOLUTE
    ..\\HALLIB\\STM32F4xx_HAL_Driver\\Src\\stm32f4xx_hal_gpio.c 0x00000000   Number         0  stm32f4xx_hal_gpio.o ABSOLUTE
    ..\\HALLIB\\STM32F4xx_HAL_Driver\\Src\\stm32f4xx_hal_ltdc.c 0x00000000   Number         0  stm32f4xx_hal_ltdc.o ABSOLUTE
    ..\\HALLIB\\STM32F4xx_HAL_Driver\\Src\\stm32f4xx_hal_ltdc_ex.c 0x00000000   Number         0  stm32f4xx_hal_ltdc_ex.o ABSOLUTE
    ..\\HALLIB\\STM32F4xx_HAL_Driver\\Src\\stm32f4xx_hal_pwr.c 0x00000000   Number         0  stm32f4xx_hal_pwr.o ABSOLUTE
    ..\\HALLIB\\STM32F4xx_HAL_Driver\\Src\\stm32f4xx_hal_pwr_ex.c 0x00000000   Number         0  stm32f4xx_hal_pwr_ex.o ABSOLUTE
    ..\\HALLIB\\STM32F4xx_HAL_Driver\\Src\\stm32f4xx_hal_rcc.c 0x00000000   Number         0  stm32f4xx_hal_rcc.o ABSOLUTE
    ..\\HALLIB\\STM32F4xx_HAL_Driver\\Src\\stm32f4xx_hal_rcc_ex.c 0x00000000   Number         0  stm32f4xx_hal_rcc_ex.o ABSOLUTE
    ..\\HALLIB\\STM32F4xx_HAL_Driver\\Src\\stm32f4xx_hal_rtc.c 0x00000000   Number         0  stm32f4xx_hal_rtc.o ABSOLUTE
    ..\\HALLIB\\STM32F4xx_HAL_Driver\\Src\\stm32f4xx_hal_rtc_ex.c 0x00000000   Number         0  stm32f4xx_hal_rtc_ex.o ABSOLUTE
    ..\\HALLIB\\STM32F4xx_HAL_Driver\\Src\\stm32f4xx_hal_sdram.c 0x00000000   Number         0  stm32f4xx_hal_sdram.o ABSOLUTE
    ..\\HALLIB\\STM32F4xx_HAL_Driver\\Src\\stm32f4xx_hal_sram.c 0x00000000   Number         0  stm32f4xx_hal_sram.o ABSOLUTE
    ..\\HALLIB\\STM32F4xx_HAL_Driver\\Src\\stm32f4xx_hal_tim.c 0x00000000   Number         0  stm32f4xx_hal_tim.o ABSOLUTE
    ..\\HALLIB\\STM32F4xx_HAL_Driver\\Src\\stm32f4xx_hal_tim_ex.c 0x00000000   Number         0  stm32f4xx_hal_tim_ex.o ABSOLUTE
    ..\\HALLIB\\STM32F4xx_HAL_Driver\\Src\\stm32f4xx_hal_uart.c 0x00000000   Number         0  stm32f4xx_hal_uart.o ABSOLUTE
    ..\\HALLIB\\STM32F4xx_HAL_Driver\\Src\\stm32f4xx_hal_usart.c 0x00000000   Number         0  stm32f4xx_hal_usart.o ABSOLUTE
    ..\\HALLIB\\STM32F4xx_HAL_Driver\\Src\\stm32f4xx_ll_fmc.c 0x00000000   Number         0  stm32f4xx_ll_fmc.o ABSOLUTE
    ..\\HARDWARE\\KEY\\key.c                 0x00000000   Number         0  key.o ABSOLUTE
    ..\\HARDWARE\\LCD\\lcd.c                 0x00000000   Number         0  lcd.o ABSOLUTE
    ..\\HARDWARE\\LCD\\ltdc.c                0x00000000   Number         0  ltdc.o ABSOLUTE
    ..\\HARDWARE\\LED\\led.c                 0x00000000   Number         0  led.o ABSOLUTE
    ..\\HARDWARE\\SDRAM\\sdram.c             0x00000000   Number         0  sdram.o ABSOLUTE
    ..\\HARDWARE\\rtc.c                      0x00000000   Number         0  rtc.o ABSOLUTE
    ..\\SYSTEM\\delay\\delay.c               0x00000000   Number         0  delay.o ABSOLUTE
    ..\\SYSTEM\\sys\\sys.c                   0x00000000   Number         0  sys.o ABSOLUTE
    ..\\SYSTEM\\usart\\usart.c               0x00000000   Number         0  usart.o ABSOLUTE
    ..\\USMART\\usmart.c                     0x00000000   Number         0  usmart.o ABSOLUTE
    ..\\USMART\\usmart_config.c              0x00000000   Number         0  usmart_config.o ABSOLUTE
    ..\\USMART\\usmart_str.c                 0x00000000   Number         0  usmart_str.o ABSOLUTE
    cdrcmple.s                               0x00000000   Number         0  cdrcmple.o ABSOLUTE
    dc.s                                     0x00000000   Number         0  dc.o ABSOLUTE
    handlers.s                               0x00000000   Number         0  handlers.o ABSOLUTE
    init.s                                   0x00000000   Number         0  init.o ABSOLUTE
    main.c                                   0x00000000   Number         0  main.o ABSOLUTE
    main.c                                   0x00000000   Number         0  main.o ABSOLUTE
    stm32f4xx_it.c                           0x00000000   Number         0  stm32f4xx_it.o ABSOLUTE
    stm32f4xx_it.c                           0x00000000   Number         0  stm32f4xx_it.o ABSOLUTE
    system_stm32f4xx.c                       0x00000000   Number         0  system_stm32f4xx.o ABSOLUTE
    system_stm32f4xx.c                       0x00000000   Number         0  system_stm32f4xx.o ABSOLUTE
    RESET                                    0x08000000   Section      428  startup_stm32f429xx.o(RESET)
    .ARM.Collect$$$$00000000                 0x080001ac   Section        0  entry.o(.ARM.Collect$$$$00000000)
    .ARM.Collect$$$$00000001                 0x080001ac   Section        4  entry2.o(.ARM.Collect$$$$00000001)
    .ARM.Collect$$$$00000004                 0x080001b0   Section        4  entry5.o(.ARM.Collect$$$$00000004)
    .ARM.Collect$$$$00000008                 0x080001b4   Section        0  entry7b.o(.ARM.Collect$$$$00000008)
    .ARM.Collect$$$$0000000A                 0x080001b4   Section        0  entry8b.o(.ARM.Collect$$$$0000000A)
    .ARM.Collect$$$$0000000B                 0x080001b4   Section        8  entry9a.o(.ARM.Collect$$$$0000000B)
    .ARM.Collect$$$$0000000D                 0x080001bc   Section        0  entry10a.o(.ARM.Collect$$$$0000000D)
    .ARM.Collect$$$$0000000F                 0x080001bc   Section        0  entry11a.o(.ARM.Collect$$$$0000000F)
    .ARM.Collect$$$$00002712                 0x080001bc   Section        4  entry2.o(.ARM.Collect$$$$00002712)
    __lit__00000000                          0x080001bc   Data           4  entry2.o(.ARM.Collect$$$$00002712)
    .text                                    0x080001c0   Section       36  startup_stm32f429xx.o(.text)
    $v0                                      0x080001c0   Number         0  startup_stm32f429xx.o(.text)
    .text                                    0x080001e4   Section        0  memcpya.o(.text)
    .text                                    0x08000208   Section        0  dmul.o(.text)
    .text                                    0x080002ec   Section        0  dfltui.o(.text)
    .text                                    0x08000306   Section        0  dfixui.o(.text)
    .text                                    0x08000338   Section        0  uldiv.o(.text)
    .text                                    0x0800039a   Section        0  llushr.o(.text)
    .text                                    0x080003ba   Section        0  depilogue.o(.text)
    .text                                    0x080003ba   Section        0  iusefp.o(.text)
    .text                                    0x08000474   Section       36  init.o(.text)
    .text                                    0x08000498   Section        0  llshl.o(.text)
    .text                                    0x080004b6   Section        0  __dczerorl2.o(.text)
    i.BusFault_Handler                       0x0800050c   Section        0  stm32f4xx_it.o(i.BusFault_Handler)
    i.DebugMon_Handler                       0x0800050e   Section        0  stm32f4xx_it.o(i.DebugMon_Handler)
    i.FMC_NORSRAM_Extended_Timing_Init       0x08000510   Section        0  stm32f4xx_ll_fmc.o(i.FMC_NORSRAM_Extended_Timing_Init)
    i.FMC_NORSRAM_Init                       0x08000550   Section        0  stm32f4xx_ll_fmc.o(i.FMC_NORSRAM_Init)
    i.FMC_NORSRAM_Timing_Init                0x080005c8   Section        0  stm32f4xx_ll_fmc.o(i.FMC_NORSRAM_Timing_Init)
    i.FMC_SDRAM_Init                         0x08000624   Section        0  stm32f4xx_ll_fmc.o(i.FMC_SDRAM_Init)
    i.FMC_SDRAM_ProgramRefreshRate           0x08000670   Section        0  stm32f4xx_ll_fmc.o(i.FMC_SDRAM_ProgramRefreshRate)
    i.FMC_SDRAM_SendCommand                  0x0800067c   Section        0  stm32f4xx_ll_fmc.o(i.FMC_SDRAM_SendCommand)
    i.FMC_SDRAM_Timing_Init                  0x080006c4   Section        0  stm32f4xx_ll_fmc.o(i.FMC_SDRAM_Timing_Init)
    i.HAL_GPIO_Init                          0x08000740   Section        0  stm32f4xx_hal_gpio.o(i.HAL_GPIO_Init)
    i.HAL_GPIO_ReadPin                       0x0800091c   Section        0  stm32f4xx_hal_gpio.o(i.HAL_GPIO_ReadPin)
    i.HAL_GPIO_WritePin                      0x08000926   Section        0  stm32f4xx_hal_gpio.o(i.HAL_GPIO_WritePin)
    i.HAL_GetTick                            0x08000930   Section        0  stm32f4xx_hal.o(i.HAL_GetTick)
    i.HAL_IncTick                            0x0800093c   Section        0  stm32f4xx_hal.o(i.HAL_IncTick)
    i.HAL_Init                               0x0800094c   Section        0  stm32f4xx_hal.o(i.HAL_Init)
    i.HAL_InitTick                           0x08000980   Section        0  stm32f4xx_hal.o(i.HAL_InitTick)
    i.HAL_LTDC_ConfigLayer                   0x080009a2   Section        0  stm32f4xx_hal_ltdc.o(i.HAL_LTDC_ConfigLayer)
    i.HAL_LTDC_Init                          0x080009f4   Section        0  stm32f4xx_hal_ltdc.o(i.HAL_LTDC_Init)
    i.HAL_LTDC_MspInit                       0x08000af0   Section        0  ltdc.o(i.HAL_LTDC_MspInit)
    i.HAL_LTDC_SetWindowPosition             0x08000be4   Section        0  stm32f4xx_hal_ltdc.o(i.HAL_LTDC_SetWindowPosition)
    i.HAL_LTDC_SetWindowSize                 0x08000c38   Section        0  stm32f4xx_hal_ltdc.o(i.HAL_LTDC_SetWindowSize)
    i.HAL_MspInit                            0x08000c8c   Section        0  stm32f4xx_hal.o(i.HAL_MspInit)
    i.HAL_NVIC_EnableIRQ                     0x08000c94   Section        0  stm32f4xx_hal_cortex.o(i.HAL_NVIC_EnableIRQ)
    i.HAL_NVIC_SetPriority                   0x08000cac   Section        0  stm32f4xx_hal_cortex.o(i.HAL_NVIC_SetPriority)
    i.HAL_NVIC_SetPriorityGrouping           0x08000cec   Section        0  stm32f4xx_hal_cortex.o(i.HAL_NVIC_SetPriorityGrouping)
    i.HAL_PWREx_EnableOverDrive              0x08000d10   Section        0  stm32f4xx_hal_pwr_ex.o(i.HAL_PWREx_EnableOverDrive)
    i.HAL_PWR_EnableBkUpAccess               0x08000d98   Section        0  stm32f4xx_hal_pwr.o(i.HAL_PWR_EnableBkUpAccess)
    i.HAL_RCCEx_PeriphCLKConfig              0x08000db0   Section        0  stm32f4xx_hal_rcc_ex.o(i.HAL_RCCEx_PeriphCLKConfig)
    i.HAL_RCC_ClockConfig                    0x08001058   Section        0  stm32f4xx_hal_rcc.o(i.HAL_RCC_ClockConfig)
    i.HAL_RCC_GetHCLKFreq                    0x08001260   Section        0  stm32f4xx_hal_rcc.o(i.HAL_RCC_GetHCLKFreq)
    i.HAL_RCC_GetPCLK1Freq                   0x08001294   Section        0  stm32f4xx_hal_rcc.o(i.HAL_RCC_GetPCLK1Freq)
    i.HAL_RCC_GetPCLK2Freq                   0x080012c0   Section        0  stm32f4xx_hal_rcc.o(i.HAL_RCC_GetPCLK2Freq)
    i.HAL_RCC_GetSysClockFreq                0x080012ec   Section        0  stm32f4xx_hal_rcc.o(i.HAL_RCC_GetSysClockFreq)
    i.HAL_RCC_OscConfig                      0x08001360   Section        0  stm32f4xx_hal_rcc.o(i.HAL_RCC_OscConfig)
    i.HAL_RTCEx_BKUPRead                     0x0800167c   Section        0  stm32f4xx_hal_rtc_ex.o(i.HAL_RTCEx_BKUPRead)
    i.HAL_RTCEx_BKUPWrite                    0x08001686   Section        0  stm32f4xx_hal_rtc_ex.o(i.HAL_RTCEx_BKUPWrite)
    i.HAL_RTC_GetDate                        0x08001690   Section        0  stm32f4xx_hal_rtc.o(i.HAL_RTC_GetDate)
    i.HAL_RTC_GetTime                        0x080016d4   Section        0  stm32f4xx_hal_rtc.o(i.HAL_RTC_GetTime)
    i.HAL_RTC_Init                           0x0800172c   Section        0  stm32f4xx_hal_rtc.o(i.HAL_RTC_Init)
    i.HAL_RTC_MspInit                        0x080017c8   Section        0  stm32f4xx_hal_rtc.o(i.HAL_RTC_MspInit)
    i.HAL_RTC_SetDate                        0x080017cc   Section        0  stm32f4xx_hal_rtc.o(i.HAL_RTC_SetDate)
    i.HAL_RTC_SetTime                        0x0800189c   Section        0  stm32f4xx_hal_rtc.o(i.HAL_RTC_SetTime)
    i.HAL_RTC_WaitForSynchro                 0x0800198c   Section        0  stm32f4xx_hal_rtc.o(i.HAL_RTC_WaitForSynchro)
    i.HAL_SDRAM_Init                         0x080019c0   Section        0  stm32f4xx_hal_sdram.o(i.HAL_SDRAM_Init)
    i.HAL_SDRAM_MspInit                      0x08001a04   Section        0  sdram.o(i.HAL_SDRAM_MspInit)
    i.HAL_SDRAM_ProgramRefreshRate           0x08001ae0   Section        0  stm32f4xx_hal_sdram.o(i.HAL_SDRAM_ProgramRefreshRate)
    i.HAL_SDRAM_SendCommand                  0x08001b02   Section        0  stm32f4xx_hal_sdram.o(i.HAL_SDRAM_SendCommand)
    i.HAL_SRAM_Init                          0x08001b30   Section        0  stm32f4xx_hal_sram.o(i.HAL_SRAM_Init)
    i.HAL_SRAM_MspInit                       0x08001b88   Section        0  lcd.o(i.HAL_SRAM_MspInit)
    i.HAL_SYSTICK_CLKSourceConfig            0x08001c00   Section        0  stm32f4xx_hal_cortex.o(i.HAL_SYSTICK_CLKSourceConfig)
    i.HAL_SYSTICK_Config                     0x08001c18   Section        0  stm32f4xx_hal_cortex.o(i.HAL_SYSTICK_Config)
    i.HAL_TIM_Base_Init                      0x08001c40   Section        0  stm32f4xx_hal_tim.o(i.HAL_TIM_Base_Init)
    i.HAL_TIM_Base_MspInit                   0x08001c76   Section        0  stm32f4xx_hal_tim.o(i.HAL_TIM_Base_MspInit)
    i.HAL_TIM_Base_Start_IT                  0x08001c78   Section        0  stm32f4xx_hal_tim.o(i.HAL_TIM_Base_Start_IT)
    i.HAL_UART_ErrorCallback                 0x08001c90   Section        0  stm32f4xx_hal_uart.o(i.HAL_UART_ErrorCallback)
    i.HAL_UART_IRQHandler                    0x08001c92   Section        0  stm32f4xx_hal_uart.o(i.HAL_UART_IRQHandler)
    i.HAL_UART_Init                          0x08001d86   Section        0  stm32f4xx_hal_uart.o(i.HAL_UART_Init)
    i.HAL_UART_MspInit                       0x08001de4   Section        0  usart.o(i.HAL_UART_MspInit)
    i.HAL_UART_Receive                       0x08001e78   Section        0  stm32f4xx_hal_uart.o(i.HAL_UART_Receive)
    i.HAL_UART_RxCpltCallback                0x08001f42   Section        0  stm32f4xx_hal_uart.o(i.HAL_UART_RxCpltCallback)
    i.HAL_UART_TxCpltCallback                0x08001f44   Section        0  stm32f4xx_hal_uart.o(i.HAL_UART_TxCpltCallback)
    i.HardFault_Handler                      0x08001f46   Section        0  stm32f4xx_it.o(i.HardFault_Handler)
    i.KEY_Init                               0x08001f48   Section        0  key.o(i.KEY_Init)
    i.LCD_Clear                              0x08001fc8   Section        0  lcd.o(i.LCD_Clear)
    i.LCD_Display_Dir                        0x08002010   Section        0  lcd.o(i.LCD_Display_Dir)
    i.LCD_Fast_DrawPoint                     0x08002104   Section        0  lcd.o(i.LCD_Fast_DrawPoint)
    i.LCD_Init                               0x080021fc   Section        0  lcd.o(i.LCD_Init)
    i.LCD_RD_DATA                            0x08004588   Section        0  lcd.o(i.LCD_RD_DATA)
    i.LCD_SSD_BackLightSet                   0x0800459c   Section        0  lcd.o(i.LCD_SSD_BackLightSet)
    i.LCD_Scan_Dir                           0x080045ec   Section        0  lcd.o(i.LCD_Scan_Dir)
    i.LCD_SetCursor                          0x080047a4   Section        0  lcd.o(i.LCD_SetCursor)
    i.LCD_ShowChar                           0x080048a8   Section        0  lcd.o(i.LCD_ShowChar)
    i.LCD_ShowString                         0x08004984   Section        0  lcd.o(i.LCD_ShowString)
    i.LCD_WR_DATA                            0x080049d8   Section        0  lcd.o(i.LCD_WR_DATA)
    i.LCD_WR_REG                             0x080049f0   Section        0  lcd.o(i.LCD_WR_REG)
    i.LCD_WriteRAM_Prepare                   0x08004a08   Section        0  lcd.o(i.LCD_WriteRAM_Prepare)
    i.LCD_WriteReg                           0x08004a1c   Section        0  lcd.o(i.LCD_WriteReg)
    i.LED_0_Ctrl                             0x08004a2c   Section        0  led.o(i.LED_0_Ctrl)
    i.LED_1_Ctrl                             0x08004a40   Section        0  led.o(i.LED_1_Ctrl)
    i.LED_Init                               0x08004a54   Section        0  led.o(i.LED_Init)
    i.LTDC_Clear                             0x08004aa0   Section        0  ltdc.o(i.LTDC_Clear)
    i.LTDC_Clk_Set                           0x08004ac0   Section        0  ltdc.o(i.LTDC_Clk_Set)
    i.LTDC_Display_Dir                       0x08004ae0   Section        0  ltdc.o(i.LTDC_Display_Dir)
    i.LTDC_Draw_Point                        0x08004b08   Section        0  ltdc.o(i.LTDC_Draw_Point)
    i.LTDC_Fill                              0x08004b44   Section        0  ltdc.o(i.LTDC_Fill)
    i.LTDC_Init                              0x08004bf8   Section        0  ltdc.o(i.LTDC_Init)
    i.LTDC_Layer_Parameter_Config            0x08004de0   Section        0  ltdc.o(i.LTDC_Layer_Parameter_Config)
    i.LTDC_Layer_Window_Config               0x08004e3c   Section        0  ltdc.o(i.LTDC_Layer_Window_Config)
    i.LTDC_PanelID_Read                      0x08004e60   Section        0  ltdc.o(i.LTDC_PanelID_Read)
    i.LTDC_SetConfig                         0x08004f18   Section        0  stm32f4xx_hal_ltdc.o(i.LTDC_SetConfig)
    LTDC_SetConfig                           0x08004f19   Thumb Code   354  stm32f4xx_hal_ltdc.o(i.LTDC_SetConfig)
    i.MemManage_Handler                      0x0800507a   Section        0  stm32f4xx_it.o(i.MemManage_Handler)
    i.NMI_Handler                            0x0800507c   Section        0  stm32f4xx_it.o(i.NMI_Handler)
    i.NVIC_SetPriority                       0x0800507e   Section        0  stm32f4xx_hal_cortex.o(i.NVIC_SetPriority)
    NVIC_SetPriority                         0x0800507f   Thumb Code    32  stm32f4xx_hal_cortex.o(i.NVIC_SetPriority)
    i.PendSV_Handler                         0x0800509e   Section        0  stm32f4xx_it.o(i.PendSV_Handler)
    i.RTC_Bcd2ToByte                         0x080050a0   Section        0  stm32f4xx_hal_rtc.o(i.RTC_Bcd2ToByte)
    i.RTC_ByteToBcd2                         0x080050b2   Section        0  stm32f4xx_hal_rtc.o(i.RTC_ByteToBcd2)
    i.RTC_EnterInitMode                      0x080050c8   Section        0  stm32f4xx_hal_rtc.o(i.RTC_EnterInitMode)
    i.RTC_Init                               0x08005100   Section        0  rtc.o(i.RTC_Init)
    i.RTC_read_Date                          0x080051a0   Section        0  rtc.o(i.RTC_read_Date)
    i.RTC_read_Time                          0x080051d0   Section        0  rtc.o(i.RTC_read_Time)
    i.RTC_setDate                            0x08005200   Section        0  rtc.o(i.RTC_setDate)
    i.RTC_setTime                            0x08005220   Section        0  rtc.o(i.RTC_setTime)
    i.SDRAM_Init                             0x08005240   Section        0  sdram.o(i.SDRAM_Init)
    i.SDRAM_Initialization_Sequence          0x080052a0   Section        0  sdram.o(i.SDRAM_Initialization_Sequence)
    i.SDRAM_Send_Cmd                         0x080052f0   Section        0  sdram.o(i.SDRAM_Send_Cmd)
    i.SVC_Handler                            0x08005324   Section        0  stm32f4xx_it.o(i.SVC_Handler)
    i.Stm32_Clock_Init                       0x08005328   Section        0  sys.o(i.Stm32_Clock_Init)
    i.SysTick_Handler                        0x080053ac   Section        0  stm32f4xx_it.o(i.SysTick_Handler)
    i.SystemInit                             0x080053b0   Section        0  system_stm32f4xx.o(i.SystemInit)
    i.TIM4_IRQHandler                        0x08005404   Section        0  usmart.o(i.TIM4_IRQHandler)
    i.TIM_Base_SetConfig                     0x08005438   Section        0  stm32f4xx_hal_tim.o(i.TIM_Base_SetConfig)
    i.Timer4_Init                            0x080054f8   Section        0  usmart.o(i.Timer4_Init)
    i.UART_Receive_IT                        0x0800554c   Section        0  stm32f4xx_hal_uart.o(i.UART_Receive_IT)
    UART_Receive_IT                          0x0800554d   Thumb Code   166  stm32f4xx_hal_uart.o(i.UART_Receive_IT)
    i.UART_SetConfig                         0x080055f4   Section        0  stm32f4xx_hal_uart.o(i.UART_SetConfig)
    UART_SetConfig                           0x080055f5   Thumb Code   364  stm32f4xx_hal_uart.o(i.UART_SetConfig)
    i.UART_Transmit_IT                       0x08005768   Section        0  stm32f4xx_hal_uart.o(i.UART_Transmit_IT)
    UART_Transmit_IT                         0x08005769   Thumb Code   102  stm32f4xx_hal_uart.o(i.UART_Transmit_IT)
    i.UART_WaitOnFlagUntilTimeout            0x080057ce   Section        0  stm32f4xx_hal_uart.o(i.UART_WaitOnFlagUntilTimeout)
    UART_WaitOnFlagUntilTimeout              0x080057cf   Thumb Code   146  stm32f4xx_hal_uart.o(i.UART_WaitOnFlagUntilTimeout)
    i.USART1_IRQHandler                      0x08005860   Section        0  usart.o(i.USART1_IRQHandler)
    i.UsageFault_Handler                     0x080058cc   Section        0  stm32f4xx_it.o(i.UsageFault_Handler)
    i.__0printf$8                            0x080058d0   Section        0  printf8.o(i.__0printf$8)
    i.__scatterload_copy                     0x080058f0   Section       14  handlers.o(i.__scatterload_copy)
    i.__scatterload_null                     0x080058fe   Section        2  handlers.o(i.__scatterload_null)
    i.__scatterload_zeroinit                 0x08005900   Section       14  handlers.o(i.__scatterload_zeroinit)
    i._printf_core                           0x08005910   Section        0  printf8.o(i._printf_core)
    _printf_core                             0x08005911   Thumb Code   996  printf8.o(i._printf_core)
    i._printf_post_padding                   0x08005d20   Section        0  printf8.o(i._printf_post_padding)
    _printf_post_padding                     0x08005d21   Thumb Code    36  printf8.o(i._printf_post_padding)
    i._printf_pre_padding                    0x08005d44   Section        0  printf8.o(i._printf_pre_padding)
    _printf_pre_padding                      0x08005d45   Thumb Code    46  printf8.o(i._printf_pre_padding)
    i.delay_init                             0x08005d74   Section        0  delay.o(i.delay_init)
    i.delay_ms                               0x08005d88   Section        0  delay.o(i.delay_ms)
    i.delay_us                               0x08005da4   Section        0  delay.o(i.delay_us)
    i.fputc                                  0x08005dd8   Section        0  usart.o(i.fputc)
    i.main                                   0x08005dec   Section        0  main.o(i.main)
    i.read_addr                              0x08005f6c   Section        0  usmart.o(i.read_addr)
    i.uart_init                              0x08005f70   Section        0  usart.o(i.uart_init)
    i.usmart_cmd_rec                         0x08005f94   Section        0  usmart.o(i.usmart_cmd_rec)
    i.usmart_exe                             0x08006028   Section        0  usmart.o(i.usmart_exe)
    i.usmart_get_aparm                       0x08006288   Section        0  usmart_str.o(i.usmart_get_aparm)
    i.usmart_get_cmdname                     0x0800632c   Section        0  usmart_str.o(i.usmart_get_cmdname)
    i.usmart_get_fname                       0x0800635c   Section        0  usmart_str.o(i.usmart_get_fname)
    i.usmart_get_fparam                      0x080064c4   Section        0  usmart_str.o(i.usmart_get_fparam)
    i.usmart_get_parmpos                     0x08006594   Section        0  usmart_str.o(i.usmart_get_parmpos)
    i.usmart_get_runtime                     0x080065b8   Section        0  usmart.o(i.usmart_get_runtime)
    i.usmart_init                            0x080065e8   Section        0  usmart.o(i.usmart_init)
    i.usmart_pow                             0x08006610   Section        0  usmart_str.o(i.usmart_pow)
    i.usmart_reset_runtime                   0x08006620   Section        0  usmart.o(i.usmart_reset_runtime)
    i.usmart_scan                            0x08006648   Section        0  usmart.o(i.usmart_scan)
    i.usmart_search_nextc                    0x080066ec   Section        0  usmart_str.o(i.usmart_search_nextc)
    i.usmart_str2num                         0x080066fc   Section        0  usmart_str.o(i.usmart_str2num)
    i.usmart_strcmp                          0x080067d2   Section        0  usmart_str.o(i.usmart_strcmp)
    i.usmart_strcopy                         0x080067ea   Section        0  usmart_str.o(i.usmart_strcopy)
    i.usmart_strlen                          0x080067fc   Section        0  usmart_str.o(i.usmart_strlen)
    i.usmart_sys_cmd_exe                     0x08006810   Section        0  usmart.o(i.usmart_sys_cmd_exe)
    i.write_addr                             0x08006e90   Section        0  usmart.o(i.write_addr)
    .constdata                               0x08006e94   Section       16  stm32f4xx_hal_rcc.o(.constdata)
    .constdata                               0x08006ea4   Section    18240  lcd.o(.constdata)
    .conststring                             0x0800b5e4   Section       40  usmart.o(.conststring)
    .conststring                             0x0800b60c   Section      194  usmart_config.o(.conststring)
    .data                                    0x20000000   Section       20  system_stm32f4xx.o(.data)
    .data                                    0x20000014   Section        4  stm32f4xx_hal.o(.data)
    uwTick                                   0x20000014   Data           4  stm32f4xx_hal.o(.data)
    .data                                    0x20000018   Section        4  delay.o(.data)
    fac_us                                   0x20000018   Data           4  delay.o(.data)
    .data                                    0x2000001c   Section        2  usart.o(.data)
    .data                                    0x20000020   Section        4  usart.o(.data)
    .data                                    0x20000024   Section        8  lcd.o(.data)
    .data                                    0x2000002c   Section        8  ltdc.o(.data)
    .data                                    0x20000034   Section       11  rtc.o(.data)
    .data                                    0x20000040   Section       28  usmart.o(.data)
    .data                                    0x2000005c   Section       40  usmart_config.o(.data)
    .data                                    0x20000084   Section      244  usmart_config.o(.data)
    .bss                                     0x20000178   Section      264  usart.o(.bss)
    .bss                                     0x20000280   Section       94  lcd.o(.bss)
    .bss                                     0x200002e0   Section       52  sdram.o(.bss)
    .bss                                     0x20000314   Section      200  ltdc.o(.bss)
    .bss                                     0x200003dc   Section       52  rtc.o(.bss)
    .bss                                     0x20000410   Section       60  usmart.o(.bss)
    STACK                                    0x20000450   Section     1024  startup_stm32f429xx.o(STACK)
    .ARM.__AT_0xC0000000                     0xc0000000   Section    2048000  ltdc.o(.ARM.__AT_0xC0000000)

    Global Symbols

    Symbol Name                              Value     Ov Type        Size  Object(Section)

    BuildAttributes$$THM_ISAv4$E$P$D$K$B$S$7EM$VFPi3$EXTD16$VFPS$VFMA$PE$A:L22UL41UL21$X:L11$S22US41US21$IEEE1$IW$USESV6$~STKCKD$USESV7$~SHL$OSPACE$ROPI$EBA8$MICROLIB$REQ8$PRES8$EABIv2 0x00000000   Number         0  anon$$obj.o ABSOLUTE
    __ARM_use_no_argv                        0x00000000   Number         0  main.o ABSOLUTE
    __use_no_errno                           0x00000000   Number         0  useno.o ABSOLUTE
    __use_no_exception_handling              0x00000000   Number         0  useno.o ABSOLUTE
    __use_no_fp                              0x00000000   Number         0  useno.o ABSOLUTE
    __use_no_heap                            0x00000000   Number         0  useno.o ABSOLUTE
    __use_no_heap_region                     0x00000000   Number         0  useno.o ABSOLUTE
    __use_no_semihosting                     0x00000000   Number         0  useno.o ABSOLUTE
    __use_no_semihosting_swi                 0x00000000   Number         0  useno.o ABSOLUTE
    __use_no_signal_handling                 0x00000000   Number         0  useno.o ABSOLUTE
    _printf_a                                0x00000000   Number         0  stubs.o ABSOLUTE
    _printf_c                                0x00000000   Number         0  stubs.o ABSOLUTE
    _printf_charcount                        0x00000000   Number         0  stubs.o ABSOLUTE
    _printf_d                                0x00000000   Number         0  stubs.o ABSOLUTE
    _printf_e                                0x00000000   Number         0  stubs.o ABSOLUTE
    _printf_f                                0x00000000   Number         0  stubs.o ABSOLUTE
    _printf_flags                            0x00000000   Number         0  stubs.o ABSOLUTE
    _printf_fp_dec                           0x00000000   Number         0  stubs.o ABSOLUTE
    _printf_fp_hex                           0x00000000   Number         0  stubs.o ABSOLUTE
    _printf_g                                0x00000000   Number         0  stubs.o ABSOLUTE
    _printf_i                                0x00000000   Number         0  stubs.o ABSOLUTE
    _printf_int_dec                          0x00000000   Number         0  stubs.o ABSOLUTE
    _printf_l                                0x00000000   Number         0  stubs.o ABSOLUTE
    _printf_lc                               0x00000000   Number         0  stubs.o ABSOLUTE
    _printf_ll                               0x00000000   Number         0  stubs.o ABSOLUTE
    _printf_lld                              0x00000000   Number         0  stubs.o ABSOLUTE
    _printf_lli                              0x00000000   Number         0  stubs.o ABSOLUTE
    _printf_llo                              0x00000000   Number         0  stubs.o ABSOLUTE
    _printf_llu                              0x00000000   Number         0  stubs.o ABSOLUTE
    _printf_llx                              0x00000000   Number         0  stubs.o ABSOLUTE
    _printf_longlong_dec                     0x00000000   Number         0  stubs.o ABSOLUTE
    _printf_longlong_hex                     0x00000000   Number         0  stubs.o ABSOLUTE
    _printf_longlong_oct                     0x00000000   Number         0  stubs.o ABSOLUTE
    _printf_ls                               0x00000000   Number         0  stubs.o ABSOLUTE
    _printf_mbtowc                           0x00000000   Number         0  stubs.o ABSOLUTE
    _printf_n                                0x00000000   Number         0  stubs.o ABSOLUTE
    _printf_o                                0x00000000   Number         0  stubs.o ABSOLUTE
    _printf_p                                0x00000000   Number         0  stubs.o ABSOLUTE
    _printf_percent                          0x00000000   Number         0  stubs.o ABSOLUTE
    _printf_pre_padding                      0x00000000   Number         0  stubs.o ABSOLUTE
    _printf_return_value                     0x00000000   Number         0  stubs.o ABSOLUTE
    _printf_s                                0x00000000   Number         0  stubs.o ABSOLUTE
    _printf_sizespec                         0x00000000   Number         0  stubs.o ABSOLUTE
    _printf_str                              0x00000000   Number         0  stubs.o ABSOLUTE
    _printf_truncate_signed                  0x00000000   Number         0  stubs.o ABSOLUTE
    _printf_truncate_unsigned                0x00000000   Number         0  stubs.o ABSOLUTE
    _printf_u                                0x00000000   Number         0  stubs.o ABSOLUTE
    _printf_wc                               0x00000000   Number         0  stubs.o ABSOLUTE
    _printf_wctomb                           0x00000000   Number         0  stubs.o ABSOLUTE
    _printf_widthprec                        0x00000000   Number         0  stubs.o ABSOLUTE
    _printf_x                                0x00000000   Number         0  stubs.o ABSOLUTE
    __cpp_initialize__aeabi_                  - Undefined Weak Reference
    __cxa_finalize                            - Undefined Weak Reference
    _clock_init                               - Undefined Weak Reference
    _microlib_exit                            - Undefined Weak Reference
    __Vectors_Size                           0x000001ac   Number         0  startup_stm32f429xx.o ABSOLUTE
    __Vectors                                0x08000000   Data           4  startup_stm32f429xx.o(RESET)
    __Vectors_End                            0x080001ac   Data           0  startup_stm32f429xx.o(RESET)
    __main                                   0x080001ad   Thumb Code     0  entry.o(.ARM.Collect$$$$00000000)
    _main_stk                                0x080001ad   Thumb Code     0  entry2.o(.ARM.Collect$$$$00000001)
    _main_scatterload                        0x080001b1   Thumb Code     0  entry5.o(.ARM.Collect$$$$00000004)
    __main_after_scatterload                 0x080001b5   Thumb Code     0  entry5.o(.ARM.Collect$$$$00000004)
    _main_clock                              0x080001b5   Thumb Code     0  entry7b.o(.ARM.Collect$$$$00000008)
    _main_cpp_init                           0x080001b5   Thumb Code     0  entry8b.o(.ARM.Collect$$$$0000000A)
    _main_init                               0x080001b5   Thumb Code     0  entry9a.o(.ARM.Collect$$$$0000000B)
    __rt_final_cpp                           0x080001bd   Thumb Code     0  entry10a.o(.ARM.Collect$$$$0000000D)
    __rt_final_exit                          0x080001bd   Thumb Code     0  entry11a.o(.ARM.Collect$$$$0000000F)
    Reset_Handler                            0x080001c1   Thumb Code     8  startup_stm32f429xx.o(.text)
    ADC_IRQHandler                           0x080001db   Thumb Code     0  startup_stm32f429xx.o(.text)
    CAN1_RX0_IRQHandler                      0x080001db   Thumb Code     0  startup_stm32f429xx.o(.text)
    CAN1_RX1_IRQHandler                      0x080001db   Thumb Code     0  startup_stm32f429xx.o(.text)
    CAN1_SCE_IRQHandler                      0x080001db   Thumb Code     0  startup_stm32f429xx.o(.text)
    CAN1_TX_IRQHandler                       0x080001db   Thumb Code     0  startup_stm32f429xx.o(.text)
    CAN2_RX0_IRQHandler                      0x080001db   Thumb Code     0  startup_stm32f429xx.o(.text)
    CAN2_RX1_IRQHandler                      0x080001db   Thumb Code     0  startup_stm32f429xx.o(.text)
    CAN2_SCE_IRQHandler                      0x080001db   Thumb Code     0  startup_stm32f429xx.o(.text)
    CAN2_TX_IRQHandler                       0x080001db   Thumb Code     0  startup_stm32f429xx.o(.text)
    DCMI_IRQHandler                          0x080001db   Thumb Code     0  startup_stm32f429xx.o(.text)
    DMA1_Stream0_IRQHandler                  0x080001db   Thumb Code     0  startup_stm32f429xx.o(.text)
    DMA1_Stream1_IRQHandler                  0x080001db   Thumb Code     0  startup_stm32f429xx.o(.text)
    DMA1_Stream2_IRQHandler                  0x080001db   Thumb Code     0  startup_stm32f429xx.o(.text)
    DMA1_Stream3_IRQHandler                  0x080001db   Thumb Code     0  startup_stm32f429xx.o(.text)
    DMA1_Stream4_IRQHandler                  0x080001db   Thumb Code     0  startup_stm32f429xx.o(.text)
    DMA1_Stream5_IRQHandler                  0x080001db   Thumb Code     0  startup_stm32f429xx.o(.text)
    DMA1_Stream6_IRQHandler                  0x080001db   Thumb Code     0  startup_stm32f429xx.o(.text)
    DMA1_Stream7_IRQHandler                  0x080001db   Thumb Code     0  startup_stm32f429xx.o(.text)
    DMA2D_IRQHandler                         0x080001db   Thumb Code     0  startup_stm32f429xx.o(.text)
    DMA2_Stream0_IRQHandler                  0x080001db   Thumb Code     0  startup_stm32f429xx.o(.text)
    DMA2_Stream1_IRQHandler                  0x080001db   Thumb Code     0  startup_stm32f429xx.o(.text)
    DMA2_Stream2_IRQHandler                  0x080001db   Thumb Code     0  startup_stm32f429xx.o(.text)
    DMA2_Stream3_IRQHandler                  0x080001db   Thumb Code     0  startup_stm32f429xx.o(.text)
    DMA2_Stream4_IRQHandler                  0x080001db   Thumb Code     0  startup_stm32f429xx.o(.text)
    DMA2_Stream5_IRQHandler                  0x080001db   Thumb Code     0  startup_stm32f429xx.o(.text)
    DMA2_Stream6_IRQHandler                  0x080001db   Thumb Code     0  startup_stm32f429xx.o(.text)
    DMA2_Stream7_IRQHandler                  0x080001db   Thumb Code     0  startup_stm32f429xx.o(.text)
    ETH_IRQHandler                           0x080001db   Thumb Code     0  startup_stm32f429xx.o(.text)
    ETH_WKUP_IRQHandler                      0x080001db   Thumb Code     0  startup_stm32f429xx.o(.text)
    EXTI0_IRQHandler                         0x080001db   Thumb Code     0  startup_stm32f429xx.o(.text)
    EXTI15_10_IRQHandler                     0x080001db   Thumb Code     0  startup_stm32f429xx.o(.text)
    EXTI1_IRQHandler                         0x080001db   Thumb Code     0  startup_stm32f429xx.o(.text)
    EXTI2_IRQHandler                         0x080001db   Thumb Code     0  startup_stm32f429xx.o(.text)
    EXTI3_IRQHandler                         0x080001db   Thumb Code     0  startup_stm32f429xx.o(.text)
    EXTI4_IRQHandler                         0x080001db   Thumb Code     0  startup_stm32f429xx.o(.text)
    EXTI9_5_IRQHandler                       0x080001db   Thumb Code     0  startup_stm32f429xx.o(.text)
    FLASH_IRQHandler                         0x080001db   Thumb Code     0  startup_stm32f429xx.o(.text)
    FMC_IRQHandler                           0x080001db   Thumb Code     0  startup_stm32f429xx.o(.text)
    FPU_IRQHandler                           0x080001db   Thumb Code     0  startup_stm32f429xx.o(.text)
    HASH_RNG_IRQHandler                      0x080001db   Thumb Code     0  startup_stm32f429xx.o(.text)
    I2C1_ER_IRQHandler                       0x080001db   Thumb Code     0  startup_stm32f429xx.o(.text)
    I2C1_EV_IRQHandler                       0x080001db   Thumb Code     0  startup_stm32f429xx.o(.text)
    I2C2_ER_IRQHandler                       0x080001db   Thumb Code     0  startup_stm32f429xx.o(.text)
    I2C2_EV_IRQHandler                       0x080001db   Thumb Code     0  startup_stm32f429xx.o(.text)
    I2C3_ER_IRQHandler                       0x080001db   Thumb Code     0  startup_stm32f429xx.o(.text)
    I2C3_EV_IRQHandler                       0x080001db   Thumb Code     0  startup_stm32f429xx.o(.text)
    LTDC_ER_IRQHandler                       0x080001db   Thumb Code     0  startup_stm32f429xx.o(.text)
    LTDC_IRQHandler                          0x080001db   Thumb Code     0  startup_stm32f429xx.o(.text)
    OTG_FS_IRQHandler                        0x080001db   Thumb Code     0  startup_stm32f429xx.o(.text)
    OTG_FS_WKUP_IRQHandler                   0x080001db   Thumb Code     0  startup_stm32f429xx.o(.text)
    OTG_HS_EP1_IN_IRQHandler                 0x080001db   Thumb Code     0  startup_stm32f429xx.o(.text)
    OTG_HS_EP1_OUT_IRQHandler                0x080001db   Thumb Code     0  startup_stm32f429xx.o(.text)
    OTG_HS_IRQHandler                        0x080001db   Thumb Code     0  startup_stm32f429xx.o(.text)
    OTG_HS_WKUP_IRQHandler                   0x080001db   Thumb Code     0  startup_stm32f429xx.o(.text)
    PVD_IRQHandler                           0x080001db   Thumb Code     0  startup_stm32f429xx.o(.text)
    RCC_IRQHandler                           0x080001db   Thumb Code     0  startup_stm32f429xx.o(.text)
    RTC_Alarm_IRQHandler                     0x080001db   Thumb Code     0  startup_stm32f429xx.o(.text)
    RTC_WKUP_IRQHandler                      0x080001db   Thumb Code     0  startup_stm32f429xx.o(.text)
    SAI1_IRQHandler                          0x080001db   Thumb Code     0  startup_stm32f429xx.o(.text)
    SDIO_IRQHandler                          0x080001db   Thumb Code     0  startup_stm32f429xx.o(.text)
    SPI1_IRQHandler                          0x080001db   Thumb Code     0  startup_stm32f429xx.o(.text)
    SPI2_IRQHandler                          0x080001db   Thumb Code     0  startup_stm32f429xx.o(.text)
    SPI3_IRQHandler                          0x080001db   Thumb Code     0  startup_stm32f429xx.o(.text)
    SPI4_IRQHandler                          0x080001db   Thumb Code     0  startup_stm32f429xx.o(.text)
    SPI5_IRQHandler                          0x080001db   Thumb Code     0  startup_stm32f429xx.o(.text)
    SPI6_IRQHandler                          0x080001db   Thumb Code     0  startup_stm32f429xx.o(.text)
    TAMP_STAMP_IRQHandler                    0x080001db   Thumb Code     0  startup_stm32f429xx.o(.text)
    TIM1_BRK_TIM9_IRQHandler                 0x080001db   Thumb Code     0  startup_stm32f429xx.o(.text)
    TIM1_CC_IRQHandler                       0x080001db   Thumb Code     0  startup_stm32f429xx.o(.text)
    TIM1_TRG_COM_TIM11_IRQHandler            0x080001db   Thumb Code     0  startup_stm32f429xx.o(.text)
    TIM1_UP_TIM10_IRQHandler                 0x080001db   Thumb Code     0  startup_stm32f429xx.o(.text)
    TIM2_IRQHandler                          0x080001db   Thumb Code     0  startup_stm32f429xx.o(.text)
    TIM3_IRQHandler                          0x080001db   Thumb Code     0  startup_stm32f429xx.o(.text)
    TIM5_IRQHandler                          0x080001db   Thumb Code     0  startup_stm32f429xx.o(.text)
    TIM6_DAC_IRQHandler                      0x080001db   Thumb Code     0  startup_stm32f429xx.o(.text)
    TIM7_IRQHandler                          0x080001db   Thumb Code     0  startup_stm32f429xx.o(.text)
    TIM8_BRK_TIM12_IRQHandler                0x080001db   Thumb Code     0  startup_stm32f429xx.o(.text)
    TIM8_CC_IRQHandler                       0x080001db   Thumb Code     0  startup_stm32f429xx.o(.text)
    TIM8_TRG_COM_TIM14_IRQHandler            0x080001db   Thumb Code     0  startup_stm32f429xx.o(.text)
    TIM8_UP_TIM13_IRQHandler                 0x080001db   Thumb Code     0  startup_stm32f429xx.o(.text)
    UART4_IRQHandler                         0x080001db   Thumb Code     0  startup_stm32f429xx.o(.text)
    UART5_IRQHandler                         0x080001db   Thumb Code     0  startup_stm32f429xx.o(.text)
    UART7_IRQHandler                         0x080001db   Thumb Code     0  startup_stm32f429xx.o(.text)
    UART8_IRQHandler                         0x080001db   Thumb Code     0  startup_stm32f429xx.o(.text)
    USART2_IRQHandler                        0x080001db   Thumb Code     0  startup_stm32f429xx.o(.text)
    USART3_IRQHandler                        0x080001db   Thumb Code     0  startup_stm32f429xx.o(.text)
    USART6_IRQHandler                        0x080001db   Thumb Code     0  startup_stm32f429xx.o(.text)
    WWDG_IRQHandler                          0x080001db   Thumb Code     0  startup_stm32f429xx.o(.text)
    __aeabi_memcpy                           0x080001e5   Thumb Code    36  memcpya.o(.text)
    __aeabi_memcpy4                          0x080001e5   Thumb Code     0  memcpya.o(.text)
    __aeabi_memcpy8                          0x080001e5   Thumb Code     0  memcpya.o(.text)
    __aeabi_dmul                             0x08000209   Thumb Code   228  dmul.o(.text)
    __aeabi_ui2d                             0x080002ed   Thumb Code    26  dfltui.o(.text)
    __aeabi_d2uiz                            0x08000307   Thumb Code    50  dfixui.o(.text)
    __aeabi_uldivmod                         0x08000339   Thumb Code    98  uldiv.o(.text)
    __aeabi_llsr                             0x0800039b   Thumb Code    32  llushr.o(.text)
    _ll_ushift_r                             0x0800039b   Thumb Code     0  llushr.o(.text)
    __I$use$fp                               0x080003bb   Thumb Code     0  iusefp.o(.text)
    _double_round                            0x080003bb   Thumb Code    30  depilogue.o(.text)
    _double_epilogue                         0x080003d9   Thumb Code   156  depilogue.o(.text)
    __scatterload                            0x08000475   Thumb Code    28  init.o(.text)
    __scatterload_rt2                        0x08000475   Thumb Code     0  init.o(.text)
    __aeabi_llsl                             0x08000499   Thumb Code    30  llshl.o(.text)
    _ll_shift_l                              0x08000499   Thumb Code     0  llshl.o(.text)
    __decompress                             0x080004b7   Thumb Code     0  __dczerorl2.o(.text)
    __decompress1                            0x080004b7   Thumb Code    86  __dczerorl2.o(.text)
    BusFault_Handler                         0x0800050d   Thumb Code     2  stm32f4xx_it.o(i.BusFault_Handler)
    DebugMon_Handler                         0x0800050f   Thumb Code     2  stm32f4xx_it.o(i.DebugMon_Handler)
    FMC_NORSRAM_Extended_Timing_Init         0x08000511   Thumb Code    60  stm32f4xx_ll_fmc.o(i.FMC_NORSRAM_Extended_Timing_Init)
    FMC_NORSRAM_Init                         0x08000551   Thumb Code   110  stm32f4xx_ll_fmc.o(i.FMC_NORSRAM_Init)
    FMC_NORSRAM_Timing_Init                  0x080005c9   Thumb Code    86  stm32f4xx_ll_fmc.o(i.FMC_NORSRAM_Timing_Init)
    FMC_SDRAM_Init                           0x08000625   Thumb Code    76  stm32f4xx_ll_fmc.o(i.FMC_SDRAM_Init)
    FMC_SDRAM_ProgramRefreshRate             0x08000671   Thumb Code    12  stm32f4xx_ll_fmc.o(i.FMC_SDRAM_ProgramRefreshRate)
    FMC_SDRAM_SendCommand                    0x0800067d   Thumb Code    72  stm32f4xx_ll_fmc.o(i.FMC_SDRAM_SendCommand)
    FMC_SDRAM_Timing_Init                    0x080006c5   Thumb Code   124  stm32f4xx_ll_fmc.o(i.FMC_SDRAM_Timing_Init)
    HAL_GPIO_Init                            0x08000741   Thumb Code   422  stm32f4xx_hal_gpio.o(i.HAL_GPIO_Init)
    HAL_GPIO_ReadPin                         0x0800091d   Thumb Code    10  stm32f4xx_hal_gpio.o(i.HAL_GPIO_ReadPin)
    HAL_GPIO_WritePin                        0x08000927   Thumb Code    10  stm32f4xx_hal_gpio.o(i.HAL_GPIO_WritePin)
    HAL_GetTick                              0x08000931   Thumb Code     6  stm32f4xx_hal.o(i.HAL_GetTick)
    HAL_IncTick                              0x0800093d   Thumb Code    10  stm32f4xx_hal.o(i.HAL_IncTick)
    HAL_Init                                 0x0800094d   Thumb Code    48  stm32f4xx_hal.o(i.HAL_Init)
    HAL_InitTick                             0x08000981   Thumb Code    34  stm32f4xx_hal.o(i.HAL_InitTick)
    HAL_LTDC_ConfigLayer                     0x080009a3   Thumb Code    82  stm32f4xx_hal_ltdc.o(i.HAL_LTDC_ConfigLayer)
    HAL_LTDC_Init                            0x080009f5   Thumb Code   248  stm32f4xx_hal_ltdc.o(i.HAL_LTDC_Init)
    HAL_LTDC_MspInit                         0x08000af1   Thumb Code   218  ltdc.o(i.HAL_LTDC_MspInit)
    HAL_LTDC_SetWindowPosition               0x08000be5   Thumb Code    84  stm32f4xx_hal_ltdc.o(i.HAL_LTDC_SetWindowPosition)
    HAL_LTDC_SetWindowSize                   0x08000c39   Thumb Code    84  stm32f4xx_hal_ltdc.o(i.HAL_LTDC_SetWindowSize)
    HAL_MspInit                              0x08000c8d   Thumb Code     8  stm32f4xx_hal.o(i.HAL_MspInit)
    HAL_NVIC_EnableIRQ                       0x08000c95   Thumb Code    22  stm32f4xx_hal_cortex.o(i.HAL_NVIC_EnableIRQ)
    HAL_NVIC_SetPriority                     0x08000cad   Thumb Code    60  stm32f4xx_hal_cortex.o(i.HAL_NVIC_SetPriority)
    HAL_NVIC_SetPriorityGrouping             0x08000ced   Thumb Code    26  stm32f4xx_hal_cortex.o(i.HAL_NVIC_SetPriorityGrouping)
    HAL_PWREx_EnableOverDrive                0x08000d11   Thumb Code   122  stm32f4xx_hal_pwr_ex.o(i.HAL_PWREx_EnableOverDrive)
    HAL_PWR_EnableBkUpAccess                 0x08000d99   Thumb Code    20  stm32f4xx_hal_pwr.o(i.HAL_PWR_EnableBkUpAccess)
    HAL_RCCEx_PeriphCLKConfig                0x08000db1   Thumb Code   644  stm32f4xx_hal_rcc_ex.o(i.HAL_RCCEx_PeriphCLKConfig)
    HAL_RCC_ClockConfig                      0x08001059   Thumb Code   512  stm32f4xx_hal_rcc.o(i.HAL_RCC_ClockConfig)
    HAL_RCC_GetHCLKFreq                      0x08001261   Thumb Code    38  stm32f4xx_hal_rcc.o(i.HAL_RCC_GetHCLKFreq)
    HAL_RCC_GetPCLK1Freq                     0x08001295   Thumb Code    36  stm32f4xx_hal_rcc.o(i.HAL_RCC_GetPCLK1Freq)
    HAL_RCC_GetPCLK2Freq                     0x080012c1   Thumb Code    36  stm32f4xx_hal_rcc.o(i.HAL_RCC_GetPCLK2Freq)
    HAL_RCC_GetSysClockFreq                  0x080012ed   Thumb Code   104  stm32f4xx_hal_rcc.o(i.HAL_RCC_GetSysClockFreq)
    HAL_RCC_OscConfig                        0x08001361   Thumb Code   774  stm32f4xx_hal_rcc.o(i.HAL_RCC_OscConfig)
    HAL_RTCEx_BKUPRead                       0x0800167d   Thumb Code    10  stm32f4xx_hal_rtc_ex.o(i.HAL_RTCEx_BKUPRead)
    HAL_RTCEx_BKUPWrite                      0x08001687   Thumb Code    10  stm32f4xx_hal_rtc_ex.o(i.HAL_RTCEx_BKUPWrite)
    HAL_RTC_GetDate                          0x08001691   Thumb Code    62  stm32f4xx_hal_rtc.o(i.HAL_RTC_GetDate)
    HAL_RTC_GetTime                          0x080016d5   Thumb Code    82  stm32f4xx_hal_rtc.o(i.HAL_RTC_GetTime)
    HAL_RTC_Init                             0x0800172d   Thumb Code   150  stm32f4xx_hal_rtc.o(i.HAL_RTC_Init)
    HAL_RTC_MspInit                          0x080017c9   Thumb Code     2  stm32f4xx_hal_rtc.o(i.HAL_RTC_MspInit)
    HAL_RTC_SetDate                          0x080017cd   Thumb Code   204  stm32f4xx_hal_rtc.o(i.HAL_RTC_SetDate)
    HAL_RTC_SetTime                          0x0800189d   Thumb Code   236  stm32f4xx_hal_rtc.o(i.HAL_RTC_SetTime)
    HAL_RTC_WaitForSynchro                   0x0800198d   Thumb Code    52  stm32f4xx_hal_rtc.o(i.HAL_RTC_WaitForSynchro)
    HAL_SDRAM_Init                           0x080019c1   Thumb Code    66  stm32f4xx_hal_sdram.o(i.HAL_SDRAM_Init)
    HAL_SDRAM_MspInit                        0x08001a05   Thumb Code   194  sdram.o(i.HAL_SDRAM_MspInit)
    HAL_SDRAM_ProgramRefreshRate             0x08001ae1   Thumb Code    34  stm32f4xx_hal_sdram.o(i.HAL_SDRAM_ProgramRefreshRate)
    HAL_SDRAM_SendCommand                    0x08001b03   Thumb Code    46  stm32f4xx_hal_sdram.o(i.HAL_SDRAM_SendCommand)
    HAL_SRAM_Init                            0x08001b31   Thumb Code    86  stm32f4xx_hal_sram.o(i.HAL_SRAM_Init)
    HAL_SRAM_MspInit                         0x08001b89   Thumb Code   106  lcd.o(i.HAL_SRAM_MspInit)
    HAL_SYSTICK_CLKSourceConfig              0x08001c01   Thumb Code    24  stm32f4xx_hal_cortex.o(i.HAL_SYSTICK_CLKSourceConfig)
    HAL_SYSTICK_Config                       0x08001c19   Thumb Code    40  stm32f4xx_hal_cortex.o(i.HAL_SYSTICK_Config)
    HAL_TIM_Base_Init                        0x08001c41   Thumb Code    54  stm32f4xx_hal_tim.o(i.HAL_TIM_Base_Init)
    HAL_TIM_Base_MspInit                     0x08001c77   Thumb Code     2  stm32f4xx_hal_tim.o(i.HAL_TIM_Base_MspInit)
    HAL_TIM_Base_Start_IT                    0x08001c79   Thumb Code    24  stm32f4xx_hal_tim.o(i.HAL_TIM_Base_Start_IT)
    HAL_UART_ErrorCallback                   0x08001c91   Thumb Code     2  stm32f4xx_hal_uart.o(i.HAL_UART_ErrorCallback)
    HAL_UART_IRQHandler                      0x08001c93   Thumb Code   244  stm32f4xx_hal_uart.o(i.HAL_UART_IRQHandler)
    HAL_UART_Init                            0x08001d87   Thumb Code    94  stm32f4xx_hal_uart.o(i.HAL_UART_Init)
    HAL_UART_MspInit                         0x08001de5   Thumb Code   134  usart.o(i.HAL_UART_MspInit)
    HAL_UART_Receive                         0x08001e79   Thumb Code   202  stm32f4xx_hal_uart.o(i.HAL_UART_Receive)
    HAL_UART_RxCpltCallback                  0x08001f43   Thumb Code     2  stm32f4xx_hal_uart.o(i.HAL_UART_RxCpltCallback)
    HAL_UART_TxCpltCallback                  0x08001f45   Thumb Code     2  stm32f4xx_hal_uart.o(i.HAL_UART_TxCpltCallback)
    HardFault_Handler                        0x08001f47   Thumb Code     2  stm32f4xx_it.o(i.HardFault_Handler)
    KEY_Init                                 0x08001f49   Thumb Code   110  key.o(i.KEY_Init)
    LCD_Clear                                0x08001fc9   Thumb Code    58  lcd.o(i.LCD_Clear)
    LCD_Display_Dir                          0x08002011   Thumb Code   234  lcd.o(i.LCD_Display_Dir)
    LCD_Fast_DrawPoint                       0x08002105   Thumb Code   236  lcd.o(i.LCD_Fast_DrawPoint)
    LCD_Init                                 0x080021fd   Thumb Code  9094  lcd.o(i.LCD_Init)
    LCD_RD_DATA                              0x08004589   Thumb Code    16  lcd.o(i.LCD_RD_DATA)
    LCD_SSD_BackLightSet                     0x0800459d   Thumb Code    72  lcd.o(i.LCD_SSD_BackLightSet)
    LCD_Scan_Dir                             0x080045ed   Thumb Code   434  lcd.o(i.LCD_Scan_Dir)
    LCD_SetCursor                            0x080047a5   Thumb Code   254  lcd.o(i.LCD_SetCursor)
    LCD_ShowChar                             0x080048a9   Thumb Code   196  lcd.o(i.LCD_ShowChar)
    LCD_ShowString                           0x08004985   Thumb Code    84  lcd.o(i.LCD_ShowString)
    LCD_WR_DATA                              0x080049d9   Thumb Code    20  lcd.o(i.LCD_WR_DATA)
    LCD_WR_REG                               0x080049f1   Thumb Code    20  lcd.o(i.LCD_WR_REG)
    LCD_WriteRAM_Prepare                     0x08004a09   Thumb Code    10  lcd.o(i.LCD_WriteRAM_Prepare)
    LCD_WriteReg                             0x08004a1d   Thumb Code    10  lcd.o(i.LCD_WriteReg)
    LED_0_Ctrl                               0x08004a2d   Thumb Code    16  led.o(i.LED_0_Ctrl)
    LED_1_Ctrl                               0x08004a41   Thumb Code    16  led.o(i.LED_1_Ctrl)
    LED_Init                                 0x08004a55   Thumb Code    68  led.o(i.LED_Init)
    LTDC_Clear                               0x08004aa1   Thumb Code    28  ltdc.o(i.LTDC_Clear)
    LTDC_Clk_Set                             0x08004ac1   Thumb Code    30  ltdc.o(i.LTDC_Clk_Set)
    LTDC_Display_Dir                         0x08004ae1   Thumb Code    34  ltdc.o(i.LTDC_Display_Dir)
    LTDC_Draw_Point                          0x08004b09   Thumb Code    52  ltdc.o(i.LTDC_Draw_Point)
    LTDC_Fill                                0x08004b45   Thumb Code   162  ltdc.o(i.LTDC_Fill)
    LTDC_Init                                0x08004bf9   Thumb Code   464  ltdc.o(i.LTDC_Init)
    LTDC_Layer_Parameter_Config              0x08004de1   Thumb Code    86  ltdc.o(i.LTDC_Layer_Parameter_Config)
    LTDC_Layer_Window_Config                 0x08004e3d   Thumb Code    32  ltdc.o(i.LTDC_Layer_Window_Config)
    LTDC_PanelID_Read                        0x08004e61   Thumb Code   170  ltdc.o(i.LTDC_PanelID_Read)
    MemManage_Handler                        0x0800507b   Thumb Code     2  stm32f4xx_it.o(i.MemManage_Handler)
    NMI_Handler                              0x0800507d   Thumb Code     2  stm32f4xx_it.o(i.NMI_Handler)
    PendSV_Handler                           0x0800509f   Thumb Code     2  stm32f4xx_it.o(i.PendSV_Handler)
    RTC_Bcd2ToByte                           0x080050a1   Thumb Code    18  stm32f4xx_hal_rtc.o(i.RTC_Bcd2ToByte)
    RTC_ByteToBcd2                           0x080050b3   Thumb Code    22  stm32f4xx_hal_rtc.o(i.RTC_ByteToBcd2)
    RTC_EnterInitMode                        0x080050c9   Thumb Code    56  stm32f4xx_hal_rtc.o(i.RTC_EnterInitMode)
    RTC_Init                                 0x08005101   Thumb Code   142  rtc.o(i.RTC_Init)
    RTC_read_Date                            0x080051a1   Thumb Code    40  rtc.o(i.RTC_read_Date)
    RTC_read_Time                            0x080051d1   Thumb Code    38  rtc.o(i.RTC_read_Time)
    RTC_setDate                              0x08005201   Thumb Code    24  rtc.o(i.RTC_setDate)
    RTC_setTime                              0x08005221   Thumb Code    26  rtc.o(i.RTC_setTime)
    SDRAM_Init                               0x08005241   Thumb Code    86  sdram.o(i.SDRAM_Init)
    SDRAM_Initialization_Sequence            0x080052a1   Thumb Code    74  sdram.o(i.SDRAM_Initialization_Sequence)
    SDRAM_Send_Cmd                           0x080052f1   Thumb Code    48  sdram.o(i.SDRAM_Send_Cmd)
    SVC_Handler                              0x08005325   Thumb Code     2  stm32f4xx_it.o(i.SVC_Handler)
    Stm32_Clock_Init                         0x08005329   Thumb Code   122  sys.o(i.Stm32_Clock_Init)
    SysTick_Handler                          0x080053ad   Thumb Code     4  stm32f4xx_it.o(i.SysTick_Handler)
    SystemInit                               0x080053b1   Thumb Code    66  system_stm32f4xx.o(i.SystemInit)
    TIM4_IRQHandler                          0x08005405   Thumb Code    44  usmart.o(i.TIM4_IRQHandler)
    TIM_Base_SetConfig                       0x08005439   Thumb Code   148  stm32f4xx_hal_tim.o(i.TIM_Base_SetConfig)
    Timer4_Init                              0x080054f9   Thumb Code    72  usmart.o(i.Timer4_Init)
    USART1_IRQHandler                        0x08005861   Thumb Code   100  usart.o(i.USART1_IRQHandler)
    UsageFault_Handler                       0x080058cd   Thumb Code     2  stm32f4xx_it.o(i.UsageFault_Handler)
    __0printf$8                              0x080058d1   Thumb Code    22  printf8.o(i.__0printf$8)
    __1printf$8                              0x080058d1   Thumb Code     0  printf8.o(i.__0printf$8)
    __2printf                                0x080058d1   Thumb Code     0  printf8.o(i.__0printf$8)
    __scatterload_copy                       0x080058f1   Thumb Code    14  handlers.o(i.__scatterload_copy)
    __scatterload_null                       0x080058ff   Thumb Code     2  handlers.o(i.__scatterload_null)
    __scatterload_zeroinit                   0x08005901   Thumb Code    14  handlers.o(i.__scatterload_zeroinit)
    delay_init                               0x08005d75   Thumb Code    16  delay.o(i.delay_init)
    delay_ms                                 0x08005d89   Thumb Code    26  delay.o(i.delay_ms)
    delay_us                                 0x08005da5   Thumb Code    48  delay.o(i.delay_us)
    fputc                                    0x08005dd9   Thumb Code    14  usart.o(i.fputc)
    main                                     0x08005ded   Thumb Code   236  main.o(i.main)
    read_addr                                0x08005f6d   Thumb Code     4  usmart.o(i.read_addr)
    uart_init                                0x08005f71   Thumb Code    28  usart.o(i.uart_init)
    usmart_cmd_rec                           0x08005f95   Thumb Code   144  usmart.o(i.usmart_cmd_rec)
    usmart_exe                               0x08006029   Thumb Code   510  usmart.o(i.usmart_exe)
    usmart_get_aparm                         0x08006289   Thumb Code   164  usmart_str.o(i.usmart_get_aparm)
    usmart_get_cmdname                       0x0800632d   Thumb Code    46  usmart_str.o(i.usmart_get_cmdname)
    usmart_get_fname                         0x0800635d   Thumb Code   352  usmart_str.o(i.usmart_get_fname)
    usmart_get_fparam                        0x080064c5   Thumb Code   202  usmart_str.o(i.usmart_get_fparam)
    usmart_get_parmpos                       0x08006595   Thumb Code    30  usmart_str.o(i.usmart_get_parmpos)
    usmart_get_runtime                       0x080065b9   Thumb Code    38  usmart.o(i.usmart_get_runtime)
    usmart_init                              0x080065e9   Thumb Code    36  usmart.o(i.usmart_init)
    usmart_pow                               0x08006611   Thumb Code    16  usmart_str.o(i.usmart_pow)
    usmart_reset_runtime                     0x08006621   Thumb Code    32  usmart.o(i.usmart_reset_runtime)
    usmart_scan                              0x08006649   Thumb Code    94  usmart.o(i.usmart_scan)
    usmart_search_nextc                      0x080066ed   Thumb Code    16  usmart_str.o(i.usmart_search_nextc)
    usmart_str2num                           0x080066fd   Thumb Code   214  usmart_str.o(i.usmart_str2num)
    usmart_strcmp                            0x080067d3   Thumb Code    24  usmart_str.o(i.usmart_strcmp)
    usmart_strcopy                           0x080067eb   Thumb Code    18  usmart_str.o(i.usmart_strcopy)
    usmart_strlen                            0x080067fd   Thumb Code    18  usmart_str.o(i.usmart_strlen)
    usmart_sys_cmd_exe                       0x08006811   Thumb Code  1458  usmart.o(i.usmart_sys_cmd_exe)
    write_addr                               0x08006e91   Thumb Code     4  usmart.o(i.write_addr)
    APBAHBPrescTable                         0x08006e94   Data          16  stm32f4xx_hal_rcc.o(.constdata)
    asc2_1206                                0x08006ea4   Data        1140  lcd.o(.constdata)
    asc2_1608                                0x08007318   Data        1520  lcd.o(.constdata)
    asc2_2412                                0x08007908   Data        3420  lcd.o(.constdata)
    asc2_3216                                0x08008664   Data       12160  lcd.o(.constdata)
    Region$$Table$$Base                      0x0800b6d0   Number         0  anon$$obj.o(Region$$Table)
    Region$$Table$$Limit                     0x0800b6f0   Number         0  anon$$obj.o(Region$$Table)
    SystemCoreClock                          0x20000000   Data           4  system_stm32f4xx.o(.data)
    AHBPrescTable                            0x20000004   Data          16  system_stm32f4xx.o(.data)
    USART_RX_STA                             0x2000001c   Data           2  usart.o(.data)
    __stdout                                 0x20000020   Data           4  usart.o(.data)
    POINT_COLOR                              0x20000024   Data           4  lcd.o(.data)
    BACK_COLOR                               0x20000028   Data           4  lcd.o(.data)
    ltdc_framebuf                            0x2000002c   Data           8  ltdc.o(.data)
    RTC_GetTime                              0x20000034   Data           3  rtc.o(.data)
    RTC_DATE_Handle                          0x20000037   Data           4  rtc.o(.data)
    RTC_GetCalendar                          0x2000003b   Data           4  rtc.o(.data)
    sys_cmd_tab                              0x20000040   Data          28  usmart.o(.data)
    usmart_nametab                           0x2000005c   Data          40  usmart_config.o(.data)
    usmart_dev                               0x20000084   Data         244  usmart_config.o(.data)
    USART_RX_BUF                             0x20000178   Data         200  usart.o(.bss)
    UART1_Handler                            0x20000240   Data          64  usart.o(.bss)
    SRAM_Handler                             0x20000280   Data          80  lcd.o(.bss)
    lcddev                                   0x200002d0   Data          14  lcd.o(.bss)
    SDRAM_Handler                            0x200002e0   Data          52  sdram.o(.bss)
    LTDC_Handler                             0x20000314   Data         168  ltdc.o(.bss)
    lcdltdc                                  0x200003bc   Data          32  ltdc.o(.bss)
    RTC_Handle                               0x200003dc   Data          32  rtc.o(.bss)
    RTC_TIME_Handle                          0x200003fc   Data          20  rtc.o(.bss)
    TIM4_Handler                             0x20000410   Data          60  usmart.o(.bss)
    __initial_sp                             0x20000850   Data           0  startup_stm32f429xx.o(STACK)
    ltdc_lcd_framebuf                        0xc0000000   Data       2048000  ltdc.o(.ARM.__AT_0xC0000000)



==============================================================================

Memory Map of the image

  Image Entry point : 0x080001ad

  Load Region LR_IROM1 (Base: 0x08000000, Size: 0x0000b868, Max: 0x00100000, ABSOLUTE, COMPRESSED[0x0000b754])

    Execution Region ER_IROM1 (Base: 0x08000000, Size: 0x0000b6f0, Max: 0x00100000, ABSOLUTE)

    Base Addr    Size         Type   Attr      Idx    E Section Name        Object

    0x08000000   0x000001ac   Data   RO          507    RESET               startup_stm32f429xx.o
    0x080001ac   0x00000000   Code   RO         4636  * .ARM.Collect$$$$00000000  mc_w.l(entry.o)
    0x080001ac   0x00000004   Code   RO         4910    .ARM.Collect$$$$00000001  mc_w.l(entry2.o)
    0x080001b0   0x00000004   Code   RO         4913    .ARM.Collect$$$$00000004  mc_w.l(entry5.o)
    0x080001b4   0x00000000   Code   RO         4915    .ARM.Collect$$$$00000008  mc_w.l(entry7b.o)
    0x080001b4   0x00000000   Code   RO         4917    .ARM.Collect$$$$0000000A  mc_w.l(entry8b.o)
    0x080001b4   0x00000008   Code   RO         4918    .ARM.Collect$$$$0000000B  mc_w.l(entry9a.o)
    0x080001bc   0x00000000   Code   RO         4920    .ARM.Collect$$$$0000000D  mc_w.l(entry10a.o)
    0x080001bc   0x00000000   Code   RO         4922    .ARM.Collect$$$$0000000F  mc_w.l(entry11a.o)
    0x080001bc   0x00000004   Code   RO         4911    .ARM.Collect$$$$00002712  mc_w.l(entry2.o)
    0x080001c0   0x00000024   Code   RO          508    .text               startup_stm32f429xx.o
    0x080001e4   0x00000024   Code   RO         4639    .text               mc_w.l(memcpya.o)
    0x08000208   0x000000e4   Code   RO         4904    .text               mf_w.l(dmul.o)
    0x080002ec   0x0000001a   Code   RO         4906    .text               mf_w.l(dfltui.o)
    0x08000306   0x00000032   Code   RO         4908    .text               mf_w.l(dfixui.o)
    0x08000338   0x00000062   Code   RO         4926    .text               mc_w.l(uldiv.o)
    0x0800039a   0x00000020   Code   RO         4928    .text               mc_w.l(llushr.o)
    0x080003ba   0x00000000   Code   RO         4930    .text               mc_w.l(iusefp.o)
    0x080003ba   0x000000ba   Code   RO         4931    .text               mf_w.l(depilogue.o)
    0x08000474   0x00000024   Code   RO         4941    .text               mc_w.l(init.o)
    0x08000498   0x0000001e   Code   RO         4943    .text               mc_w.l(llshl.o)
    0x080004b6   0x00000056   Code   RO         4955    .text               mc_w.l(__dczerorl2.o)
    0x0800050c   0x00000002   Code   RO          294    i.BusFault_Handler  stm32f4xx_it.o
    0x0800050e   0x00000002   Code   RO          295    i.DebugMon_Handler  stm32f4xx_it.o
    0x08000510   0x00000040   Code   RO         2652    i.FMC_NORSRAM_Extended_Timing_Init  stm32f4xx_ll_fmc.o
    0x08000550   0x00000078   Code   RO         2653    i.FMC_NORSRAM_Init  stm32f4xx_ll_fmc.o
    0x080005c8   0x0000005c   Code   RO         2654    i.FMC_NORSRAM_Timing_Init  stm32f4xx_ll_fmc.o
    0x08000624   0x0000004c   Code   RO         2664    i.FMC_SDRAM_Init    stm32f4xx_ll_fmc.o
    0x08000670   0x0000000c   Code   RO         2665    i.FMC_SDRAM_ProgramRefreshRate  stm32f4xx_ll_fmc.o
    0x0800067c   0x00000048   Code   RO         2666    i.FMC_SDRAM_SendCommand  stm32f4xx_ll_fmc.o
    0x080006c4   0x0000007c   Code   RO         2668    i.FMC_SDRAM_Timing_Init  stm32f4xx_ll_fmc.o
    0x08000740   0x000001dc   Code   RO          799    i.HAL_GPIO_Init     stm32f4xx_hal_gpio.o
    0x0800091c   0x0000000a   Code   RO          801    i.HAL_GPIO_ReadPin  stm32f4xx_hal_gpio.o
    0x08000926   0x0000000a   Code   RO          803    i.HAL_GPIO_WritePin  stm32f4xx_hal_gpio.o
    0x08000930   0x0000000c   Code   RO          530    i.HAL_GetTick       stm32f4xx_hal.o
    0x0800093c   0x00000010   Code   RO          531    i.HAL_IncTick       stm32f4xx_hal.o
    0x0800094c   0x00000034   Code   RO          532    i.HAL_Init          stm32f4xx_hal.o
    0x08000980   0x00000022   Code   RO          533    i.HAL_InitTick      stm32f4xx_hal.o
    0x080009a2   0x00000052   Code   RO         3102    i.HAL_LTDC_ConfigLayer  stm32f4xx_hal_ltdc.o
    0x080009f4   0x000000fc   Code   RO         3114    i.HAL_LTDC_Init     stm32f4xx_hal_ltdc.o
    0x08000af0   0x000000f4   Code   RO         4272    i.HAL_LTDC_MspInit  ltdc.o
    0x08000be4   0x00000054   Code   RO         3123    i.HAL_LTDC_SetWindowPosition  stm32f4xx_hal_ltdc.o
    0x08000c38   0x00000054   Code   RO         3124    i.HAL_LTDC_SetWindowSize  stm32f4xx_hal_ltdc.o
    0x08000c8c   0x00000008   Code   RO          535    i.HAL_MspInit       stm32f4xx_hal.o
    0x08000c94   0x00000016   Code   RO          676    i.HAL_NVIC_EnableIRQ  stm32f4xx_hal_cortex.o
    0x08000caa   0x00000002   PAD
    0x08000cac   0x00000040   Code   RO          682    i.HAL_NVIC_SetPriority  stm32f4xx_hal_cortex.o
    0x08000cec   0x00000024   Code   RO          683    i.HAL_NVIC_SetPriorityGrouping  stm32f4xx_hal_cortex.o
    0x08000d10   0x00000088   Code   RO          988    i.HAL_PWREx_EnableOverDrive  stm32f4xx_hal_pwr_ex.o
    0x08000d98   0x00000018   Code   RO          869    i.HAL_PWR_EnableBkUpAccess  stm32f4xx_hal_pwr.o
    0x08000db0   0x000002a8   Code   RO         1160    i.HAL_RCCEx_PeriphCLKConfig  stm32f4xx_hal_rcc_ex.o
    0x08001058   0x00000208   Code   RO         1055    i.HAL_RCC_ClockConfig  stm32f4xx_hal_rcc.o
    0x08001260   0x00000034   Code   RO         1060    i.HAL_RCC_GetHCLKFreq  stm32f4xx_hal_rcc.o
    0x08001294   0x0000002c   Code   RO         1062    i.HAL_RCC_GetPCLK1Freq  stm32f4xx_hal_rcc.o
    0x080012c0   0x0000002c   Code   RO         1063    i.HAL_RCC_GetPCLK2Freq  stm32f4xx_hal_rcc.o
    0x080012ec   0x00000074   Code   RO         1064    i.HAL_RCC_GetSysClockFreq  stm32f4xx_hal_rcc.o
    0x08001360   0x0000031c   Code   RO         1067    i.HAL_RCC_OscConfig  stm32f4xx_hal_rcc.o
    0x0800167c   0x0000000a   Code   RO         3572    i.HAL_RTCEx_BKUPRead  stm32f4xx_hal_rtc_ex.o
    0x08001686   0x0000000a   Code   RO         3573    i.HAL_RTCEx_BKUPWrite  stm32f4xx_hal_rtc_ex.o
    0x08001690   0x00000044   Code   RO         3439    i.HAL_RTC_GetDate   stm32f4xx_hal_rtc.o
    0x080016d4   0x00000058   Code   RO         3441    i.HAL_RTC_GetTime   stm32f4xx_hal_rtc.o
    0x0800172c   0x0000009c   Code   RO         3442    i.HAL_RTC_Init      stm32f4xx_hal_rtc.o
    0x080017c8   0x00000002   Code   RO         3444    i.HAL_RTC_MspInit   stm32f4xx_hal_rtc.o
    0x080017ca   0x00000002   PAD
    0x080017cc   0x000000d0   Code   RO         3448    i.HAL_RTC_SetDate   stm32f4xx_hal_rtc.o
    0x0800189c   0x000000f0   Code   RO         3449    i.HAL_RTC_SetTime   stm32f4xx_hal_rtc.o
    0x0800198c   0x00000034   Code   RO         3450    i.HAL_RTC_WaitForSynchro  stm32f4xx_hal_rtc.o
    0x080019c0   0x00000042   Code   RO         2950    i.HAL_SDRAM_Init    stm32f4xx_hal_sdram.o
    0x08001a02   0x00000002   PAD
    0x08001a04   0x000000dc   Code   RO         4214    i.HAL_SDRAM_MspInit  sdram.o
    0x08001ae0   0x00000022   Code   RO         2953    i.HAL_SDRAM_ProgramRefreshRate  stm32f4xx_hal_sdram.o
    0x08001b02   0x0000002e   Code   RO         2959    i.HAL_SDRAM_SendCommand  stm32f4xx_hal_sdram.o
    0x08001b30   0x00000056   Code   RO         2828    i.HAL_SRAM_Init     stm32f4xx_hal_sram.o
    0x08001b86   0x00000002   PAD
    0x08001b88   0x00000078   Code   RO         3993    i.HAL_SRAM_MspInit  lcd.o
    0x08001c00   0x00000018   Code   RO          685    i.HAL_SYSTICK_CLKSourceConfig  stm32f4xx_hal_cortex.o
    0x08001c18   0x00000028   Code   RO          687    i.HAL_SYSTICK_Config  stm32f4xx_hal_cortex.o
    0x08001c40   0x00000036   Code   RO         1776    i.HAL_TIM_Base_Init  stm32f4xx_hal_tim.o
    0x08001c76   0x00000002   Code   RO         1778    i.HAL_TIM_Base_MspInit  stm32f4xx_hal_tim.o
    0x08001c78   0x00000018   Code   RO         1781    i.HAL_TIM_Base_Start_IT  stm32f4xx_hal_tim.o
    0x08001c90   0x00000002   Code   RO         1207    i.HAL_UART_ErrorCallback  stm32f4xx_hal_uart.o
    0x08001c92   0x000000f4   Code   RO         1210    i.HAL_UART_IRQHandler  stm32f4xx_hal_uart.o
    0x08001d86   0x0000005e   Code   RO         1211    i.HAL_UART_Init     stm32f4xx_hal_uart.o
    0x08001de4   0x00000094   Code   RO         3865    i.HAL_UART_MspInit  usart.o
    0x08001e78   0x000000ca   Code   RO         1214    i.HAL_UART_Receive  stm32f4xx_hal_uart.o
    0x08001f42   0x00000002   Code   RO         1217    i.HAL_UART_RxCpltCallback  stm32f4xx_hal_uart.o
    0x08001f44   0x00000002   Code   RO         1222    i.HAL_UART_TxCpltCallback  stm32f4xx_hal_uart.o
    0x08001f46   0x00000002   Code   RO          296    i.HardFault_Handler  stm32f4xx_it.o
    0x08001f48   0x00000080   Code   RO         3962    i.KEY_Init          key.o
    0x08001fc8   0x00000048   Code   RO         3995    i.LCD_Clear         lcd.o
    0x08002010   0x000000f4   Code   RO         3999    i.LCD_Display_Dir   lcd.o
    0x08002104   0x000000f8   Code   RO         4004    i.LCD_Fast_DrawPoint  lcd.o
    0x080021fc   0x0000238c   Code   RO         4006    i.LCD_Init          lcd.o
    0x08004588   0x00000014   Code   RO         4008    i.LCD_RD_DATA       lcd.o
    0x0800459c   0x00000050   Code   RO         4011    i.LCD_SSD_BackLightSet  lcd.o
    0x080045ec   0x000001b8   Code   RO         4012    i.LCD_Scan_Dir      lcd.o
    0x080047a4   0x00000104   Code   RO         4013    i.LCD_SetCursor     lcd.o
    0x080048a8   0x000000dc   Code   RO         4015    i.LCD_ShowChar      lcd.o
    0x08004984   0x00000054   Code   RO         4017    i.LCD_ShowString    lcd.o
    0x080049d8   0x00000018   Code   RO         4019    i.LCD_WR_DATA       lcd.o
    0x080049f0   0x00000018   Code   RO         4020    i.LCD_WR_REG        lcd.o
    0x08004a08   0x00000014   Code   RO         4022    i.LCD_WriteRAM_Prepare  lcd.o
    0x08004a1c   0x00000010   Code   RO         4023    i.LCD_WriteReg      lcd.o
    0x08004a2c   0x00000014   Code   RO         3926    i.LED_0_Ctrl        led.o
    0x08004a40   0x00000014   Code   RO         3927    i.LED_1_Ctrl        led.o
    0x08004a54   0x0000004c   Code   RO         3928    i.LED_Init          led.o
    0x08004aa0   0x00000020   Code   RO         4273    i.LTDC_Clear        ltdc.o
    0x08004ac0   0x0000001e   Code   RO         4274    i.LTDC_Clk_Set      ltdc.o
    0x08004ade   0x00000002   PAD
    0x08004ae0   0x00000028   Code   RO         4276    i.LTDC_Display_Dir  ltdc.o
    0x08004b08   0x0000003c   Code   RO         4277    i.LTDC_Draw_Point   ltdc.o
    0x08004b44   0x000000b4   Code   RO         4278    i.LTDC_Fill         ltdc.o
    0x08004bf8   0x000001e8   Code   RO         4279    i.LTDC_Init         ltdc.o
    0x08004de0   0x0000005c   Code   RO         4280    i.LTDC_Layer_Parameter_Config  ltdc.o
    0x08004e3c   0x00000024   Code   RO         4282    i.LTDC_Layer_Window_Config  ltdc.o
    0x08004e60   0x000000b8   Code   RO         4283    i.LTDC_PanelID_Read  ltdc.o
    0x08004f18   0x00000162   Code   RO         3125    i.LTDC_SetConfig    stm32f4xx_hal_ltdc.o
    0x0800507a   0x00000002   Code   RO          297    i.MemManage_Handler  stm32f4xx_it.o
    0x0800507c   0x00000002   Code   RO          298    i.NMI_Handler       stm32f4xx_it.o
    0x0800507e   0x00000020   Code   RO          689    i.NVIC_SetPriority  stm32f4xx_hal_cortex.o
    0x0800509e   0x00000002   Code   RO          299    i.PendSV_Handler    stm32f4xx_it.o
    0x080050a0   0x00000012   Code   RO         3451    i.RTC_Bcd2ToByte    stm32f4xx_hal_rtc.o
    0x080050b2   0x00000016   Code   RO         3452    i.RTC_ByteToBcd2    stm32f4xx_hal_rtc.o
    0x080050c8   0x00000038   Code   RO         3453    i.RTC_EnterInitMode  stm32f4xx_hal_rtc.o
    0x08005100   0x000000a0   Code   RO         4390    i.RTC_Init          rtc.o
    0x080051a0   0x00000030   Code   RO         4391    i.RTC_read_Date     rtc.o
    0x080051d0   0x00000030   Code   RO         4392    i.RTC_read_Time     rtc.o
    0x08005200   0x00000020   Code   RO         4393    i.RTC_setDate       rtc.o
    0x08005220   0x00000020   Code   RO         4394    i.RTC_setTime       rtc.o
    0x08005240   0x00000060   Code   RO         4215    i.SDRAM_Init        sdram.o
    0x080052a0   0x00000050   Code   RO         4216    i.SDRAM_Initialization_Sequence  sdram.o
    0x080052f0   0x00000034   Code   RO         4217    i.SDRAM_Send_Cmd    sdram.o
    0x08005324   0x00000002   Code   RO          300    i.SVC_Handler       stm32f4xx_it.o
    0x08005326   0x00000002   PAD
    0x08005328   0x00000084   Code   RO         3838    i.Stm32_Clock_Init  sys.o
    0x080053ac   0x00000004   Code   RO          301    i.SysTick_Handler   stm32f4xx_it.o
    0x080053b0   0x00000054   Code   RO          373    i.SystemInit        system_stm32f4xx.o
    0x08005404   0x00000034   Code   RO         4441    i.TIM4_IRQHandler   usmart.o
    0x08005438   0x000000c0   Code   RO         1860    i.TIM_Base_SetConfig  stm32f4xx_hal_tim.o
    0x080054f8   0x00000054   Code   RO         4442    i.Timer4_Init       usmart.o
    0x0800554c   0x000000a6   Code   RO         1229    i.UART_Receive_IT   stm32f4xx_hal_uart.o
    0x080055f2   0x00000002   PAD
    0x080055f4   0x00000174   Code   RO         1230    i.UART_SetConfig    stm32f4xx_hal_uart.o
    0x08005768   0x00000066   Code   RO         1231    i.UART_Transmit_IT  stm32f4xx_hal_uart.o
    0x080057ce   0x00000092   Code   RO         1232    i.UART_WaitOnFlagUntilTimeout  stm32f4xx_hal_uart.o
    0x08005860   0x0000006c   Code   RO         3866    i.USART1_IRQHandler  usart.o
    0x080058cc   0x00000002   Code   RO          302    i.UsageFault_Handler  stm32f4xx_it.o
    0x080058ce   0x00000002   PAD
    0x080058d0   0x00000020   Code   RO         4850    i.__0printf$8       mc_w.l(printf8.o)
    0x080058f0   0x0000000e   Code   RO         4949    i.__scatterload_copy  mc_w.l(handlers.o)
    0x080058fe   0x00000002   Code   RO         4950    i.__scatterload_null  mc_w.l(handlers.o)
    0x08005900   0x0000000e   Code   RO         4951    i.__scatterload_zeroinit  mc_w.l(handlers.o)
    0x0800590e   0x00000002   PAD
    0x08005910   0x00000410   Code   RO         4857    i._printf_core      mc_w.l(printf8.o)
    0x08005d20   0x00000024   Code   RO         4858    i._printf_post_padding  mc_w.l(printf8.o)
    0x08005d44   0x0000002e   Code   RO         4859    i._printf_pre_padding  mc_w.l(printf8.o)
    0x08005d72   0x00000002   PAD
    0x08005d74   0x00000014   Code   RO         3799    i.delay_init        delay.o
    0x08005d88   0x0000001a   Code   RO         3800    i.delay_ms          delay.o
    0x08005da2   0x00000002   PAD
    0x08005da4   0x00000034   Code   RO         3801    i.delay_us          delay.o
    0x08005dd8   0x00000014   Code   RO         3868    i.fputc             usart.o
    0x08005dec   0x00000180   Code   RO            5    i.main              main.o
    0x08005f6c   0x00000004   Code   RO         4443    i.read_addr         usmart.o
    0x08005f70   0x00000024   Code   RO         3869    i.uart_init         usart.o
    0x08005f94   0x00000094   Code   RO         4444    i.usmart_cmd_rec    usmart.o
    0x08006028   0x00000260   Code   RO         4445    i.usmart_exe        usmart.o
    0x08006288   0x000000a4   Code   RO         4530    i.usmart_get_aparm  usmart_str.o
    0x0800632c   0x0000002e   Code   RO         4531    i.usmart_get_cmdname  usmart_str.o
    0x0800635a   0x00000002   PAD
    0x0800635c   0x00000168   Code   RO         4532    i.usmart_get_fname  usmart_str.o
    0x080064c4   0x000000d0   Code   RO         4533    i.usmart_get_fparam  usmart_str.o
    0x08006594   0x00000024   Code   RO         4534    i.usmart_get_parmpos  usmart_str.o
    0x080065b8   0x00000030   Code   RO         4446    i.usmart_get_runtime  usmart.o
    0x080065e8   0x00000028   Code   RO         4447    i.usmart_init       usmart.o
    0x08006610   0x00000010   Code   RO         4535    i.usmart_pow        usmart_str.o
    0x08006620   0x00000028   Code   RO         4448    i.usmart_reset_runtime  usmart.o
    0x08006648   0x000000a4   Code   RO         4449    i.usmart_scan       usmart.o
    0x080066ec   0x00000010   Code   RO         4536    i.usmart_search_nextc  usmart_str.o
    0x080066fc   0x000000d6   Code   RO         4537    i.usmart_str2num    usmart_str.o
    0x080067d2   0x00000018   Code   RO         4538    i.usmart_strcmp     usmart_str.o
    0x080067ea   0x00000012   Code   RO         4539    i.usmart_strcopy    usmart_str.o
    0x080067fc   0x00000012   Code   RO         4540    i.usmart_strlen     usmart_str.o
    0x0800680e   0x00000002   PAD
    0x08006810   0x00000680   Code   RO         4450    i.usmart_sys_cmd_exe  usmart.o
    0x08006e90   0x00000004   Code   RO         4451    i.write_addr        usmart.o
    0x08006e94   0x00000010   Data   RO         1068    .constdata          stm32f4xx_hal_rcc.o
    0x08006ea4   0x00004740   Data   RO         4026    .constdata          lcd.o
    0x0800b5e4   0x00000028   Data   RO         4453    .conststring        usmart.o
    0x0800b60c   0x000000c2   Data   RO         4609    .conststring        usmart_config.o
    0x0800b6ce   0x00000002   PAD
    0x0800b6d0   0x00000020   Data   RO         4947    Region$$Table       anon$$obj.o


    Execution Region RW_IRAM1 (Base: 0x20000000, Size: 0x00000850, Max: 0x00030000, ABSOLUTE, COMPRESSED[0x00000064])

    Base Addr    Size         Type   Attr      Idx    E Section Name        Object

    0x20000000   0x00000014   Data   RW          374    .data               system_stm32f4xx.o
    0x20000014   0x00000004   Data   RW          538    .data               stm32f4xx_hal.o
    0x20000018   0x00000004   Data   RW         3802    .data               delay.o
    0x2000001c   0x00000002   Data   RW         3871    .data               usart.o
    0x2000001e   0x00000002   PAD
    0x20000020   0x00000004   Data   RW         3872    .data               usart.o
    0x20000024   0x00000008   Data   RW         4027    .data               lcd.o
    0x2000002c   0x00000008   Data   RW         4290    .data               ltdc.o
    0x20000034   0x0000000b   Data   RW         4396    .data               rtc.o
    0x2000003f   0x00000001   PAD
    0x20000040   0x0000001c   Data   RW         4454    .data               usmart.o
    0x2000005c   0x00000028   Data   RW         4610    .data               usmart_config.o
    0x20000084   0x000000f4   Data   RW         4611    .data               usmart_config.o
    0x20000178   0x00000108   Zero   RW         3870    .bss                usart.o
    0x20000280   0x0000005e   Zero   RW         4025    .bss                lcd.o
    0x200002de   0x00000002   PAD
    0x200002e0   0x00000034   Zero   RW         4218    .bss                sdram.o
    0x20000314   0x000000c8   Zero   RW         4288    .bss                ltdc.o
    0x200003dc   0x00000034   Zero   RW         4395    .bss                rtc.o
    0x20000410   0x0000003c   Zero   RW         4452    .bss                usmart.o
    0x2000044c   0x00000004   PAD
    0x20000450   0x00000400   Zero   RW          505    STACK               startup_stm32f429xx.o



  Load Region LR$$.ARM.__AT_0xC0000000 (Base: 0xc0000000, Size: 0x00000000, Max: 0x001f4000, ABSOLUTE)

    Execution Region ER$$.ARM.__AT_0xC0000000 (Base: 0xc0000000, Size: 0x001f4000, Max: 0x001f4000, ABSOLUTE, UNINIT)

    Base Addr    Size         Type   Attr      Idx    E Section Name        Object

    0xc0000000   0x001f4000   Zero   RW         4287    .ARM.__AT_0xC0000000  ltdc.o


==============================================================================

Image component sizes


      Code (inc. data)   RO Data    RW Data    ZI Data      Debug   Object Name

        98          8          0          4          0       1871   delay.o
       128         18          0          0          0       1011   key.o
     10972        176      18240          8         94      18037   lcd.o
       116         16          0          0          0       1897   led.o
      1386        116          0          8    2048200       8984   ltdc.o
       384        148          0          0          0     457631   main.o
       320         50          0         11         52       3898   rtc.o
       448         46          0          0         52       3342   sdram.o
        36          8        428          0       1024        844   startup_stm32f429xx.o
       122         16          0          4          0       4216   stm32f4xx_hal.o
       218         14          0          0          0      30641   stm32f4xx_hal_cortex.o
       496         54          0          0          0       2999   stm32f4xx_hal_gpio.o
       856          4          0          0          0       4349   stm32f4xx_hal_ltdc.o
        24          4          0          0          0        559   stm32f4xx_hal_pwr.o
       136         14          0          0          0       1308   stm32f4xx_hal_pwr_ex.o
      1572         72         16          0          0       6115   stm32f4xx_hal_rcc.o
       680         36          0          0          0       1584   stm32f4xx_hal_rcc_ex.o
       910         26          0          0          0       7562   stm32f4xx_hal_rtc.o
        20          0          0          0          0       1651   stm32f4xx_hal_rtc_ex.o
       146          0          0          0          0       2564   stm32f4xx_hal_sdram.o
        86          0          0          0          0       1148   stm32f4xx_hal_sram.o
       272         44          0          0          0       3848   stm32f4xx_hal_tim.o
      1332          8          0          0          0       7962   stm32f4xx_hal_uart.o
        20          0          0          0          0       4130   stm32f4xx_it.o
       560         20          0          0          0       5484   stm32f4xx_ll_fmc.o
       132         10          0          0          0       1083   sys.o
        84         18          0         20          0       1085   system_stm32f4xx.o
       312         36          0          6        264       4307   usart.o
      2856       1354         40         28         60       7803   usmart.o
         0          0        194        284          0       1684   usmart_config.o
      1120         20          0          0          0       8235   usmart_str.o

    ----------------------------------------------------------------------
     25864       2336      18952        376    2049752     607832   Object Totals
         0          0         32          0          0          0   (incl. Generated)
        22          0          2          3          6          0   (incl. Padding)

    ----------------------------------------------------------------------

      Code (inc. data)   RO Data    RW Data    ZI Data      Debug   Library Member Name

        86          0          0          0          0          0   __dczerorl2.o
         0          0          0          0          0          0   entry.o
         0          0          0          0          0          0   entry10a.o
         0          0          0          0          0          0   entry11a.o
         8          4          0          0          0          0   entry2.o
         4          0          0          0          0          0   entry5.o
         0          0          0          0          0          0   entry7b.o
         0          0          0          0          0          0   entry8b.o
         8          4          0          0          0          0   entry9a.o
        30          0          0          0          0          0   handlers.o
        36          8          0          0          0         68   init.o
         0          0          0          0          0          0   iusefp.o
        30          0          0          0          0         68   llshl.o
        32          0          0          0          0         68   llushr.o
        36          0          0          0          0         68   memcpya.o
      1154         54          0          0          0        352   printf8.o
        98          0          0          0          0         92   uldiv.o
       186          0          0          0          0        176   depilogue.o
        50          0          0          0          0         76   dfixui.o
        26          0          0          0          0         76   dfltui.o
       228          0          0          0          0         96   dmul.o

    ----------------------------------------------------------------------
      2016         70          0          0          0       1140   Library Totals
         4          0          0          0          0          0   (incl. Padding)

    ----------------------------------------------------------------------

      Code (inc. data)   RO Data    RW Data    ZI Data      Debug   Library Name

      1522         70          0          0          0        716   mc_w.l
       490          0          0          0          0        424   mf_w.l

    ----------------------------------------------------------------------
      2016         70          0          0          0       1140   Library Totals

    ----------------------------------------------------------------------

==============================================================================


      Code (inc. data)   RO Data    RW Data    ZI Data      Debug   

     27880       2406      18952        376    2049752     595184   Grand Totals
     27880       2406      18952        100    2049752     595184   ELF Image Totals (compressed)
     27880       2406      18952        100          0          0   ROM Totals

==============================================================================

    Total RO  Size (Code + RO Data)                46832 (  45.73kB)
    Total RW  Size (RW Data + ZI Data)           2050128 (2002.08kB)
    Total ROM Size (Code + RO Data + RW Data)      46932 (  45.83kB)

==============================================================================

